Component: ARM Compiler 5.06 update 6 (build 750) Tool: armlink [4d35ed]

==============================================================================

Section Cross References

    startup_stm32f103xe.o(RESET) refers to startup_stm32f103xe.o(STACK) for __initial_sp
    startup_stm32f103xe.o(RESET) refers to startup_stm32f103xe.o(.text) for Reset_Handler
    startup_stm32f103xe.o(RESET) refers to stm32f1xx_it.o(i.NMI_Handler) for NMI_Handler
    startup_stm32f103xe.o(RESET) refers to stm32f1xx_it.o(i.HardFault_Handler) for HardFault_Handler
    startup_stm32f103xe.o(RESET) refers to stm32f1xx_it.o(i.MemManage_Handler) for MemManage_Handler
    startup_stm32f103xe.o(RESET) refers to stm32f1xx_it.o(i.BusFault_Handler) for BusFault_Handler
    startup_stm32f103xe.o(RESET) refers to stm32f1xx_it.o(i.UsageFault_Handler) for UsageFault_Handler
    startup_stm32f103xe.o(RESET) refers to port.o(.emb_text) for SVC_Handler
    startup_stm32f103xe.o(RESET) refers to stm32f1xx_it.o(i.DebugMon_Handler) for DebugMon_Handler
    startup_stm32f103xe.o(RESET) refers to port.o(i.SysTick_Handler) for SysTick_Handler
    startup_stm32f103xe.o(RESET) refers to stm32f1xx_it.o(i.TIM2_IRQHandler) for TIM2_IRQHandler
    startup_stm32f103xe.o(RESET) refers to stm32f1xx_it.o(i.TIM3_IRQHandler) for TIM3_IRQHandler
    startup_stm32f103xe.o(RESET) refers to stm32f1xx_it.o(i.TIM4_IRQHandler) for TIM4_IRQHandler
    startup_stm32f103xe.o(RESET) refers to uart.o(i.USART2_IRQHandler) for USART2_IRQHandler
    startup_stm32f103xe.o(RESET) refers to vision.o(i.USART3_IRQHandler) for USART3_IRQHandler
    startup_stm32f103xe.o(RESET) refers to stm32f1xx_it.o(i.TIM5_IRQHandler) for TIM5_IRQHandler
    startup_stm32f103xe.o(RESET) refers to gyro.o(i.UART4_IRQHandler) for UART4_IRQHandler
    startup_stm32f103xe.o(RESET) refers to stm32f1xx_it.o(i.UART5_IRQHandler) for UART5_IRQHandler
    startup_stm32f103xe.o(RESET) refers to delay.o(i.TIM6_IRQHandler) for TIM6_IRQHandler
    startup_stm32f103xe.o(RESET) refers to stm32f1xx_it.o(i.TIM7_IRQHandler) for TIM7_IRQHandler
    startup_stm32f103xe.o(RESET) refers to stm32f1xx_it.o(i.DMA2_Channel3_IRQHandler) for DMA2_Channel3_IRQHandler
    startup_stm32f103xe.o(.text) refers to system_stm32f1xx.o(i.SystemInit) for SystemInit
    startup_stm32f103xe.o(.text) refers to entry.o(.ARM.Collect$$$$00000000) for __main
    main.o(i.HAL_TIM_PeriodElapsedCallback) refers to stm32f1xx_hal.o(i.HAL_IncTick) for HAL_IncTick
    main.o(i.SystemClock_Config) refers to memseta.o(.text) for __aeabi_memclr4
    main.o(i.SystemClock_Config) refers to stm32f1xx_hal_rcc.o(i.HAL_RCC_OscConfig) for HAL_RCC_OscConfig
    main.o(i.SystemClock_Config) refers to main.o(i.Error_Handler) for Error_Handler
    main.o(i.SystemClock_Config) refers to stm32f1xx_hal_rcc.o(i.HAL_RCC_ClockConfig) for HAL_RCC_ClockConfig
    main.o(i.main) refers to stm32f1xx_hal.o(i.HAL_Init) for HAL_Init
    main.o(i.main) refers to main.o(i.SystemClock_Config) for SystemClock_Config
    main.o(i.main) refers to gpio.o(i.MX_GPIO_Init) for MX_GPIO_Init
    main.o(i.main) refers to tim.o(i.MX_TIM1_Init) for MX_TIM1_Init
    main.o(i.main) refers to tim.o(i.MX_TIM2_Init) for MX_TIM2_Init
    main.o(i.main) refers to tim.o(i.MX_TIM3_Init) for MX_TIM3_Init
    main.o(i.main) refers to tim.o(i.MX_TIM4_Init) for MX_TIM4_Init
    main.o(i.main) refers to tim.o(i.MX_TIM5_Init) for MX_TIM5_Init
    main.o(i.main) refers to tim.o(i.MX_TIM8_Init) for MX_TIM8_Init
    main.o(i.main) refers to dma.o(i.MX_DMA_Init) for MX_DMA_Init
    main.o(i.main) refers to usart.o(i.MX_UART4_Init) for MX_UART4_Init
    main.o(i.main) refers to usart.o(i.MX_UART5_Init) for MX_UART5_Init
    main.o(i.main) refers to usart.o(i.MX_USART3_UART_Init) for MX_USART3_UART_Init
    main.o(i.main) refers to start_task.o(i.Start_task_create) for Start_task_create
    main.o(i.main) refers to cmsis_os.o(i.osKernelStart) for osKernelStart
    gpio.o(i.MX_GPIO_Init) refers to stm32f1xx_hal_gpio.o(i.HAL_GPIO_Init) for HAL_GPIO_Init
    freertos.o(i.MX_FREERTOS_Init) refers to memmovea.o(.text) for __aeabi_memcpy4
    freertos.o(i.MX_FREERTOS_Init) refers to cmsis_os.o(i.osThreadCreate) for osThreadCreate
    freertos.o(i.MX_FREERTOS_Init) refers to freertos.o(.constdata) for .constdata
    freertos.o(i.MX_FREERTOS_Init) refers to freertos.o(.data) for defaultTaskHandle
    freertos.o(i.StartDefaultTask) refers to cmsis_os.o(i.osDelay) for osDelay
    freertos.o(i.vApplicationGetIdleTaskMemory) refers to freertos.o(.bss) for xIdleTaskTCBBuffer
    freertos.o(.constdata) refers to freertos.o(.conststring) for .conststring
    freertos.o(.constdata) refers to freertos.o(i.StartDefaultTask) for StartDefaultTask
    dma.o(i.MX_DMA_Init) refers to stm32f1xx_hal_cortex.o(i.HAL_NVIC_SetPriority) for HAL_NVIC_SetPriority
    dma.o(i.MX_DMA_Init) refers to stm32f1xx_hal_cortex.o(i.HAL_NVIC_EnableIRQ) for HAL_NVIC_EnableIRQ
[...]
    i.vPortFree                              0x08008994   Section        0  heap_4.o(i.vPortFree)
    i.vPortSetupTimerInterrupt               0x08008a28   Section        0  port.o(i.vPortSetupTimerInterrupt)
    i.vTaskDelay                             0x08008a50   Section        0  tasks.o(i.vTaskDelay)
    i.vTaskDelete                            0x08008aac   Section        0  tasks.o(i.vTaskDelete)
    i.vTaskStartScheduler                    0x08008ba0   Section        0  tasks.o(i.vTaskStartScheduler)
    i.vTaskSuspendAll                        0x08008c50   Section        0  tasks.o(i.vTaskSuspendAll)
    i.vTaskSwitchContext                     0x08008c60   Section        0  tasks.o(i.vTaskSwitchContext)
    i.vision_receive_init                    0x08008cec   Section        0  vision.o(i.vision_receive_init)
    i.write_addr                             0x08008d14   Section        0  usmart.o(i.write_addr)
    i.xPortStartScheduler                    0x08008d18   Section        0  port.o(i.xPortStartScheduler)
    i.xTaskCreate                            0x08008e10   Section        0  tasks.o(i.xTaskCreate)
    i.xTaskCreateStatic                      0x08008e74   Section        0  tasks.o(i.xTaskCreateStatic)
    i.xTaskGetTickCount                      0x08008f2c   Section        0  tasks.o(i.xTaskGetTickCount)
    i.xTaskIncrementTick                     0x08008f38   Section        0  tasks.o(i.xTaskIncrementTick)
    i.xTaskResumeAll                         0x08009080   Section        0  tasks.o(i.xTaskResumeAll)
    .constdata                               0x08009184   Section       24  system_stm32f1xx.o(.constdata)
    .conststring                             0x0800919c   Section      120  usmart.o(.conststring)
    .conststring                             0x08009214   Section      116  usmart_config.o(.conststring)
    .data                                    0x20000000   Section        9  stm32f1xx_hal.o(.data)
    .data                                    0x2000000c   Section        4  system_stm32f1xx.o(.data)
    .data                                    0x20000010   Section       60  tasks.o(.data)
    pxDelayedTaskList                        0x20000014   Data           4  tasks.o(.data)
    pxOverflowDelayedTaskList                0x20000018   Data           4  tasks.o(.data)
    uxDeletedTasksWaitingCleanUp             0x2000001c   Data           4  tasks.o(.data)
    uxCurrentNumberOfTasks                   0x20000020   Data           4  tasks.o(.data)
    xTickCount                               0x20000024   Data           4  tasks.o(.data)
    uxTopReadyPriority                       0x20000028   Data           4  tasks.o(.data)
    xSchedulerRunning                        0x2000002c   Data           4  tasks.o(.data)
    uxPendedTicks                            0x20000030   Data           4  tasks.o(.data)
    xYieldPending                            0x20000034   Data           4  tasks.o(.data)
    xNumOfOverflows                          0x20000038   Data           4  tasks.o(.data)
    uxTaskNumber                             0x2000003c   Data           4  tasks.o(.data)
    xNextTaskUnblockTime                     0x20000040   Data           4  tasks.o(.data)
    xIdleTaskHandle                          0x20000044   Data           4  tasks.o(.data)
    uxSchedulerSuspended                     0x20000048   Data           4  tasks.o(.data)
    .data                                    0x2000004c   Section       24  heap_4.o(.data)
    xStart                                   0x2000004c   Data           8  heap_4.o(.data)
    pxEnd                                    0x20000054   Data           4  heap_4.o(.data)
    xFreeBytesRemaining                      0x20000058   Data           4  heap_4.o(.data)
    xMinimumEverFreeBytesRemaining           0x2000005c   Data           4  heap_4.o(.data)
    xBlockAllocatedBit                       0x20000060   Data           4  heap_4.o(.data)
    .data                                    0x20000064   Section       12  port.o(.data)
    uxCriticalNesting                        0x20000064   Data           4  port.o(.data)
    ucMaxSysCallPriority                     0x20000068   Data           1  port.o(.data)
    ulMaxPRIGROUPValue                       0x2000006c   Data           4  port.o(.data)
    .data                                    0x20000070   Section        7  uart.o(.data)
    .data                                    0x20000078   Section       28  usmart.o(.data)
    .data                                    0x20000094   Section      268  usmart_config.o(.data)
    .data                                    0x200001a0   Section        1  delay.o(.data)
    mouse                                    0x200001a0   Data           1  delay.o(.data)
    .data                                    0x200001a1   Section        1  gyro.o(.data)
    .data                                    0x200001a4   Section       12  main_task.o(.data)
    .data                                    0x200001b0   Section       35  motor_task.o(.data)
    times                                    0x200001d2   Data           1  motor_task.o(.data)
    .data                                    0x200001d4   Section        4  start_task.o(.data)
    .data                                    0x200001d8   Section       24  encoder.o(.data)
    .data                                    0x200001f0   Section        1  vision.o(.data)
    .bss                                     0x200001f4   Section      596  freertos.o(.bss)
    xIdleTaskTCBBuffer                       0x200001f4   Data          84  freertos.o(.bss)
    xIdleStack                               0x20000248   Data         512  freertos.o(.bss)
    .bss                                     0x20000448   Section      432  tim.o(.bss)
    .bss                                     0x200005f8   Section      340  usart.o(.bss)
    .bss                                     0x2000074c   Section       72  stm32f1xx_hal_timebase_tim.o(.bss)
    .bss                                     0x20000794   Section      240  tasks.o(.bss)
    pxReadyTasksLists                        0x20000794   Data         140  tasks.o(.bss)
    xDelayedTaskList1                        0x20000820   Data          20  tasks.o(.bss)
    xDelayedTaskList2                        0x20000834   Data          20  tasks.o(.bss)
    xPendingReadyList                        0x20000848   Data          20  tasks.o(.bss)
    xTasksWaitingTermination                 0x2000085c   Data          20  tasks.o(.bss)
    xSuspendedTaskList                       0x20000870   Data          20  tasks.o(.bss)
    .bss                                     0x20000884   Section    20480  heap_4.o(.bss)
    ucHeap                                   0x20000884   Data       20480  heap_4.o(.bss)
    .bss                                     0x20005884   Section      168  pid.o(.bss)
    .bss                                     0x2000592c   Section       24  speed_ctrl.o(.bss)
    .bss                                     0x20005944   Section      268  uart.o(.bss)
    .bss                                     0x20005a50   Section       84  delay.o(.bss)
    .bss                                     0x20005aa4   Section       40  gyro.o(.bss)
    .bss                                     0x20005acc   Section      592  encoder.o(.bss)
    .bss                                     0x20005d1c   Section      432  motor.o(.bss)
    .bss                                     0x20005ecc   Section      188  servo.o(.bss)
    .bss                                     0x20005f88   Section       40  vision.o(.bss)
    STACK                                    0x20005fb0   Section     1024  startup_stm32f103xe.o(STACK)

    Global Symbols

    Symbol Name                              Value     Ov Type        Size  Object(Section)

    BuildAttributes$$THM_ISAv4$P$D$K$B$S$PE$A:L22UL41UL21$X:L11$S22US41US21$IEEE1$IW$USESV6$~STKCKD$USESV7$~SHL$OTIME$ROPI$IEEEX$EBA8$MICROLIB$REQ8$PRES8$EABIv2 0x00000000   Number         0  anon$$obj.o ABSOLUTE
    __ARM_use_no_argv                        0x00000000   Number         0  main.o ABSOLUTE
    __use_no_errno                           0x00000000   Number         0  useno.o ABSOLUTE
    __use_no_exception_handling              0x00000000   Number         0  useno.o ABSOLUTE
    __use_no_fp                              0x00000000   Number         0  useno.o ABSOLUTE
    __use_no_heap                            0x00000000   Number         0  useno.o ABSOLUTE
    __use_no_heap_region                     0x00000000   Number         0  useno.o ABSOLUTE
    __use_no_semihosting                     0x00000000   Number         0  useno.o ABSOLUTE
    __use_no_semihosting_swi                 0x00000000   Number         0  useno.o ABSOLUTE
    __use_no_signal_handling                 0x00000000   Number         0  useno.o ABSOLUTE
    _printf_a                                0x00000000   Number         0  stubs.o ABSOLUTE
    _printf_c                                0x00000000   Number         0  stubs.o ABSOLUTE
    _printf_charcount                        0x00000000   Number         0  stubs.o ABSOLUTE
    _printf_d                                0x00000000   Number         0  stubs.o ABSOLUTE
    _printf_e                                0x00000000   Number         0  stubs.o ABSOLUTE
    _printf_f                                0x00000000   Number         0  stubs.o ABSOLUTE
    _printf_flags                            0x00000000   Number         0  stubs.o ABSOLUTE
    _printf_fp_dec                           0x00000000   Number         0  stubs.o ABSOLUTE
    _printf_fp_hex                           0x00000000   Number         0  stubs.o ABSOLUTE
    _printf_g                                0x00000000   Number         0  stubs.o ABSOLUTE
    _printf_i                                0x00000000   Number         0  stubs.o ABSOLUTE
    _printf_int_dec                          0x00000000   Number         0  stubs.o ABSOLUTE
    _printf_l                                0x00000000   Number         0  stubs.o ABSOLUTE
    _printf_lc                               0x00000000   Number         0  stubs.o ABSOLUTE
    _printf_ll                               0x00000000   Number         0  stubs.o ABSOLUTE
    _printf_lld                              0x00000000   Number         0  stubs.o ABSOLUTE
    _printf_lli                              0x00000000   Number         0  stubs.o ABSOLUTE
    _printf_llo                              0x00000000   Number         0  stubs.o ABSOLUTE
    _printf_llu                              0x00000000   Number         0  stubs.o ABSOLUTE
    _printf_llx                              0x00000000   Number         0  stubs.o ABSOLUTE
    _printf_longlong_dec                     0x00000000   Number         0  stubs.o ABSOLUTE
    _printf_longlong_hex                     0x00000000   Number         0  stubs.o ABSOLUTE
    _printf_longlong_oct                     0x00000000   Number         0  stubs.o ABSOLUTE
    _printf_ls                               0x00000000   Number         0  stubs.o ABSOLUTE
    _printf_mbtowc                           0x00000000   Number         0  stubs.o ABSOLUTE
    _printf_n                                0x00000000   Number         0  stubs.o ABSOLUTE
    _printf_o                                0x00000000   Number         0  stubs.o ABSOLUTE
    _printf_p                                0x00000000   Number         0  stubs.o ABSOLUTE
    _printf_percent                          0x00000000   Number         0  stubs.o ABSOLUTE
    _printf_pre_padding                      0x00000000   Number         0  stubs.o ABSOLUTE
    _printf_return_value                     0x00000000   Number         0  stubs.o ABSOLUTE
    _printf_s                                0x00000000   Number         0  stubs.o ABSOLUTE
    _printf_sizespec                         0x00000000   Number         0  stubs.o ABSOLUTE
    _printf_str                              0x00000000   Number         0  stubs.o ABSOLUTE
    _printf_truncate_signed                  0x00000000   Number         0  stubs.o ABSOLUTE
    _printf_truncate_unsigned                0x00000000   Number         0  stubs.o ABSOLUTE
    _printf_u                                0x00000000   Number         0  stubs.o ABSOLUTE
    _printf_wc                               0x00000000   Number         0  stubs.o ABSOLUTE
    _printf_wctomb                           0x00000000   Number         0  stubs.o ABSOLUTE
    _printf_widthprec                        0x00000000   Number         0  stubs.o ABSOLUTE
    _printf_x                                0x00000000   Number         0  stubs.o ABSOLUTE
    __cpp_initialize__aeabi_                  - Undefined Weak Reference
    __cxa_finalize                            - Undefined Weak Reference
    _clock_init                               - Undefined Weak Reference
    _microlib_exit                            - Undefined Weak Reference
    __Vectors_Size                           0x00000130   Number         0  startup_stm32f103xe.o ABSOLUTE
    __Vectors                                0x08000000   Data           4  startup_stm32f103xe.o(RESET)
    __Vectors_End                            0x08000130   Data           0  startup_stm32f103xe.o(RESET)
    __main                                   0x08000131   Thumb Code     0  entry.o(.ARM.Collect$$$$00000000)
    _main_stk                                0x08000131   Thumb Code     0  entry2.o(.ARM.Collect$$$$00000001)
    _main_scatterload                        0x08000135   Thumb Code     0  entry5.o(.ARM.Collect$$$$00000004)
    __main_after_scatterload                 0x08000139   Thumb Code     0  entry5.o(.ARM.Collect$$$$00000004)
    _main_clock                              0x08000139   Thumb Code     0  entry7b.o(.ARM.Collect$$$$00000008)
    _main_cpp_init                           0x08000139   Thumb Code     0  entry8b.o(.ARM.Collect$$$$0000000A)
    _main_init                               0x08000139   Thumb Code     0  entry9a.o(.ARM.Collect$$$$0000000B)
    __rt_final_cpp                           0x08000141   Thumb Code     0  entry10a.o(.ARM.Collect$$$$0000000D)
    __rt_final_exit                          0x08000141   Thumb Code     0  entry11a.o(.ARM.Collect$$$$0000000F)
    SVC_Handler                              0x08000145   Thumb Code    32  port.o(.emb_text)
    __asm___6_port_c_39a90d8d__prvStartFirstTask 0x08000169   Thumb Code    28  port.o(.emb_text)
    PendSV_Handler                           0x08000189   Thumb Code    72  port.o(.emb_text)
    vPortGetIPSR                             0x080001d5   Thumb Code     6  port.o(.emb_text)
    Reset_Handler                            0x080001dd   Thumb Code     8  startup_stm32f103xe.o(.text)
    ADC1_2_IRQHandler                        0x080001f7   Thumb Code     0  startup_stm32f103xe.o(.text)
    ADC3_IRQHandler                          0x080001f7   Thumb Code     0  startup_stm32f103xe.o(.text)
    CAN1_RX1_IRQHandler                      0x080001f7   Thumb Code     0  startup_stm32f103xe.o(.text)
    CAN1_SCE_IRQHandler                      0x080001f7   Thumb Code     0  startup_stm32f103xe.o(.text)
    DMA1_Channel1_IRQHandler                 0x080001f7   Thumb Code     0  startup_stm32f103xe.o(.text)
    DMA1_Channel2_IRQHandler                 0x080001f7   Thumb Code     0  startup_stm32f103xe.o(.text)
    DMA1_Channel3_IRQHandler                 0x080001f7   Thumb Code     0  startup_stm32f103xe.o(.text)
    DMA1_Channel4_IRQHandler                 0x080001f7   Thumb Code     0  startup_stm32f103xe.o(.text)
    DMA1_Channel5_IRQHandler                 0x080001f7   Thumb Code     0  startup_stm32f103xe.o(.text)
    DMA1_Channel6_IRQHandler                 0x080001f7   Thumb Code     0  startup_stm32f103xe.o(.text)
    DMA1_Channel7_IRQHandler                 0x080001f7   Thumb Code     0  startup_stm32f103xe.o(.text)
    DMA2_Channel1_IRQHandler                 0x080001f7   Thumb Code     0  startup_stm32f103xe.o(.text)
    DMA2_Channel2_IRQHandler                 0x080001f7   Thumb Code     0  startup_stm32f103xe.o(.text)
    DMA2_Channel4_5_IRQHandler               0x080001f7   Thumb Code     0  startup_stm32f103xe.o(.text)
    EXTI0_IRQHandler                         0x080001f7   Thumb Code     0  startup_stm32f103xe.o(.text)
    EXTI15_10_IRQHandler                     0x080001f7   Thumb Code     0  startup_stm32f103xe.o(.text)
    EXTI1_IRQHandler                         0x080001f7   Thumb Code     0  startup_stm32f103xe.o(.text)
    EXTI2_IRQHandler                         0x080001f7   Thumb Code     0  startup_stm32f103xe.o(.text)
    EXTI3_IRQHandler                         0x080001f7   Thumb Code     0  startup_stm32f103xe.o(.text)
    EXTI4_IRQHandler                         0x080001f7   Thumb Code     0  startup_stm32f103xe.o(.text)
    EXTI9_5_IRQHandler                       0x080001f7   Thumb Code     0  startup_stm32f103xe.o(.text)
    FLASH_IRQHandler                         0x080001f7   Thumb Code     0  startup_stm32f103xe.o(.text)
    FSMC_IRQHandler                          0x080001f7   Thumb Code     0  startup_stm32f103xe.o(.text)
    I2C1_ER_IRQHandler                       0x080001f7   Thumb Code     0  startup_stm32f103xe.o(.text)
    I2C1_EV_IRQHandler                       0x080001f7   Thumb Code     0  startup_stm32f103xe.o(.text)
    I2C2_ER_IRQHandler                       0x080001f7   Thumb Code     0  startup_stm32f103xe.o(.text)
    I2C2_EV_IRQHandler                       0x080001f7   Thumb Code     0  startup_stm32f103xe.o(.text)
    PVD_IRQHandler                           0x080001f7   Thumb Code     0  startup_stm32f103xe.o(.text)
    RCC_IRQHandler                           0x080001f7   Thumb Code     0  startup_stm32f103xe.o(.text)
    RTC_Alarm_IRQHandler                     0x080001f7   Thumb Code     0  startup_stm32f103xe.o(.text)
    RTC_IRQHandler                           0x080001f7   Thumb Code     0  startup_stm32f103xe.o(.text)
    SDIO_IRQHandler                          0x080001f7   Thumb Code     0  startup_stm32f103xe.o(.text)
    SPI1_IRQHandler                          0x080001f7   Thumb Code     0  startup_stm32f103xe.o(.text)
    SPI2_IRQHandler                          0x080001f7   Thumb Code     0  startup_stm32f103xe.o(.text)
    SPI3_IRQHandler                          0x080001f7   Thumb Code     0  startup_stm32f103xe.o(.text)
    TAMPER_IRQHandler                        0x080001f7   Thumb Code     0  startup_stm32f103xe.o(.text)
    TIM1_BRK_IRQHandler                      0x080001f7   Thumb Code     0  startup_stm32f103xe.o(.text)
    TIM1_CC_IRQHandler                       0x080001f7   Thumb Code     0  startup_stm32f103xe.o(.text)
    TIM1_TRG_COM_IRQHandler                  0x080001f7   Thumb Code     0  startup_stm32f103xe.o(.text)
    TIM1_UP_IRQHandler                       0x080001f7   Thumb Code     0  startup_stm32f103xe.o(.text)
    TIM8_BRK_IRQHandler                      0x080001f7   Thumb Code     0  startup_stm32f103xe.o(.text)
    TIM8_CC_IRQHandler                       0x080001f7   Thumb Code     0  startup_stm32f103xe.o(.text)
    TIM8_TRG_COM_IRQHandler                  0x080001f7   Thumb Code     0  startup_stm32f103xe.o(.text)
    TIM8_UP_IRQHandler                       0x080001f7   Thumb Code     0  startup_stm32f103xe.o(.text)
    USART1_IRQHandler                        0x080001f7   Thumb Code     0  startup_stm32f103xe.o(.text)
    USBWakeUp_IRQHandler                     0x080001f7   Thumb Code     0  startup_stm32f103xe.o(.text)
    USB_HP_CAN1_TX_IRQHandler                0x080001f7   Thumb Code     0  startup_stm32f103xe.o(.text)
    USB_LP_CAN1_RX0_IRQHandler               0x080001f7   Thumb Code     0  startup_stm32f103xe.o(.text)
    WWDG_IRQHandler                          0x080001f7   Thumb Code     0  startup_stm32f103xe.o(.text)
    __aeabi_llsr                             0x08000201   Thumb Code    32  llushr.o(.text)
    _ll_ushift_r                             0x08000201   Thumb Code     0  llushr.o(.text)
    ___aeabi_memcpy8$move                    0x08000221   Thumb Code     0  memmovea.o(.text)
    __aeabi_memcpy                           0x08000221   Thumb Code    64  memmovea.o(.text)
    __aeabi_memcpy4                          0x08000221   Thumb Code     0  memmovea.o(.text)
    __aeabi_memmove                          0x08000221   Thumb Code     0  memmovea.o(.text)
    __aeabi_memmove4                         0x08000221   Thumb Code     0  memmovea.o(.text)
    __aeabi_memmove8                         0x08000221   Thumb Code     0  memmovea.o(.text)
    __aeabi_memset                           0x08000261   Thumb Code    14  memseta.o(.text)
    __aeabi_memset4                          0x08000261   Thumb Code     0  memseta.o(.text)
    __aeabi_memset8                          0x08000261   Thumb Code     0  memseta.o(.text)
    __aeabi_memclr                           0x0800026f   Thumb Code     4  memseta.o(.text)
    __aeabi_memclr4                          0x0800026f   Thumb Code     0  memseta.o(.text)
    __aeabi_memclr8                          0x0800026f   Thumb Code     0  memseta.o(.text)
    memset                                   0x08000273   Thumb Code    18  memseta.o(.text)
    __aeabi_fadd                             0x08000285   Thumb Code   164  fadd.o(.text)
    __aeabi_fsub                             0x08000329   Thumb Code     6  fadd.o(.text)
    __aeabi_frsub                            0x0800032f   Thumb Code     6  fadd.o(.text)
    __aeabi_fmul                             0x08000335   Thumb Code   100  fmul.o(.text)
    __aeabi_fdiv                             0x08000399   Thumb Code   124  fdiv.o(.text)
    __aeabi_dadd                             0x08000415   Thumb Code   322  dadd.o(.text)
    __aeabi_dsub                             0x08000557   Thumb Code     6  dadd.o(.text)
    __aeabi_drsub                            0x0800055d   Thumb Code     6  dadd.o(.text)
    __aeabi_dmul                             0x08000563   Thumb Code   228  dmul.o(.text)
    __aeabi_ddiv                             0x08000647   Thumb Code   222  ddiv.o(.text)
    __aeabi_ui2f                             0x08000725   Thumb Code    10  ffltui.o(.text)
    __aeabi_i2d                              0x0800072f   Thumb Code    34  dflti.o(.text)
    __aeabi_f2iz                             0x08000751   Thumb Code    50  ffixi.o(.text)
    __aeabi_f2d                              0x08000783   Thumb Code    38  f2d.o(.text)
    __aeabi_cdrcmple                         0x080007a9   Thumb Code    48  cdrcmple.o(.text)
    __aeabi_d2f                              0x080007d9   Thumb Code    56  d2f.o(.text)
    __aeabi_cfcmpeq                          0x08000811   Thumb Code     0  cfcmple.o(.text)
    __aeabi_cfcmple                          0x08000811   Thumb Code    20  cfcmple.o(.text)
    __aeabi_cfrcmple                         0x08000825   Thumb Code    20  cfrcmple.o(.text)
    __aeabi_uidiv                            0x08000839   Thumb Code     0  uidiv.o(.text)
    __aeabi_uidivmod                         0x08000839   Thumb Code    44  uidiv.o(.text)
    __aeabi_uldivmod                         0x08000865   Thumb Code    98  uldiv.o(.text)
    __aeabi_llsl                             0x080008c7   Thumb Code    30  llshl.o(.text)
    _ll_shift_l                              0x080008c7   Thumb Code     0  llshl.o(.text)
    __aeabi_lasr                             0x080008e5   Thumb Code    36  llsshr.o(.text)
    _ll_sshift_r                             0x080008e5   Thumb Code     0  llsshr.o(.text)
    __I$use$fp                               0x08000909   Thumb Code     0  iusefp.o(.text)
    _float_round                             0x08000909   Thumb Code    18  fepilogue.o(.text)
    _float_epilogue                          0x0800091b   Thumb Code    92  fepilogue.o(.text)
    _double_round                            0x08000977   Thumb Code    30  depilogue.o(.text)
    _double_epilogue                         0x08000995   Thumb Code   156  depilogue.o(.text)
    __aeabi_d2ulz                            0x08000a31   Thumb Code    48  dfixul.o(.text)
    __scatterload                            0x08000a61   Thumb Code    28  init.o(.text)
    __scatterload_rt2                        0x08000a61   Thumb Code     0  init.o(.text)
    __decompress                             0x08000a85   Thumb Code     0  __dczerorl2.o(.text)
    __decompress1                            0x08000a85   Thumb Code    86  __dczerorl2.o(.text)
    BusFault_Handler                         0x08000adb   Thumb Code     4  stm32f1xx_it.o(i.BusFault_Handler)
    Calculate_angle                          0x08000adf   Thumb Code    52  servo.o(i.Calculate_angle)
    DMA2_Channel3_IRQHandler                 0x08000b15   Thumb Code    10  stm32f1xx_it.o(i.DMA2_Channel3_IRQHandler)
    DebugMon_Handler                         0x08000b51   Thumb Code     2  stm32f1xx_it.o(i.DebugMon_Handler)
    Encoder_init                             0x08000b55   Thumb Code  1342  encoder.o(i.Encoder_init)
    Error_Handler                            0x080010a1   Thumb Code     6  main.o(i.Error_Handler)
    GYRO_Start                               0x080010a9   Thumb Code    86  start_task.o(i.GYRO_Start)
    HAL_DMA_Abort                            0x08001109   Thumb Code    86  stm32f1xx_hal_dma.o(i.HAL_DMA_Abort)
    HAL_DMA_Abort_IT                         0x08001161   Thumb Code   414  stm32f1xx_hal_dma.o(i.HAL_DMA_Abort_IT)
    HAL_DMA_IRQHandler                       0x08001309   Thumb Code   910  stm32f1xx_hal_dma.o(i.HAL_DMA_IRQHandler)
    HAL_DMA_Init                             0x080016a1   Thumb Code   132  stm32f1xx_hal_dma.o(i.HAL_DMA_Init)
    HAL_DMA_Start_IT                         0x0800172d   Thumb Code   156  stm32f1xx_hal_dma.o(i.HAL_DMA_Start_IT)
    HAL_Delay                                0x080017c9   Thumb Code    36  stm32f1xx_hal.o(i.HAL_Delay)
    HAL_GPIO_Init                            0x080017f1   Thumb Code   792  stm32f1xx_hal_gpio.o(i.HAL_GPIO_Init)
    HAL_GPIO_ReadPin                         0x08001b31   Thumb Code    16  stm32f1xx_hal_gpio.o(i.HAL_GPIO_ReadPin)
    HAL_GPIO_TogglePin                       0x08001b41   Thumb Code    20  stm32f1xx_hal_gpio.o(i.HAL_GPIO_TogglePin)
    HAL_GPIO_WritePin                        0x08001b55   Thumb Code    12  stm32f1xx_hal_gpio.o(i.HAL_GPIO_WritePin)
    HAL_GetTick                              0x08001b61   Thumb Code     6  stm32f1xx_hal.o(i.HAL_GetTick)
    HAL_IncTick                              0x08001b6d   Thumb Code    16  stm32f1xx_hal.o(i.HAL_IncTick)
    HAL_Init                                 0x08001b85   Thumb Code    34  stm32f1xx_hal.o(i.HAL_Init)
    HAL_InitTick                             0x08001bad   Thumb Code   118  stm32f1xx_hal_timebase_tim.o(i.HAL_InitTick)
    HAL_MspInit                              0x08001c35   Thumb Code    86  stm32f1xx_hal_msp.o(i.HAL_MspInit)
    HAL_NVIC_EnableIRQ                       0x08001c95   Thumb Code    32  stm32f1xx_hal_cortex.o(i.HAL_NVIC_EnableIRQ)
    HAL_NVIC_SetPriority                     0x08001cb5   Thumb Code   124  stm32f1xx_hal_cortex.o(i.HAL_NVIC_SetPriority)
    HAL_NVIC_SetPriorityGrouping             0x08001d31   Thumb Code    32  stm32f1xx_hal_cortex.o(i.HAL_NVIC_SetPriorityGrouping)
    HAL_RCC_ClockConfig                      0x08001d59   Thumb Code   376  stm32f1xx_hal_rcc.o(i.HAL_RCC_ClockConfig)
    HAL_RCC_GetClockConfig                   0x08001ee5   Thumb Code    58  stm32f1xx_hal_rcc.o(i.HAL_RCC_GetClockConfig)
    HAL_RCC_GetHCLKFreq                      0x08001f29   Thumb Code     6  stm32f1xx_hal_rcc.o(i.HAL_RCC_GetHCLKFreq)
    HAL_RCC_GetPCLK1Freq                     0x08001f35   Thumb Code    22  stm32f1xx_hal_rcc.o(i.HAL_RCC_GetPCLK1Freq)
    HAL_RCC_GetPCLK2Freq                     0x08001f55   Thumb Code    22  stm32f1xx_hal_rcc.o(i.HAL_RCC_GetPCLK2Freq)
    HAL_RCC_GetSysClockFreq                  0x08001f75   Thumb Code   116  stm32f1xx_hal_rcc.o(i.HAL_RCC_GetSysClockFreq)
    HAL_RCC_OscConfig                        0x08002009   Thumb Code  1114  stm32f1xx_hal_rcc.o(i.HAL_RCC_OscConfig)
    HAL_TIMEx_BreakCallback                  0x0800246d   Thumb Code     2  stm32f1xx_hal_tim_ex.o(i.HAL_TIMEx_BreakCallback)
    HAL_TIMEx_CommutCallback                 0x0800246f   Thumb Code     2  stm32f1xx_hal_tim_ex.o(i.HAL_TIMEx_CommutCallback)
    HAL_TIMEx_ConfigBreakDeadTime            0x08002471   Thumb Code   116  stm32f1xx_hal_tim_ex.o(i.HAL_TIMEx_ConfigBreakDeadTime)
    HAL_TIMEx_MasterConfigSynchronization    0x080024e5   Thumb Code   134  stm32f1xx_hal_tim_ex.o(i.HAL_TIMEx_MasterConfigSynchronization)
    HAL_TIM_Base_Init                        0x08002581   Thumb Code   102  stm32f1xx_hal_tim.o(i.HAL_TIM_Base_Init)
    HAL_TIM_Base_MspInit                     0x080025e9   Thumb Code   562  tim.o(i.HAL_TIM_Base_MspInit)
    HAL_TIM_Base_Start_IT                    0x08002841   Thumb Code   122  stm32f1xx_hal_tim.o(i.HAL_TIM_Base_Start_IT)
    HAL_TIM_ConfigClockSource                0x080028d1   Thumb Code   264  stm32f1xx_hal_tim.o(i.HAL_TIM_ConfigClockSource)
    HAL_TIM_IC_CaptureCallback               0x080029d9   Thumb Code  3438  encoder.o(i.HAL_TIM_IC_CaptureCallback)
    HAL_TIM_IC_ConfigChannel                 0x0800374d   Thumb Code   212  stm32f1xx_hal_tim.o(i.HAL_TIM_IC_ConfigChannel)
    HAL_TIM_IC_Init                          0x08003821   Thumb Code   102  stm32f1xx_hal_tim.o(i.HAL_TIM_IC_Init)
    HAL_TIM_IC_MspInit                       0x08003887   Thumb Code     2  stm32f1xx_hal_tim.o(i.HAL_TIM_IC_MspInit)
    HAL_TIM_IC_Start_IT                      0x08003889   Thumb Code   348  stm32f1xx_hal_tim.o(i.HAL_TIM_IC_Start_IT)
    HAL_TIM_IC_Stop_IT                       0x080039f9   Thumb Code   214  stm32f1xx_hal_tim.o(i.HAL_TIM_IC_Stop_IT)
    HAL_TIM_IRQHandler                       0x08003acf   Thumb Code   406  stm32f1xx_hal_tim.o(i.HAL_TIM_IRQHandler)
    HAL_TIM_MspPostInit                      0x08003c65   Thumb Code   134  tim.o(i.HAL_TIM_MspPostInit)
    HAL_TIM_OC_DelayElapsedCallback          0x08003d01   Thumb Code     2  stm32f1xx_hal_tim.o(i.HAL_TIM_OC_DelayElapsedCallback)
    HAL_TIM_PWM_ConfigChannel                0x08003d03   Thumb Code   252  stm32f1xx_hal_tim.o(i.HAL_TIM_PWM_ConfigChannel)
    HAL_TIM_PWM_Init                         0x08003dff   Thumb Code   102  stm32f1xx_hal_tim.o(i.HAL_TIM_PWM_Init)
    HAL_TIM_PWM_MspInit                      0x08003e65   Thumb Code     2  stm32f1xx_hal_tim.o(i.HAL_TIM_PWM_MspInit)
    HAL_TIM_PWM_PulseFinishedCallback        0x08003e67   Thumb Code     2  stm32f1xx_hal_tim.o(i.HAL_TIM_PWM_PulseFinishedCallback)
    HAL_TIM_PWM_Start                        0x08003e69   Thumb Code   222  stm32f1xx_hal_tim.o(i.HAL_TIM_PWM_Start)
    HAL_TIM_PeriodElapsedCallback            0x08003f5d   Thumb Code    18  main.o(i.HAL_TIM_PeriodElapsedCallback)
    HAL_TIM_ReadCapturedValue                0x08003f75   Thumb Code    50  stm32f1xx_hal_tim.o(i.HAL_TIM_ReadCapturedValue)
    HAL_TIM_TriggerCallback                  0x08003fa7   Thumb Code     2  stm32f1xx_hal_tim.o(i.HAL_TIM_TriggerCallback)
    HAL_UARTEx_RxEventCallback               0x08003fa9   Thumb Code     2  stm32f1xx_hal_uart.o(i.HAL_UARTEx_RxEventCallback)
    HAL_UART_DMAStop                         0x08003fab   Thumb Code   102  stm32f1xx_hal_uart.o(i.HAL_UART_DMAStop)
    HAL_UART_ErrorCallback                   0x08004011   Thumb Code     2  stm32f1xx_hal_uart.o(i.HAL_UART_ErrorCallback)
    HAL_UART_GetState                        0x08004013   Thumb Code    20  stm32f1xx_hal_uart.o(i.HAL_UART_GetState)
    HAL_UART_IRQHandler                      0x08004029   Thumb Code   582  stm32f1xx_hal_uart.o(i.HAL_UART_IRQHandler)
    HAL_UART_Init                            0x08004275   Thumb Code   114  stm32f1xx_hal_uart.o(i.HAL_UART_Init)
    HAL_UART_MspInit                         0x080042e9   Thumb Code   648  usart.o(i.HAL_UART_MspInit)
    HAL_UART_Receive_DMA                     0x080045a5   Thumb Code    66  stm32f1xx_hal_uart.o(i.HAL_UART_Receive_DMA)
    HAL_UART_Receive_IT                      0x080045e7   Thumb Code    66  stm32f1xx_hal_uart.o(i.HAL_UART_Receive_IT)
    HAL_UART_RxCpltCallback                  0x08004629   Thumb Code   120  uart.o(i.HAL_UART_RxCpltCallback)
    HAL_UART_RxHalfCpltCallback              0x080046b1   Thumb Code     2  stm32f1xx_hal_uart.o(i.HAL_UART_RxHalfCpltCallback)
    HAL_UART_Transmit                        0x080046b3   Thumb Code   210  stm32f1xx_hal_uart.o(i.HAL_UART_Transmit)
    HAL_UART_TxCpltCallback                  0x08004785   Thumb Code     2  stm32f1xx_hal_uart.o(i.HAL_UART_TxCpltCallback)
    HardFault_Handler                        0x08004787   Thumb Code     4  stm32f1xx_it.o(i.HardFault_Handler)
    LED_init                                 0x0800478d   Thumb Code    84  start_task.o(i.LED_init)
    LED_twinkle                              0x080047e9   Thumb Code    14  start_task.o(i.LED_twinkle)
    MX_DMA_Init                              0x080047fd   Thumb Code    90  dma.o(i.MX_DMA_Init)
    MX_GPIO_Init                             0x0800485d   Thumb Code   144  gpio.o(i.MX_GPIO_Init)
    MX_TIM1_Init                             0x080048f5   Thumb Code   256  tim.o(i.MX_TIM1_Init)
    MX_TIM2_Init                             0x080049fd   Thumb Code   170  tim.o(i.MX_TIM2_Init)
    MX_TIM3_Init                             0x08004aad   Thumb Code   168  tim.o(i.MX_TIM3_Init)
    MX_TIM4_Init                             0x08004b5d   Thumb Code   168  tim.o(i.MX_TIM4_Init)
    MX_TIM5_Init                             0x08004c0d   Thumb Code   168  tim.o(i.MX_TIM5_Init)
    MX_TIM8_Init                             0x08004cbd   Thumb Code   256  tim.o(i.MX_TIM8_Init)
    MX_UART4_Init                            0x08004dc5   Thumb Code    46  usart.o(i.MX_UART4_Init)
    MX_UART5_Init                            0x08004dfd   Thumb Code    46  usart.o(i.MX_UART5_Init)
    MX_USART3_UART_Init                      0x08004e35   Thumb Code    46  usart.o(i.MX_USART3_UART_Init)
    MemManage_Handler                        0x08004e6d   Thumb Code     4  stm32f1xx_it.o(i.MemManage_Handler)
    NMI_Handler                              0x08004e71   Thumb Code     4  stm32f1xx_it.o(i.NMI_Handler)
    OUT_servo_motor_angel                    0x08004e75   Thumb Code   132  servo.o(i.OUT_servo_motor_angel)
    PID_init                                 0x08004f11   Thumb Code    80  pid.o(i.PID_init)
    SendCMD                                  0x08004fa5   Thumb Code   214  servo.o(i.SendCMD)
    Sendone                                  0x08005081   Thumb Code   106  servo.o(i.Sendone)
    Servo_Init                               0x080050f1   Thumb Code   222  servo.o(i.Servo_Init)
    Servo_motor_init                         0x08005211   Thumb Code    20  servo.o(i.Servo_motor_init)
    Start_task                               0x08005225   Thumb Code    30  start_task.o(i.Start_task)
    Start_task_create                        0x08005249   Thumb Code    24  start_task.o(i.Start_task_create)
    SysTick_Handler                          0x08005275   Thumb Code    46  port.o(i.SysTick_Handler)
    SystemClock_Config                       0x080052a9   Thumb Code   102  main.o(i.SystemClock_Config)
    SystemInit                               0x0800530f   Thumb Code     2  system_stm32f1xx.o(i.SystemInit)
    TIM2_IRQHandler                          0x08005311   Thumb Code    10  stm32f1xx_it.o(i.TIM2_IRQHandler)
    TIM3_IRQHandler                          0x08005321   Thumb Code    10  stm32f1xx_it.o(i.TIM3_IRQHandler)
    TIM4_IRQHandler                          0x08005331   Thumb Code    10  stm32f1xx_it.o(i.TIM4_IRQHandler)
    TIM5_IRQHandler                          0x08005341   Thumb Code    10  stm32f1xx_it.o(i.TIM5_IRQHandler)
    TIM6_IRQHandler                          0x08005351   Thumb Code   166  delay.o(i.TIM6_IRQHandler)
    TIM7_IRQHandler                          0x0800540d   Thumb Code    10  stm32f1xx_it.o(i.TIM7_IRQHandler)
    TIM_Base_SetConfig                       0x0800541d   Thumb Code   134  stm32f1xx_hal_tim.o(i.TIM_Base_SetConfig)
    TIM_CCxChannelCmd                        0x080054b9   Thumb Code    34  stm32f1xx_hal_tim.o(i.TIM_CCxChannelCmd)
    TIM_ETR_SetConfig                        0x080054db   Thumb Code    22  stm32f1xx_hal_tim.o(i.TIM_ETR_SetConfig)
    TIM_OC2_SetConfig                        0x08005575   Thumb Code   114  stm32f1xx_hal_tim.o(i.TIM_OC2_SetConfig)
    TIM_TI1_SetConfig                        0x080056e5   Thumb Code   102  stm32f1xx_hal_tim.o(i.TIM_TI1_SetConfig)
    UART4_IRQHandler                         0x08005839   Thumb Code   270  gyro.o(i.UART4_IRQHandler)
    UART5_IRQHandler                         0x08005965   Thumb Code    10  stm32f1xx_it.o(i.UART5_IRQHandler)
    UART_Start_Receive_DMA                   0x08005cad   Thumb Code   138  stm32f1xx_hal_uart.o(i.UART_Start_Receive_DMA)
    UART_Start_Receive_IT                    0x08005d45   Thumb Code    70  stm32f1xx_hal_uart.o(i.UART_Start_Receive_IT)
    USART2_IRQHandler                        0x08005e59   Thumb Code    56  uart.o(i.USART2_IRQHandler)
    USART3_IRQHandler                        0x08005e99   Thumb Code   218  vision.o(i.USART3_IRQHandler)
    UsageFault_Handler                       0x08005f8d   Thumb Code     4  stm32f1xx_it.o(i.UsageFault_Handler)
    __0printf                                0x08005f91   Thumb Code    22  printfa.o(i.__0printf)
    __1printf                                0x08005f91   Thumb Code     0  printfa.o(i.__0printf)
    __2printf                                0x08005f91   Thumb Code     0  printfa.o(i.__0printf)
    __c89printf                              0x08005f91   Thumb Code     0  printfa.o(i.__0printf)
    printf                                   0x08005f91   Thumb Code     0  printfa.o(i.__0printf)
    __scatterload_copy                       0x08005fe9   Thumb Code    14  handlers.o(i.__scatterload_copy)
    __scatterload_null                       0x08005ff7   Thumb Code     2  handlers.o(i.__scatterload_null)
    __scatterload_zeroinit                   0x08005ff9   Thumb Code    14  handlers.o(i.__scatterload_zeroinit)
    data2angel                               0x080068bd   Thumb Code    22  servo.o(i.data2angel)
    delay_init                               0x080068dd   Thumb Code    84  delay.o(i.delay_init)
    fputc                                    0x0800693d   Thumb Code    24  uart.o(i.fputc)
    gyro_init                                0x08006959   Thumb Code    30  gyro.o(i.gyro_init)
    main                                     0x08006981   Thumb Code    64  main.o(i.main)
    main_task                                0x080069c1   Thumb Code   744  main_task.o(i.main_task)
    main_task_create                         0x08006cd5   Thumb Code    24  main_task.o(i.main_task_create)
    motor_init                               0x08006d01   Thumb Code    72  motor.o(i.motor_init)
    motor_pid_clear                          0x08006d51   Thumb Code    80  motor.o(i.motor_pid_clear)
    motor_set_pwm                            0x08006db1   Thumb Code   198  motor.o(i.motor_set_pwm)
    mpuZreset                                0x08006e85   Thumb Code    20  turn.o(i.mpuZreset)
    need2turn                                0x08006e9d   Thumb Code    62  turn.o(i.need2turn)
    osKernelStart                            0x08006ee9   Thumb Code    10  cmsis_os.o(i.osKernelStart)
    pid_init                                 0x08006ef5   Thumb Code   172  motor.o(i.pid_init)
    pid_mode_switch                          0x08006fd1   Thumb Code   162  motor_task.o(i.pid_mode_switch)
    pvPortMalloc                             0x080074fd   Thumb Code   296  heap_4.o(i.pvPortMalloc)
    pxPortInitialiseStack                    0x08007639   Thumb Code    30  port.o(i.pxPortInitialiseStack)
    read_addr                                0x0800765d   Thumb Code     6  usmart.o(i.read_addr)
    uart_init                                0x08007665   Thumb Code    44  uart.o(i.uart_init)
    user_init                                0x0800769d   Thumb Code    44  start_task.o(i.user_init)
    usmart_cmd_rec                           0x080076cd   Thumb Code   170  usmart.o(i.usmart_cmd_rec)
    usmart_exe                               0x0800777d   Thumb Code   624  usmart.o(i.usmart_exe)
    usmart_get_aparm                         0x08007a49   Thumb Code   212  usmart_str.o(i.usmart_get_aparm)
    usmart_get_cmdname                       0x08007b1d   Thumb Code    54  usmart_str.o(i.usmart_get_cmdname)
    usmart_get_fname                         0x08007b55   Thumb Code   440  usmart_str.o(i.usmart_get_fname)
    usmart_get_fparam                        0x08007d15   Thumb Code   262  usmart_str.o(i.usmart_get_fparam)
    usmart_get_parmpos                       0x08007e21   Thumb Code    26  usmart_str.o(i.usmart_get_parmpos)
    usmart_init                              0x08007e41   Thumb Code     8  usmart.o(i.usmart_init)
    usmart_pid                               0x08007e4d   Thumb Code   218  motor.o(i.usmart_pid)
    usmart_pow                               0x08007f71   Thumb Code    22  usmart_str.o(i.usmart_pow)
    usmart_scan                              0x08007f89   Thumb Code   120  usmart.o(i.usmart_scan)
    usmart_search_nextc                      0x08008045   Thumb Code    22  usmart_str.o(i.usmart_search_nextc)
    usmart_str2num                           0x0800805b   Thumb Code   262  usmart_str.o(i.usmart_str2num)
    usmart_strcmp                            0x08008161   Thumb Code    34  usmart_str.o(i.usmart_strcmp)
    usmart_strcopy                           0x08008183   Thumb Code    22  usmart_str.o(i.usmart_strcopy)
    usmart_strlen                            0x08008199   Thumb Code    24  usmart_str.o(i.usmart_strlen)
    usmart_sys_cmd_exe                       0x080081b1   Thumb Code  1546  usmart.o(i.usmart_sys_cmd_exe)
    uxListRemove                             0x08008859   Thumb Code    40  list.o(i.uxListRemove)
    vApplicationGetIdleTaskMemory            0x08008881   Thumb Code    14  freertos.o(i.vApplicationGetIdleTaskMemory)
    vListInitialise                          0x08008899   Thumb Code    26  list.o(i.vListInitialise)
    vListInitialiseItem                      0x080088b3   Thumb Code     6  list.o(i.vListInitialiseItem)
    vListInsert                              0x080088b9   Thumb Code    52  list.o(i.vListInsert)
    vListInsertEnd                           0x080088ed   Thumb Code    24  list.o(i.vListInsertEnd)
    vPortEnterCritical                       0x08008905   Thumb Code    76  port.o(i.vPortEnterCritical)
    vPortExitCritical                        0x08008959   Thumb Code    56  port.o(i.vPortExitCritical)
    vPortFree                                0x08008995   Thumb Code   140  heap_4.o(i.vPortFree)
    vPortSetupTimerInterrupt                 0x08008a29   Thumb Code    36  port.o(i.vPortSetupTimerInterrupt)
    vTaskDelay                               0x08008a51   Thumb Code    82  tasks.o(i.vTaskDelay)
    vTaskDelete                              0x08008aad   Thumb Code   202  tasks.o(i.vTaskDelete)
    vTaskStartScheduler                      0x08008ba1   Thumb Code   146  tasks.o(i.vTaskStartScheduler)
    vTaskSuspendAll                          0x08008c51   Thumb Code    12  tasks.o(i.vTaskSuspendAll)
    vTaskSwitchContext                       0x08008c61   Thumb Code   118  tasks.o(i.vTaskSwitchContext)
    vision_receive_init                      0x08008ced   Thumb Code    30  vision.o(i.vision_receive_init)
    write_addr                               0x08008d15   Thumb Code     4  usmart.o(i.write_addr)
    xPortStartScheduler                      0x08008d19   Thumb Code   228  port.o(i.xPortStartScheduler)
    xTaskCreate                              0x08008e11   Thumb Code   100  tasks.o(i.xTaskCreate)
    xTaskCreateStatic                        0x08008e75   Thumb Code   184  tasks.o(i.xTaskCreateStatic)
    xTaskGetTickCount                        0x08008f2d   Thumb Code     6  tasks.o(i.xTaskGetTickCount)
    xTaskIncrementTick                       0x08008f39   Thumb Code   282  tasks.o(i.xTaskIncrementTick)
    xTaskResumeAll                           0x08009081   Thumb Code   224  tasks.o(i.xTaskResumeAll)
    AHBPrescTable                            0x08009184   Data          16  system_stm32f1xx.o(.constdata)
    APBPrescTable                            0x08009194   Data           8  system_stm32f1xx.o(.constdata)
    Region$$Table$$Base                      0x08009288   Number         0  anon$$obj.o(Region$$Table)
    Region$$Table$$Limit                     0x080092a8   Number         0  anon$$obj.o(Region$$Table)
    uwTick                                   0x20000000   Data           4  stm32f1xx_hal.o(.data)
    uwTickPrio                               0x20000004   Data           4  stm32f1xx_hal.o(.data)
    uwTickFreq                               0x20000008   Data           1  stm32f1xx_hal.o(.data)
    SystemCoreClock                          0x2000000c   Data           4  system_stm32f1xx.o(.data)
    pxCurrentTCB                             0x20000010   Data           4  tasks.o(.data)
    __stdout                                 0x20000070   Data           4  uart.o(.data)
    USART_RX_STA                             0x20000074   Data           2  uart.o(.data)
    aRxBuffer                                0x20000076   Data           1  uart.o(.data)
    sys_cmd_tab                              0x20000078   Data          28  usmart.o(.data)
    usmart_nametab                           0x20000094   Data          24  usmart_config.o(.data)
    usmart_dev                               0x200000ac   Data         244  usmart_config.o(.data)
    imu_rx_len                               0x200001a1   Data           1  gyro.o(.data)
    times                                    0x200001a4   Data           2  main_task.o(.data)
    flag                                     0x200001a6   Data           1  main_task.o(.data)
    a                                        0x200001a8   Data           2  main_task.o(.data)
    main_task_handler                        0x200001ac   Data           4  main_task.o(.data)
    water_help                               0x200001b0   Data           1  motor_task.o(.data)
    back_compensate                          0x200001b4   Data           4  motor_task.o(.data)
    motor_handler                            0x200001b8   Data           4  motor_task.o(.data)
    dirct                                    0x200001bc   Data          16  motor_task.o(.data)
    PIDMode                                  0x200001cc   Data           1  motor_task.o(.data)
    line_gyro_switch                         0x200001cd   Data           1  motor_task.o(.data)
    find_line                                0x200001ce   Data           4  motor_task.o(.data)
    Start_handler                            0x200001d4   Data           4  start_task.o(.data)
    capture_Cnt                              0x200001d8   Data           4  encoder.o(.data)
    level_before                             0x200001dc   Data           4  encoder.o(.data)
    level_latter                             0x200001e0   Data           4  encoder.o(.data)
    frist_flag                               0x200001e4   Data           4  encoder.o(.data)
    temp_i                                   0x200001e8   Data           4  encoder.o(.data)
    dog                                      0x200001ec   Data           4  encoder.o(.data)
    vision_rx_len                            0x200001f0   Data           1  vision.o(.data)
    htim1                                    0x20000448   Data          72  tim.o(.bss)
    htim2                                    0x20000490   Data          72  tim.o(.bss)
    htim3                                    0x200004d8   Data          72  tim.o(.bss)
    htim4                                    0x20000520   Data          72  tim.o(.bss)
    htim5                                    0x20000568   Data          72  tim.o(.bss)
    htim8                                    0x200005b0   Data          72  tim.o(.bss)
    huart4                                   0x200005f8   Data          68  usart.o(.bss)
    huart5                                   0x2000063c   Data          68  usart.o(.bss)
    huart3                                   0x20000680   Data          68  usart.o(.bss)
    hdma_uart4_rx                            0x200006c4   Data          68  usart.o(.bss)
    hdma_usart3_rx                           0x20000708   Data          68  usart.o(.bss)
    htim7                                    0x2000074c   Data          72  stm32f1xx_hal_timebase_tim.o(.bss)
    X_obj                                    0x20005884   Data          28  pid.o(.bss)
    Y_obj                                    0x200058a0   Data          28  pid.o(.bss)
    Z_obj                                    0x200058bc   Data          28  pid.o(.bss)
    X_param                                  0x200058d8   Data          28  pid.o(.bss)
    Y_param                                  0x200058f4   Data          28  pid.o(.bss)
    Z_param                                  0x20005910   Data          28  pid.o(.bss)
    TG_speed                                 0x2000592c   Data          12  speed_ctrl.o(.bss)
    CG_speed                                 0x20005938   Data          12  speed_ctrl.o(.bss)
    USART_RX_BUF                             0x20005944   Data         200  uart.o(.bss)
    UART2_Handler                            0x20005a0c   Data          68  uart.o(.bss)
    TIM6_Handler                             0x20005a50   Data          72  delay.o(.bss)
    tim                                      0x20005a98   Data          12  delay.o(.bss)
    imu                                      0x20005aa4   Data          20  gyro.o(.bss)
    imu_rx_buf                               0x20005ab8   Data          20  gyro.o(.bss)
    wheel_1                                  0x20005acc   Data          88  encoder.o(.bss)
    wheel_2                                  0x20005b24   Data          88  encoder.o(.bss)
    wheel_3                                  0x20005b7c   Data          88  encoder.o(.bss)
    wheel_4                                  0x20005bd4   Data          88  encoder.o(.bss)
    capture_Buf_before                       0x20005c2c   Data          16  encoder.o(.bss)
    capture_Buf_latter                       0x20005c3c   Data          16  encoder.o(.bss)
    high_time                                0x20005c4c   Data          16  encoder.o(.bss)
    real_time                                0x20005c5c   Data          16  encoder.o(.bss)
    direction                                0x20005c6c   Data          16  encoder.o(.bss)
    pulse_num                                0x20005c7c   Data          16  encoder.o(.bss)
    pulse_out                                0x20005c8c   Data          16  encoder.o(.bss)
    temp_time                                0x20005c9c   Data         128  encoder.o(.bss)
    motor_L0                                 0x20005d1c   Data          24  motor.o(.bss)
    motor_L1                                 0x20005d34   Data          24  motor.o(.bss)
    motor_R0                                 0x20005d4c   Data          24  motor.o(.bss)
    motor_R1                                 0x20005d64   Data          24  motor.o(.bss)
    L0_param                                 0x20005d7c   Data          28  motor.o(.bss)
    L1_param                                 0x20005d98   Data          28  motor.o(.bss)
    R0_param                                 0x20005db4   Data          28  motor.o(.bss)
    R1_param                                 0x20005dd0   Data          28  motor.o(.bss)
    line_pid_obj                             0x20005dec   Data          28  motor.o(.bss)
    line_pid_param                           0x20005e08   Data          28  motor.o(.bss)
    water_pid_obj                            0x20005e24   Data          28  motor.o(.bss)
    water_pid_param                          0x20005e40   Data          28  motor.o(.bss)
    gyroT_pid                                0x20005e5c   Data          28  motor.o(.bss)
    gyroG_pid                                0x20005e78   Data          28  motor.o(.bss)
    gyroT_pid_param                          0x20005e94   Data          28  motor.o(.bss)
    gyroG_pid_param                          0x20005eb0   Data          28  motor.o(.bss)
    bastic_servo                             0x20005ecc   Data          28  servo.o(.bss)
    one_servo                                0x20005ee8   Data          28  servo.o(.bss)
    two_servo                                0x20005f04   Data          28  servo.o(.bss)
    W_servo                                  0x20005f20   Data          28  servo.o(.bss)
    W_Coordinate                             0x20005f3c   Data          12  servo.o(.bss)
    temp_T                                   0x20005f48   Data          64  servo.o(.bss)
    vision_rx_buf                            0x20005f88   Data          20  vision.o(.bss)
    vision                                   0x20005f9c   Data          20  vision.o(.bss)
    __initial_sp                             0x200063b0   Data           0  startup_stm32f103xe.o(STACK)



==============================================================================

Memory Map of the image

  Image Entry point : 0x08000131

  Load Region LR_IROM1 (Base: 0x08000000, Size: 0x0000949c, Max: 0x00040000, ABSOLUTE, COMPRESSED[0x00009304])

    Execution Region ER_IROM1 (Exec base: 0x08000000, Load base: 0x08000000, Size: 0x000092a8, Max: 0x00040000, ABSOLUTE)

    Exec Addr    Load Addr    Size         Type   Attr      Idx    E Section Name        Object

    0x08000000   0x08000000   0x00000130   Data   RO            3    RESET               startup_stm32f103xe.o
    0x08000130   0x08000130   0x00000000   Code   RO         5970  * .ARM.Collect$$$$00000000  mc_w.l(entry.o)
    0x08000130   0x08000130   0x00000004   Code   RO         6319    .ARM.Collect$$$$00000001  mc_w.l(entry2.o)
    0x08000134   0x08000134   0x00000004   Code   RO         6322    .ARM.Collect$$$$00000004  mc_w.l(entry5.o)
    0x08000138   0x08000138   0x00000000   Code   RO         6324    .ARM.Collect$$$$00000008  mc_w.l(entry7b.o)
    0x08000138   0x08000138   0x00000000   Code   RO         6326    .ARM.Collect$$$$0000000A  mc_w.l(entry8b.o)
    0x08000138   0x08000138   0x00000008   Code   RO         6327    .ARM.Collect$$$$0000000B  mc_w.l(entry9a.o)
    0x08000140   0x08000140   0x00000000   Code   RO         6329    .ARM.Collect$$$$0000000D  mc_w.l(entry10a.o)
    0x08000140   0x08000140   0x00000000   Code   RO         6331    .ARM.Collect$$$$0000000F  mc_w.l(entry11a.o)
    0x08000140   0x08000140   0x00000004   Code   RO         6320    .ARM.Collect$$$$00002712  mc_w.l(entry2.o)
    0x08000144   0x08000144   0x00000096   Code   RO         4447    .emb_text           port.o
    0x080001da   0x080001da   0x00000002   PAD
    0x080001dc   0x080001dc   0x00000024   Code   RO            4    .text               startup_stm32f103xe.o
    0x08000200   0x08000200   0x00000020   Code   RO         5973    .text               mc_w.l(llushr.o)
    0x08000220   0x08000220   0x00000040   Code   RO         5977    .text               mc_w.l(memmovea.o)
    0x08000260   0x08000260   0x00000024   Code   RO         5981    .text               mc_w.l(memseta.o)
    0x08000284   0x08000284   0x000000b0   Code   RO         6248    .text               mf_w.l(fadd.o)
    0x08000334   0x08000334   0x00000064   Code   RO         6250    .text               mf_w.l(fmul.o)
    0x08000398   0x08000398   0x0000007c   Code   RO         6252    .text               mf_w.l(fdiv.o)
    0x08000414   0x08000414   0x0000014e   Code   RO         6254    .text               mf_w.l(dadd.o)
    0x08000562   0x08000562   0x000000e4   Code   RO         6256    .text               mf_w.l(dmul.o)
    0x08000646   0x08000646   0x000000de   Code   RO         6258    .text               mf_w.l(ddiv.o)
    0x08000724   0x08000724   0x0000000a   Code   RO         6262    .text               mf_w.l(ffltui.o)
    0x0800072e   0x0800072e   0x00000022   Code   RO         6264    .text               mf_w.l(dflti.o)
    0x08000750   0x08000750   0x00000032   Code   RO         6266    .text               mf_w.l(ffixi.o)
    0x08000782   0x08000782   0x00000026   Code   RO         6268    .text               mf_w.l(f2d.o)
    0x080007a8   0x080007a8   0x00000030   Code   RO         6272    .text               mf_w.l(cdrcmple.o)
    0x080007d8   0x080007d8   0x00000038   Code   RO         6274    .text               mf_w.l(d2f.o)
    0x08000810   0x08000810   0x00000014   Code   RO         6276    .text               mf_w.l(cfcmple.o)
    0x08000824   0x08000824   0x00000014   Code   RO         6278    .text               mf_w.l(cfrcmple.o)
    0x08000838   0x08000838   0x0000002c   Code   RO         6333    .text               mc_w.l(uidiv.o)
    0x08000864   0x08000864   0x00000062   Code   RO         6335    .text               mc_w.l(uldiv.o)
    0x080008c6   0x080008c6   0x0000001e   Code   RO         6337    .text               mc_w.l(llshl.o)
    0x080008e4   0x080008e4   0x00000024   Code   RO         6339    .text               mc_w.l(llsshr.o)
    0x08000908   0x08000908   0x00000000   Code   RO         6348    .text               mc_w.l(iusefp.o)
    0x08000908   0x08000908   0x0000006e   Code   RO         6349    .text               mf_w.l(fepilogue.o)
    0x08000976   0x08000976   0x000000ba   Code   RO         6351    .text               mf_w.l(depilogue.o)
    0x08000a30   0x08000a30   0x00000030   Code   RO         6355    .text               mf_w.l(dfixul.o)
    0x08000a60   0x08000a60   0x00000024   Code   RO         6361    .text               mc_w.l(init.o)
    0x08000a84   0x08000a84   0x00000056   Code   RO         6377    .text               mc_w.l(__dczerorl2.o)
    0x08000ada   0x08000ada   0x00000004   Code   RO          640    i.BusFault_Handler  stm32f1xx_it.o
    0x08000ade   0x08000ade   0x00000034   Code   RO         5802    i.Calculate_angle   servo.o
    0x08000b12   0x08000b12   0x00000002   PAD
    0x08000b14   0x08000b14   0x00000010   Code   RO          641    i.DMA2_Channel3_IRQHandler  stm32f1xx_it.o
    0x08000b24   0x08000b24   0x0000002c   Code   RO         1222    i.DMA_SetConfig     stm32f1xx_hal_dma.o
    0x08000b50   0x08000b50   0x00000002   Code   RO          642    i.DebugMon_Handler  stm32f1xx_it.o
    0x08000b52   0x08000b52   0x00000002   PAD
    0x08000b54   0x08000b54   0x0000054c   Code   RO         5705    i.Encoder_init      encoder.o
    0x080010a0   0x080010a0   0x00000006   Code   RO           13    i.Error_Handler     main.o
    0x080010a6   0x080010a6   0x00000002   PAD
    0x080010a8   0x080010a8   0x00000060   Code   RO         5615    i.GYRO_Start        start_task.o
    0x08001108   0x08001108   0x00000056   Code   RO         1223    i.HAL_DMA_Abort     stm32f1xx_hal_dma.o
    0x0800115e   0x0800115e   0x00000002   PAD
    0x08001160   0x08001160   0x000001a8   Code   RO         1224    i.HAL_DMA_Abort_IT  stm32f1xx_hal_dma.o
    0x08001308   0x08001308   0x00000398   Code   RO         1228    i.HAL_DMA_IRQHandler  stm32f1xx_hal_dma.o
    0x080016a0   0x080016a0   0x0000008c   Code   RO         1229    i.HAL_DMA_Init      stm32f1xx_hal_dma.o
    0x0800172c   0x0800172c   0x0000009c   Code   RO         1233    i.HAL_DMA_Start_IT  stm32f1xx_hal_dma.o
    0x080017c8   0x080017c8   0x00000028   Code   RO          846    i.HAL_Delay         stm32f1xx_hal.o
    0x080017f0   0x080017f0   0x00000340   Code   RO         1159    i.HAL_GPIO_Init     stm32f1xx_hal_gpio.o
    0x08001b30   0x08001b30   0x00000010   Code   RO         1161    i.HAL_GPIO_ReadPin  stm32f1xx_hal_gpio.o
    0x08001b40   0x08001b40   0x00000014   Code   RO         1162    i.HAL_GPIO_TogglePin  stm32f1xx_hal_gpio.o
    0x08001b54   0x08001b54   0x0000000c   Code   RO         1163    i.HAL_GPIO_WritePin  stm32f1xx_hal_gpio.o
    0x08001b60   0x08001b60   0x0000000c   Code   RO          850    i.HAL_GetTick       stm32f1xx_hal.o
    0x08001b6c   0x08001b6c   0x00000018   Code   RO          856    i.HAL_IncTick       stm32f1xx_hal.o
    0x08001b84   0x08001b84   0x00000028   Code   RO          857    i.HAL_Init          stm32f1xx_hal.o
    0x08001bac   0x08001bac   0x00000088   Code   RO          764    i.HAL_InitTick      stm32f1xx_hal_timebase_tim.o
    0x08001c34   0x08001c34   0x00000060   Code   RO          740    i.HAL_MspInit       stm32f1xx_hal_msp.o
    0x08001c94   0x08001c94   0x00000020   Code   RO         1319    i.HAL_NVIC_EnableIRQ  stm32f1xx_hal_cortex.o
    0x08001cb4   0x08001cb4   0x0000007c   Code   RO         1325    i.HAL_NVIC_SetPriority  stm32f1xx_hal_cortex.o
    0x08001d30   0x08001d30   0x00000028   Code   RO         1326    i.HAL_NVIC_SetPriorityGrouping  stm32f1xx_hal_cortex.o
    0x08001d58   0x08001d58   0x0000018c   Code   RO         1014    i.HAL_RCC_ClockConfig  stm32f1xx_hal_rcc.o
    0x08001ee4   0x08001ee4   0x00000044   Code   RO         1018    i.HAL_RCC_GetClockConfig  stm32f1xx_hal_rcc.o
    0x08001f28   0x08001f28   0x0000000c   Code   RO         1019    i.HAL_RCC_GetHCLKFreq  stm32f1xx_hal_rcc.o
    0x08001f34   0x08001f34   0x00000020   Code   RO         1021    i.HAL_RCC_GetPCLK1Freq  stm32f1xx_hal_rcc.o
    0x08001f54   0x08001f54   0x00000020   Code   RO         1022    i.HAL_RCC_GetPCLK2Freq  stm32f1xx_hal_rcc.o
    0x08001f74   0x08001f74   0x00000094   Code   RO         1023    i.HAL_RCC_GetSysClockFreq  stm32f1xx_hal_rcc.o
    0x08002008   0x08002008   0x00000464   Code   RO         1026    i.HAL_RCC_OscConfig  stm32f1xx_hal_rcc.o
    0x0800246c   0x0800246c   0x00000002   Code   RO         2562    i.HAL_TIMEx_BreakCallback  stm32f1xx_hal_tim_ex.o
    0x0800246e   0x0800246e   0x00000002   Code   RO         2563    i.HAL_TIMEx_CommutCallback  stm32f1xx_hal_tim_ex.o
    0x08002470   0x08002470   0x00000074   Code   RO         2565    i.HAL_TIMEx_ConfigBreakDeadTime  stm32f1xx_hal_tim_ex.o
    0x080024e4   0x080024e4   0x0000009c   Code   RO         2581    i.HAL_TIMEx_MasterConfigSynchronization  stm32f1xx_hal_tim_ex.o
    0x08002580   0x08002580   0x00000066   Code   RO         1847    i.HAL_TIM_Base_Init  stm32f1xx_hal_tim.o
    0x080025e6   0x080025e6   0x00000002   PAD
    0x080025e8   0x080025e8   0x00000258   Code   RO          428    i.HAL_TIM_Base_MspInit  tim.o
    0x08002840   0x08002840   0x00000090   Code   RO         1852    i.HAL_TIM_Base_Start_IT  stm32f1xx_hal_tim.o
    0x080028d0   0x080028d0   0x00000108   Code   RO         1856    i.HAL_TIM_ConfigClockSource  stm32f1xx_hal_tim.o
    0x080029d8   0x080029d8   0x00000d74   Code   RO         5706    i.HAL_TIM_IC_CaptureCallback  encoder.o
    0x0800374c   0x0800374c   0x000000d4   Code   RO         1883    i.HAL_TIM_IC_ConfigChannel  stm32f1xx_hal_tim.o
    0x08003820   0x08003820   0x00000066   Code   RO         1886    i.HAL_TIM_IC_Init   stm32f1xx_hal_tim.o
    0x08003886   0x08003886   0x00000002   Code   RO         1888    i.HAL_TIM_IC_MspInit  stm32f1xx_hal_tim.o
    0x08003888   0x08003888   0x00000170   Code   RO         1891    i.HAL_TIM_IC_Start_IT  stm32f1xx_hal_tim.o
    0x080039f8   0x080039f8   0x000000d6   Code   RO         1894    i.HAL_TIM_IC_Stop_IT  stm32f1xx_hal_tim.o
    0x08003ace   0x08003ace   0x00000196   Code   RO         1895    i.HAL_TIM_IRQHandler  stm32f1xx_hal_tim.o
    0x08003c64   0x08003c64   0x0000009c   Code   RO          429    i.HAL_TIM_MspPostInit  tim.o
    0x08003d00   0x08003d00   0x00000002   Code   RO         1898    i.HAL_TIM_OC_DelayElapsedCallback  stm32f1xx_hal_tim.o
    0x08003d02   0x08003d02   0x000000fc   Code   RO         1919    i.HAL_TIM_PWM_ConfigChannel  stm32f1xx_hal_tim.o
    0x08003dfe   0x08003dfe   0x00000066   Code   RO         1922    i.HAL_TIM_PWM_Init  stm32f1xx_hal_tim.o
    0x08003e64   0x08003e64   0x00000002   Code   RO         1924    i.HAL_TIM_PWM_MspInit  stm32f1xx_hal_tim.o
    0x08003e66   0x08003e66   0x00000002   Code   RO         1925    i.HAL_TIM_PWM_PulseFinishedCallback  stm32f1xx_hal_tim.o
    0x08003e68   0x08003e68   0x000000f4   Code   RO         1927    i.HAL_TIM_PWM_Start  stm32f1xx_hal_tim.o
    0x08003f5c   0x08003f5c   0x00000018   Code   RO           14    i.HAL_TIM_PeriodElapsedCallback  main.o
    0x08003f74   0x08003f74   0x00000032   Code   RO         1935    i.HAL_TIM_ReadCapturedValue  stm32f1xx_hal_tim.o
    0x08003fa6   0x08003fa6   0x00000002   Code   RO         1938    i.HAL_TIM_TriggerCallback  stm32f1xx_hal_tim.o
    0x08003fa8   0x08003fa8   0x00000002   Code   RO         2840    i.HAL_UARTEx_RxEventCallback  stm32f1xx_hal_uart.o
    0x08003faa   0x08003faa   0x00000066   Code   RO         2852    i.HAL_UART_DMAStop  stm32f1xx_hal_uart.o
    0x08004010   0x08004010   0x00000002   Code   RO         2854    i.HAL_UART_ErrorCallback  stm32f1xx_hal_uart.o
    0x08004012   0x08004012   0x00000014   Code   RO         2856    i.HAL_UART_GetState  stm32f1xx_hal_uart.o
    0x08004026   0x08004026   0x00000002   PAD
    0x08004028   0x08004028   0x0000024c   Code   RO         2857    i.HAL_UART_IRQHandler  stm32f1xx_hal_uart.o
    0x08004274   0x08004274   0x00000072   Code   RO         2858    i.HAL_UART_Init     stm32f1xx_hal_uart.o
    0x080042e6   0x080042e6   0x00000002   PAD
    0x080042e8   0x080042e8   0x000002bc   Code   RO          506    i.HAL_UART_MspInit  usart.o
    0x080045a4   0x080045a4   0x00000042   Code   RO         2862    i.HAL_UART_Receive_DMA  stm32f1xx_hal_uart.o
    0x080045e6   0x080045e6   0x00000042   Code   RO         2863    i.HAL_UART_Receive_IT  stm32f1xx_hal_uart.o
    0x08004628   0x08004628   0x00000088   Code   RO         4934    i.HAL_UART_RxCpltCallback  uart.o
    0x080046b0   0x080046b0   0x00000002   Code   RO         2865    i.HAL_UART_RxHalfCpltCallback  stm32f1xx_hal_uart.o
    0x080046b2   0x080046b2   0x000000d2   Code   RO         2866    i.HAL_UART_Transmit  stm32f1xx_hal_uart.o
    0x08004784   0x08004784   0x00000002   Code   RO         2869    i.HAL_UART_TxCpltCallback  stm32f1xx_hal_uart.o
    0x08004786   0x08004786   0x00000004   Code   RO          643    i.HardFault_Handler  stm32f1xx_it.o
    0x0800478a   0x0800478a   0x00000002   PAD
    0x0800478c   0x0800478c   0x0000005c   Code   RO         5616    i.LED_init          start_task.o
    0x080047e8   0x080047e8   0x00000014   Code   RO         5617    i.LED_twinkle       start_task.o
    0x080047fc   0x080047fc   0x00000060   Code   RO          400    i.MX_DMA_Init       dma.o
    0x0800485c   0x0800485c   0x00000098   Code   RO          203    i.MX_GPIO_Init      gpio.o
    0x080048f4   0x080048f4   0x00000108   Code   RO          430    i.MX_TIM1_Init      tim.o
    0x080049fc   0x080049fc   0x000000b0   Code   RO          431    i.MX_TIM2_Init      tim.o
    0x08004aac   0x08004aac   0x000000b0   Code   RO          432    i.MX_TIM3_Init      tim.o
    0x08004b5c   0x08004b5c   0x000000b0   Code   RO          433    i.MX_TIM4_Init      tim.o
    0x08004c0c   0x08004c0c   0x000000b0   Code   RO          434    i.MX_TIM5_Init      tim.o
    0x08004cbc   0x08004cbc   0x00000108   Code   RO          435    i.MX_TIM8_Init      tim.o
    0x08004dc4   0x08004dc4   0x00000038   Code   RO          507    i.MX_UART4_Init     usart.o
    0x08004dfc   0x08004dfc   0x00000038   Code   RO          508    i.MX_UART5_Init     usart.o
    0x08004e34   0x08004e34   0x00000038   Code   RO          509    i.MX_USART3_UART_Init  usart.o
    0x08004e6c   0x08004e6c   0x00000004   Code   RO          644    i.MemManage_Handler  stm32f1xx_it.o
    0x08004e70   0x08004e70   0x00000004   Code   RO          645    i.NMI_Handler       stm32f1xx_it.o
    0x08004e74   0x08004e74   0x0000009c   Code   RO         5804    i.OUT_servo_motor_angel  servo.o
    0x08004f10   0x08004f10   0x0000006c   Code   RO         4527    i.PID_init          pid.o
    0x08004f7c   0x08004f7c   0x00000028   Code   RO         1027    i.RCC_Delay         stm32f1xx_hal_rcc.o
    0x08004fa4   0x08004fa4   0x000000dc   Code   RO         5805    i.SendCMD           servo.o
    0x08005080   0x08005080   0x00000070   Code   RO         5806    i.Sendone           servo.o
    0x080050f0   0x080050f0   0x00000120   Code   RO         5807    i.Servo_Init        servo.o
    0x08005210   0x08005210   0x00000014   Code   RO         5808    i.Servo_motor_init  servo.o
    0x08005224   0x08005224   0x00000024   Code   RO         5618    i.Start_task        start_task.o
    0x08005248   0x08005248   0x0000002c   Code   RO         5619    i.Start_task_create  start_task.o
    0x08005274   0x08005274   0x00000034   Code   RO         4448    i.SysTick_Handler   port.o
    0x080052a8   0x080052a8   0x00000066   Code   RO           15    i.SystemClock_Config  main.o
    0x0800530e   0x0800530e   0x00000002   Code   RO         3197    i.SystemInit        system_stm32f1xx.o
    0x08005310   0x08005310   0x00000010   Code   RO          646    i.TIM2_IRQHandler   stm32f1xx_it.o
    0x08005320   0x08005320   0x00000010   Code   RO          647    i.TIM3_IRQHandler   stm32f1xx_it.o
    0x08005330   0x08005330   0x00000010   Code   RO          648    i.TIM4_IRQHandler   stm32f1xx_it.o
    0x08005340   0x08005340   0x00000010   Code   RO          649    i.TIM5_IRQHandler   stm32f1xx_it.o
    0x08005350   0x08005350   0x000000bc   Code   RO         5191    i.TIM6_IRQHandler   delay.o
    0x0800540c   0x0800540c   0x00000010   Code   RO          650    i.TIM7_IRQHandler   stm32f1xx_it.o
    0x0800541c   0x0800541c   0x0000009c   Code   RO         1940    i.TIM_Base_SetConfig  stm32f1xx_hal_tim.o
    0x080054b8   0x080054b8   0x00000022   Code   RO         1941    i.TIM_CCxChannelCmd  stm32f1xx_hal_tim.o
    0x080054da   0x080054da   0x00000016   Code   RO         1951    i.TIM_ETR_SetConfig  stm32f1xx_hal_tim.o
    0x080054f0   0x080054f0   0x00000012   Code   RO         1952    i.TIM_ITRx_SetConfig  stm32f1xx_hal_tim.o
    0x08005502   0x08005502   0x00000002   PAD
    0x08005504   0x08005504   0x00000070   Code   RO         1953    i.TIM_OC1_SetConfig  stm32f1xx_hal_tim.o
    0x08005574   0x08005574   0x0000007c   Code   RO         1954    i.TIM_OC2_SetConfig  stm32f1xx_hal_tim.o
    0x080055f0   0x080055f0   0x00000078   Code   RO         1955    i.TIM_OC3_SetConfig  stm32f1xx_hal_tim.o
    0x08005668   0x08005668   0x00000054   Code   RO         1956    i.TIM_OC4_SetConfig  stm32f1xx_hal_tim.o
    0x080056bc   0x080056bc   0x00000026   Code   RO         1958    i.TIM_TI1_ConfigInputStage  stm32f1xx_hal_tim.o
    0x080056e2   0x080056e2   0x00000002   PAD
    0x080056e4   0x080056e4   0x0000007c   Code   RO         1959    i.TIM_TI1_SetConfig  stm32f1xx_hal_tim.o
    0x08005760   0x08005760   0x00000028   Code   RO         1960    i.TIM_TI2_ConfigInputStage  stm32f1xx_hal_tim.o
    0x08005788   0x08005788   0x0000003a   Code   RO         1961    i.TIM_TI2_SetConfig  stm32f1xx_hal_tim.o
    0x080057c2   0x080057c2   0x00000038   Code   RO         1962    i.TIM_TI3_SetConfig  stm32f1xx_hal_tim.o
    0x080057fa   0x080057fa   0x0000003c   Code   RO         1963    i.TIM_TI4_SetConfig  stm32f1xx_hal_tim.o
    0x08005836   0x08005836   0x00000002   PAD
    0x08005838   0x08005838   0x0000012c   Code   RO         5248    i.UART4_IRQHandler  gyro.o
    0x08005964   0x08005964   0x00000010   Code   RO          651    i.UART5_IRQHandler  stm32f1xx_it.o
    0x08005974   0x08005974   0x00000014   Code   RO         2871    i.UART_DMAAbortOnError  stm32f1xx_hal_uart.o
    0x08005988   0x08005988   0x00000050   Code   RO         2872    i.UART_DMAError     stm32f1xx_hal_uart.o
    0x080059d8   0x080059d8   0x00000068   Code   RO         2873    i.UART_DMAReceiveCplt  stm32f1xx_hal_uart.o
    0x08005a40   0x08005a40   0x00000020   Code   RO         2875    i.UART_DMARxHalfCplt  stm32f1xx_hal_uart.o
    0x08005a60   0x08005a60   0x00000036   Code   RO         2881    i.UART_EndRxTransfer  stm32f1xx_hal_uart.o
    0x08005a96   0x08005a96   0x00000020   Code   RO         2882    i.UART_EndTransmit_IT  stm32f1xx_hal_uart.o
    0x08005ab6   0x08005ab6   0x00000014   Code   RO         2883    i.UART_EndTxTransfer  stm32f1xx_hal_uart.o
    0x08005aca   0x08005aca   0x000000e4   Code   RO         2884    i.UART_Receive_IT   stm32f1xx_hal_uart.o
    0x08005bae   0x08005bae   0x00000002   PAD
    0x08005bb0   0x08005bb0   0x000000fc   Code   RO         2885    i.UART_SetConfig    stm32f1xx_hal_uart.o
    0x08005cac   0x08005cac   0x00000098   Code   RO         2886    i.UART_Start_Receive_DMA  stm32f1xx_hal_uart.o
    0x08005d44   0x08005d44   0x00000046   Code   RO         2887    i.UART_Start_Receive_IT  stm32f1xx_hal_uart.o
    0x08005d8a   0x08005d8a   0x00000060   Code   RO         2888    i.UART_Transmit_IT  stm32f1xx_hal_uart.o
    0x08005dea   0x08005dea   0x0000006c   Code   RO         2889    i.UART_WaitOnFlagUntilTimeout  stm32f1xx_hal_uart.o
    0x08005e56   0x08005e56   0x00000002   PAD
    0x08005e58   0x08005e58   0x00000040   Code   RO         4935    i.USART2_IRQHandler  uart.o
    0x08005e98   0x08005e98   0x000000f4   Code   RO         5904    i.USART3_IRQHandler  vision.o
    0x08005f8c   0x08005f8c   0x00000004   Code   RO          652    i.UsageFault_Handler  stm32f1xx_it.o
    0x08005f90   0x08005f90   0x00000020   Code   RO         6220    i.__0printf         mc_w.l(printfa.o)
    0x08005fb0   0x08005fb0   0x00000010   Code   RO         1332    i.__NVIC_GetPriorityGrouping  stm32f1xx_hal_cortex.o
    0x08005fc0   0x08005fc0   0x00000028   Code   RO         1333    i.__NVIC_SetPriority  stm32f1xx_hal_cortex.o
    0x08005fe8   0x08005fe8   0x0000000e   Code   RO         6371    i.__scatterload_copy  mc_w.l(handlers.o)
    0x08005ff6   0x08005ff6   0x00000002   Code   RO         6372    i.__scatterload_null  mc_w.l(handlers.o)
    0x08005ff8   0x08005ff8   0x0000000e   Code   RO         6373    i.__scatterload_zeroinit  mc_w.l(handlers.o)
    0x08006006   0x08006006   0x00000002   PAD
    0x08006008   0x08006008   0x00000184   Code   RO         6227    i._fp_digits        mc_w.l(printfa.o)
    0x0800618c   0x0800618c   0x000006dc   Code   RO         6228    i._printf_core      mc_w.l(printfa.o)
    0x08006868   0x08006868   0x00000024   Code   RO         6229    i._printf_post_padding  mc_w.l(printfa.o)
    0x0800688c   0x0800688c   0x0000002e   Code   RO         6230    i._printf_pre_padding  mc_w.l(printfa.o)
    0x080068ba   0x080068ba   0x00000002   PAD
    0x080068bc   0x080068bc   0x00000020   Code   RO         5809    i.data2angel        servo.o
    0x080068dc   0x080068dc   0x00000060   Code   RO         5192    i.delay_init        delay.o
    0x0800693c   0x0800693c   0x0000001c   Code   RO         4937    i.fputc             uart.o
    0x08006958   0x08006958   0x00000028   Code   RO         5249    i.gyro_init         gyro.o
    0x08006980   0x08006980   0x00000040   Code   RO           16    i.main              main.o
    0x080069c0   0x080069c0   0x00000314   Code   RO         5300    i.main_task         main_task.o
    0x08006cd4   0x08006cd4   0x0000002c   Code   RO         5301    i.main_task_create  main_task.o
    0x08006d00   0x08006d00   0x00000050   Code   RO         5748    i.motor_init        motor.o
    0x08006d50   0x08006d50   0x00000060   Code   RO         5749    i.motor_pid_clear   motor.o
    0x08006db0   0x08006db0   0x000000d4   Code   RO         5750    i.motor_set_pwm     motor.o
    0x08006e84   0x08006e84   0x00000018   Code   RO         4593    i.mpuZreset         turn.o
    0x08006e9c   0x08006e9c   0x0000004c   Code   RO         4594    i.need2turn         turn.o
    0x08006ee8   0x08006ee8   0x0000000a   Code   RO         4024    i.osKernelStart     cmsis_os.o
    0x08006ef2   0x08006ef2   0x00000002   PAD
    0x08006ef4   0x08006ef4   0x000000dc   Code   RO         5751    i.pid_init          motor.o
    0x08006fd0   0x08006fd0   0x000000b4   Code   RO         5530    i.pid_mode_switch   motor_task.o
    0x08007084   0x08007084   0x00000098   Code   RO         3699    i.prvAddCurrentTaskToDelayedList  tasks.o
    0x0800711c   0x0800711c   0x000000b4   Code   RO         3700    i.prvAddNewTaskToReadyList  tasks.o
    0x080071d0   0x080071d0   0x00000048   Code   RO         3701    i.prvCheckTasksWaitingTermination  tasks.o
    0x08007218   0x08007218   0x00000050   Code   RO         3702    i.prvDeleteTCB      tasks.o
    0x08007268   0x08007268   0x0000007c   Code   RO         4386    i.prvHeapInit       heap_4.o
    0x080072e4   0x080072e4   0x00000028   Code   RO         3703    i.prvIdleTask       tasks.o
    0x0800730c   0x0800730c   0x000000aa   Code   RO         3704    i.prvInitialiseNewTask  tasks.o
    0x080073b6   0x080073b6   0x00000002   PAD
    0x080073b8   0x080073b8   0x00000068   Code   RO         3705    i.prvInitialiseTaskLists  tasks.o
    0x08007420   0x08007420   0x00000068   Code   RO         4387    i.prvInsertBlockIntoFreeList  heap_4.o
    0x08007488   0x08007488   0x00000034   Code   RO         3706    i.prvResetNextTaskUnblockTime  tasks.o
    0x080074bc   0x080074bc   0x00000040   Code   RO         4449    i.prvTaskExitError  port.o
    0x080074fc   0x080074fc   0x0000013c   Code   RO         4388    i.pvPortMalloc      heap_4.o
    0x08007638   0x08007638   0x00000024   Code   RO         4450    i.pxPortInitialiseStack  port.o
    0x0800765c   0x0800765c   0x00000006   Code   RO         4996    i.read_addr         usmart.o
    0x08007662   0x08007662   0x00000002   PAD
    0x08007664   0x08007664   0x00000038   Code   RO         4938    i.uart_init         uart.o
    0x0800769c   0x0800769c   0x00000030   Code   RO         5620    i.user_init         start_task.o
    0x080076cc   0x080076cc   0x000000b0   Code   RO         4997    i.usmart_cmd_rec    usmart.o
    0x0800777c   0x0800777c   0x000002cc   Code   RO         4998    i.usmart_exe        usmart.o
    0x08007a48   0x08007a48   0x000000d4   Code   RO         5107    i.usmart_get_aparm  usmart_str.o
    0x08007b1c   0x08007b1c   0x00000036   Code   RO         5108    i.usmart_get_cmdname  usmart_str.o
    0x08007b52   0x08007b52   0x00000002   PAD
    0x08007b54   0x08007b54   0x000001c0   Code   RO         5109    i.usmart_get_fname  usmart_str.o
    0x08007d14   0x08007d14   0x0000010c   Code   RO         5110    i.usmart_get_fparam  usmart_str.o
    0x08007e20   0x08007e20   0x00000020   Code   RO         5111    i.usmart_get_parmpos  usmart_str.o
    0x08007e40   0x08007e40   0x0000000c   Code   RO         4999    i.usmart_init       usmart.o
    0x08007e4c   0x08007e4c   0x00000124   Code   RO         5752    i.usmart_pid        motor.o
    0x08007f70   0x08007f70   0x00000016   Code   RO         5112    i.usmart_pow        usmart_str.o
    0x08007f86   0x08007f86   0x00000002   PAD
    0x08007f88   0x08007f88   0x000000bc   Code   RO         5000    i.usmart_scan       usmart.o
    0x08008044   0x08008044   0x00000016   Code   RO         5113    i.usmart_search_nextc  usmart_str.o
    0x0800805a   0x0800805a   0x00000106   Code   RO         5114    i.usmart_str2num    usmart_str.o
    0x08008160   0x08008160   0x00000022   Code   RO         5115    i.usmart_strcmp     usmart_str.o
    0x08008182   0x08008182   0x00000016   Code   RO         5116    i.usmart_strcopy    usmart_str.o
    0x08008198   0x08008198   0x00000018   Code   RO         5117    i.usmart_strlen     usmart_str.o
    0x080081b0   0x080081b0   0x000006a8   Code   RO         5001    i.usmart_sys_cmd_exe  usmart.o
    0x08008858   0x08008858   0x00000028   Code   RO         3334    i.uxListRemove      list.o
    0x08008880   0x08008880   0x00000018   Code   RO          313    i.vApplicationGetIdleTaskMemory  freertos.o
    0x08008898   0x08008898   0x0000001a   Code   RO         3335    i.vListInitialise   list.o
    0x080088b2   0x080088b2   0x00000006   Code   RO         3336    i.vListInitialiseItem  list.o
    0x080088b8   0x080088b8   0x00000034   Code   RO         3337    i.vListInsert       list.o
    0x080088ec   0x080088ec   0x00000018   Code   RO         3338    i.vListInsertEnd    list.o
    0x08008904   0x08008904   0x00000054   Code   RO         4452    i.vPortEnterCritical  port.o
    0x08008958   0x08008958   0x0000003c   Code   RO         4453    i.vPortExitCritical  port.o
    0x08008994   0x08008994   0x00000094   Code   RO         4389    i.vPortFree         heap_4.o
    0x08008a28   0x08008a28   0x00000028   Code   RO         4454    i.vPortSetupTimerInterrupt  port.o
    0x08008a50   0x08008a50   0x0000005c   Code   RO         3714    i.vTaskDelay        tasks.o
    0x08008aac   0x08008aac   0x000000f4   Code   RO         3716    i.vTaskDelete       tasks.o
    0x08008ba0   0x08008ba0   0x000000b0   Code   RO         3728    i.vTaskStartScheduler  tasks.o
    0x08008c50   0x08008c50   0x00000010   Code   RO         3730    i.vTaskSuspendAll   tasks.o
    0x08008c60   0x08008c60   0x0000008c   Code   RO         3731    i.vTaskSwitchContext  tasks.o
    0x08008cec   0x08008cec   0x00000028   Code   RO         5905    i.vision_receive_init  vision.o
    0x08008d14   0x08008d14   0x00000004   Code   RO         5002    i.write_addr        usmart.o
    0x08008d18   0x08008d18   0x000000f8   Code   RO         4456    i.xPortStartScheduler  port.o
    0x08008e10   0x08008e10   0x00000064   Code   RO         3733    i.xTaskCreate       tasks.o
    0x08008e74   0x08008e74   0x000000b8   Code   RO         3734    i.xTaskCreateStatic  tasks.o
    0x08008f2c   0x08008f2c   0x0000000c   Code   RO         3739    i.xTaskGetTickCount  tasks.o
    0x08008f38   0x08008f38   0x00000148   Code   RO         3741    i.xTaskIncrementTick  tasks.o
    0x08009080   0x08009080   0x00000104   Code   RO         3747    i.xTaskResumeAll    tasks.o
    0x08009184   0x08009184   0x00000018   Data   RO         3198    .constdata          system_stm32f1xx.o
    0x0800919c   0x0800919c   0x00000078   Data   RO         5003    .conststring        usmart.o
    0x08009214   0x08009214   0x00000074   Data   RO         5072    .conststring        usmart_config.o
    0x08009288   0x08009288   0x00000020   Data   RO         6369    Region$$Table       anon$$obj.o


    Execution Region RW_IRAM1 (Exec base: 0x20000000, Load base: 0x080092a8, Size: 0x000063b0, Max: 0x0000c000, ABSOLUTE, COMPRESSED[0x0000005c])

    Exec Addr    Load Addr    Size         Type   Attr      Idx    E Section Name        Object

    0x20000000   COMPRESSED   0x00000009   Data   RW          864    .data               stm32f1xx_hal.o
    0x20000009   COMPRESSED   0x00000003   PAD
    0x2000000c   COMPRESSED   0x00000004   Data   RW         3199    .data               system_stm32f1xx.o
    0x20000010   COMPRESSED   0x0000003c   Data   RW         3750    .data               tasks.o
    0x2000004c   COMPRESSED   0x00000018   Data   RW         4394    .data               heap_4.o
    0x20000064   COMPRESSED   0x0000000c   Data   RW         4457    .data               port.o
    0x20000070   COMPRESSED   0x00000007   Data   RW         4940    .data               uart.o
    0x20000077   COMPRESSED   0x00000001   PAD
    0x20000078   COMPRESSED   0x0000001c   Data   RW         5004    .data               usmart.o
    0x20000094   COMPRESSED   0x0000010c   Data   RW         5073    .data               usmart_config.o
    0x200001a0   COMPRESSED   0x00000001   Data   RW         5196    .data               delay.o
    0x200001a1   COMPRESSED   0x00000001   Data   RW         5251    .data               gyro.o
    0x200001a2   COMPRESSED   0x00000002   PAD
    0x200001a4   COMPRESSED   0x0000000c   Data   RW         5302    .data               main_task.o
    0x200001b0   COMPRESSED   0x00000023   Data   RW         5532    .data               motor_task.o
    0x200001d3   COMPRESSED   0x00000001   PAD
    0x200001d4   COMPRESSED   0x00000004   Data   RW         5621    .data               start_task.o
    0x200001d8   COMPRESSED   0x00000018   Data   RW         5709    .data               encoder.o
    0x200001f0   COMPRESSED   0x00000001   Data   RW         5907    .data               vision.o
    0x200001f1   COMPRESSED   0x00000003   PAD
    0x200001f4        -       0x00000254   Zero   RW          314    .bss                freertos.o
    0x20000448        -       0x000001b0   Zero   RW          436    .bss                tim.o
    0x200005f8        -       0x00000154   Zero   RW          510    .bss                usart.o
    0x2000074c        -       0x00000048   Zero   RW          767    .bss                stm32f1xx_hal_timebase_tim.o
    0x20000794        -       0x000000f0   Zero   RW         3749    .bss                tasks.o
    0x20000884        -       0x00005000   Zero   RW         4393    .bss                heap_4.o
    0x20005884        -       0x000000a8   Zero   RW         4530    .bss                pid.o
    0x2000592c        -       0x00000018   Zero   RW         4695    .bss                speed_ctrl.o
    0x20005944        -       0x0000010c   Zero   RW         4939    .bss                uart.o
    0x20005a50        -       0x00000054   Zero   RW         5195    .bss                delay.o
    0x20005aa4        -       0x00000028   Zero   RW         5250    .bss                gyro.o
    0x20005acc        -       0x00000250   Zero   RW         5708    .bss                encoder.o
    0x20005d1c        -       0x000001b0   Zero   RW         5753    .bss                motor.o
    0x20005ecc        -       0x000000bc   Zero   RW         5814    .bss                servo.o
    0x20005f88        -       0x00000028   Zero   RW         5906    .bss                vision.o
    0x20005fb0        -       0x00000400   Zero   RW            1    STACK               startup_stm32f103xe.o


==============================================================================

Image component sizes


      Code (inc. data)   RO Data    RW Data    ZI Data      Debug   Object Name

        10          0          0          0          0      20140   cmsis_os.o
       284         34          0          1         84       2106   delay.o
        96          6          0          0          0        810   dma.o
      4800        264          0         24        592       5052   encoder.o
         0          0          0          0          0      18220   event_groups.o
        24         10          0          0        596      32380   freertos.o
       152          8          0          0          0     481875   gpio.o
       340         40          0          1         40       2215   gyro.o
       692         62          0         24      20480       7299   heap_4.o
       148          0          0          0          0       3478   list.o
       196          6          0          0          0     473828   main.o
       832         64          0         12          0      12352   main_task.o
       900        160          0          0        432       4259   motor.o
       180         18          0         35          0       2971   motor_task.o
       108         28          0          0        168       1827   pid.o
       734         64          0         12          0      10488   port.o
       880        112          0          0        188       6462   servo.o
         0          0          0          0         24     413649   speed_ctrl.o
       336         54          0          4          0       4015   start_task.o
        36          8        304          0       1024        800   startup_stm32f103xe.o
       116         24          0          9          0       5926   stm32f1xx_hal.o
       252         22          0          0          0      28730   stm32f1xx_hal_cortex.o
      1770         28          0          0          0       5354   stm32f1xx_hal_dma.o
       880         40          0          0          0       3996   stm32f1xx_hal_gpio.o
        96         10          0          0          0        914   stm32f1xx_hal_msp.o
      1852        120          0          0          0       6713   stm32f1xx_hal_rcc.o
      3516        144          0          0          0      22928   stm32f1xx_hal_tim.o
       276         22          0          0          0       3249   stm32f1xx_hal_tim_ex.o
       136         18          0          0         72       1495   stm32f1xx_hal_timebase_tim.o
      2422         24          0          0          0      17281   stm32f1xx_hal_uart.o
       134         42          0          0          0       5777   stm32f1xx_it.o
         0          0          0          0          0        380   stream_buffer.o
         2          0         24          4          0       1151   system_stm32f1xx.o
      2402        318          0         60        240      18567   tasks.o
      1988        106          0          0        432       6853   tim.o
       100         18          0          0          0       1188   turn.o
       284         40          0          7        268       4398   uart.o
       868         82          0          0        340     410021   usart.o
      2806       1262        120         28          0       6018   usmart.o
         0          0        116        268          0       2168   usmart_config.o
      1400         20          0          0          0       8677   usmart_str.o
       284         36          0          1         40       2499   vision.o

    ----------------------------------------------------------------------
     32370       3314        596        500      25020    2068509   Object Totals
         0          0         32          0          0          0   (incl. Generated)
        38          0          0         10          0          0   (incl. Padding)

    ----------------------------------------------------------------------

      Code (inc. data)   RO Data    RW Data    ZI Data      Debug   Library Member Name

        86          0          0          0          0          0   __dczerorl2.o
         0          0          0          0          0          0   entry.o
         0          0          0          0          0          0   entry10a.o
         0          0          0          0          0          0   entry11a.o
         8          4          0          0          0          0   entry2.o
         4          0          0          0          0          0   entry5.o
         0          0          0          0          0          0   entry7b.o
         0          0          0          0          0          0   entry8b.o
         8          4          0          0          0          0   entry9a.o
        30          0          0          0          0          0   handlers.o
        36          8          0          0          0         68   init.o
         0          0          0          0          0          0   iusefp.o
        30          0          0          0          0         68   llshl.o
        36          0          0          0          0         68   llsshr.o
        32          0          0          0          0         68   llushr.o
        64          0          0          0          0         76   memmovea.o
        36          0          0          0          0        108   memseta.o
      2258         90          0          0          0        452   printfa.o
        44          0          0          0          0         80   uidiv.o
        98          0          0          0          0         92   uldiv.o
        48          0          0          0          0         68   cdrcmple.o
        20          0          0          0          0         68   cfcmple.o
        20          0          0          0          0         68   cfrcmple.o
        56          0          0          0          0         88   d2f.o
       334          0          0          0          0        148   dadd.o
       222          0          0          0          0        100   ddiv.o
       186          0          0          0          0        176   depilogue.o
        48          0          0          0          0         68   dfixul.o
        34          0          0          0          0         76   dflti.o
       228          0          0          0          0         96   dmul.o
        38          0          0          0          0         68   f2d.o
       176          0          0          0          0        140   fadd.o
       124          0          0          0          0         88   fdiv.o
       110          0          0          0          0        168   fepilogue.o
        50          0          0          0          0         68   ffixi.o
        10          0          0          0          0         68   ffltui.o
       100          0          0          0          0         76   fmul.o

    ----------------------------------------------------------------------
      4578        106          0          0          0       2712   Library Totals
         4          0          0          0          0          0   (incl. Padding)

    ----------------------------------------------------------------------

      Code (inc. data)   RO Data    RW Data    ZI Data      Debug   Library Name

      2770        106          0          0          0       1080   mc_w.l
      1804          0          0          0          0       1632   mf_w.l

    ----------------------------------------------------------------------
      4578        106          0          0          0       2712   Library Totals

    ----------------------------------------------------------------------

==============================================================================


      Code (inc. data)   RO Data    RW Data    ZI Data      Debug   

     36948       3420        596        500      25020    2059285   Grand Totals
     36948       3420        596         92      25020    2059285   ELF Image Totals (compressed)
     36948       3420        596         92          0          0   ROM Totals

==============================================================================

    Total RO  Size (Code + RO Data)                37544 (  36.66kB)
    Total RW  Size (RW Data + ZI Data)             25520 (  24.92kB)
    Total ROM Size (Code + RO Data + RW Data)      37636 (  36.75kB)

==============================================================================

