Component: ARM Compiler 5.06 update 6 (build 750) Tool: armlink [4d35ed]

==============================================================================

Section Cross References

    startup_stm32f103xe.o(STACK) refers (Special) to heapauxi.o(.text) for __use_two_region_memory
    startup_stm32f103xe.o(HEAP) refers (Special) to heapauxi.o(.text) for __use_two_region_memory
    startup_stm32f103xe.o(RESET) refers (Special) to heapauxi.o(.text) for __use_two_region_memory
    startup_stm32f103xe.o(RESET) refers to startup_stm32f103xe.o(STACK) for __initial_sp
    startup_stm32f103xe.o(RESET) refers to startup_stm32f103xe.o(.text) for Reset_Handler
    startup_stm32f103xe.o(RESET) refers to stm32f1xx_it.o(i.NMI_Handler) for NMI_Handler
    startup_stm32f103xe.o(RESET) refers to stm32f1xx_it.o(i.HardFault_Handler) for HardFault_Handler
    startup_stm32f103xe.o(RESET) refers to stm32f1xx_it.o(i.MemManage_Handler) for MemManage_Handler
    startup_stm32f103xe.o(RESET) refers to stm32f1xx_it.o(i.BusFault_Handler) for BusFault_Handler
    startup_stm32f103xe.o(RESET) refers to stm32f1xx_it.o(i.UsageFault_Handler) for UsageFault_Handler
    startup_stm32f103xe.o(RESET) refers to stm32f1xx_it.o(i.SVC_Handler) for SVC_Handler
    startup_stm32f103xe.o(RESET) refers to stm32f1xx_it.o(i.DebugMon_Handler) for DebugMon_Handler
    startup_stm32f103xe.o(RESET) refers to stm32f1xx_it.o(i.PendSV_Handler) for PendSV_Handler
    startup_stm32f103xe.o(RESET) refers to stm32f1xx_it.o(i.SysTick_Handler) for SysTick_Handler
    startup_stm32f103xe.o(RESET) refers to stm32f1xx_it.o(i.USART1_IRQHandler) for USART1_IRQHandler
    startup_stm32f103xe.o(RESET) refers to stm32f1xx_it.o(i.USART2_IRQHandler) for USART2_IRQHandler
    startup_stm32f103xe.o(RESET) refers to stm32f1xx_it.o(i.USART3_IRQHandler) for USART3_IRQHandler
    startup_stm32f103xe.o(RESET) refers to vision.o(i.UART4_IRQHandler) for UART4_IRQHandler
    startup_stm32f103xe.o(RESET) refers to stm32f1xx_it.o(i.UART5_IRQHandler) for UART5_IRQHandler
    startup_stm32f103xe.o(RESET) refers to stm32f1xx_it.o(i.TIM6_IRQHandler) for TIM6_IRQHandler
    startup_stm32f103xe.o(RESET) refers to stm32f1xx_it.o(i.DMA2_Channel3_IRQHandler) for DMA2_Channel3_IRQHandler
    startup_stm32f103xe.o(.text) refers (Special) to heapauxi.o(.text) for __use_two_region_memory
    startup_stm32f103xe.o(.text) refers to system_stm32f1xx.o(i.SystemInit) for SystemInit
    startup_stm32f103xe.o(.text) refers to __main.o(!!!main) for __main
    startup_stm32f103xe.o(.text) refers to startup_stm32f103xe.o(HEAP) for Heap_Mem
    startup_stm32f103xe.o(.text) refers to startup_stm32f103xe.o(STACK) for Stack_Mem
    main.o(i.SystemClock_Config) refers to rt_memclr_w.o(.text) for __aeabi_memclr4
    main.o(i.SystemClock_Config) refers to stm32f1xx_hal_rcc.o(i.HAL_RCC_OscConfig) for HAL_RCC_OscConfig
    main.o(i.SystemClock_Config) refers to stm32f1xx_hal_rcc.o(i.HAL_RCC_ClockConfig) for HAL_RCC_ClockConfig
    main.o(i.main) refers to stm32f1xx_hal.o(i.HAL_Init) for HAL_Init
    main.o(i.main) refers to main.o(i.SystemClock_Config) for SystemClock_Config
    main.o(i.main) refers to gpio.o(i.MX_GPIO_Init) for MX_GPIO_Init
    main.o(i.main) refers to dma.o(i.MX_DMA_Init) for MX_DMA_Init
    main.o(i.main) refers to tim.o(i.MX_TIM6_Init) for MX_TIM6_Init
    main.o(i.main) refers to usart.o(i.MX_UART4_Init) for MX_UART4_Init
    main.o(i.main) refers to usart.o(i.MX_UART5_Init) for MX_UART5_Init
    main.o(i.main) refers to usart.o(i.MX_USART1_UART_Init) for MX_USART1_UART_Init
    main.o(i.main) refers to usart.o(i.MX_USART2_UART_Init) for MX_USART2_UART_Init
    main.o(i.main) refers to usart.o(i.MX_USART3_UART_Init) for MX_USART3_UART_Init
    main.o(i.main) refers to vision.o(i.vision_receive_init) for vision_receive_init
    main.o(i.main) refers to servo.o(i.Servo_Init) for Servo_Init
    main.o(i.main) refers to pid.o(i.PID_init) for PID_init
    main.o(i.main) refers to stm32f1xx_hal.o(i.HAL_Delay) for HAL_Delay
    main.o(i.main) refers to servo.o(i.OUT_servo_motor_angel) for OUT_servo_motor_angel
    main.o(i.main) refers to ffix.o(x$fpl$ffix) for __aeabi_f2iz
    main.o(i.main) refers to laser.o(i.SendCMD) for SendCMD
    main.o(i.main) refers to laser.o(i.Sendone) for Sendone
    main.o(i.main) refers to servo.o(i.servo_control) for servo_control
    main.o(i.main) refers to servo.o(.bss) for W_servo
    dma.o(i.MX_DMA_Init) refers to stm32f1xx_hal_cortex.o(i.HAL_NVIC_SetPriority) for HAL_NVIC_SetPriority
    dma.o(i.MX_DMA_Init) refers to stm32f1xx_hal_cortex.o(i.HAL_NVIC_EnableIRQ) for HAL_NVIC_EnableIRQ
    tim.o(i.HAL_TIM_Base_MspDeInit) refers to stm32f1xx_hal_cortex.o(i.HAL_NVIC_DisableIRQ) for HAL_NVIC_DisableIRQ
    tim.o(i.HAL_TIM_Base_MspInit) refers to stm32f1xx_hal_cortex.o(i.HAL_NVIC_SetPriority) for HAL_NVIC_SetPriority
    tim.o(i.HAL_TIM_Base_MspInit) refers to stm32f1xx_hal_cortex.o(i.HAL_NVIC_EnableIRQ) for HAL_NVIC_EnableIRQ
[...]
    i.UART_DMAReceiveCplt                    0x0800319e   Section        0  stm32f1xx_hal_uart.o(i.UART_DMAReceiveCplt)
    UART_DMAReceiveCplt                      0x0800319f   Thumb Code   134  stm32f1xx_hal_uart.o(i.UART_DMAReceiveCplt)
    i.UART_DMARxHalfCplt                     0x08003224   Section        0  stm32f1xx_hal_uart.o(i.UART_DMARxHalfCplt)
    UART_DMARxHalfCplt                       0x08003225   Thumb Code    30  stm32f1xx_hal_uart.o(i.UART_DMARxHalfCplt)
    i.UART_EndRxTransfer                     0x08003242   Section        0  stm32f1xx_hal_uart.o(i.UART_EndRxTransfer)
    UART_EndRxTransfer                       0x08003243   Thumb Code    78  stm32f1xx_hal_uart.o(i.UART_EndRxTransfer)
    i.UART_EndTxTransfer                     0x08003290   Section        0  stm32f1xx_hal_uart.o(i.UART_EndTxTransfer)
    UART_EndTxTransfer                       0x08003291   Thumb Code    28  stm32f1xx_hal_uart.o(i.UART_EndTxTransfer)
    i.UART_Receive_IT                        0x080032ac   Section        0  stm32f1xx_hal_uart.o(i.UART_Receive_IT)
    UART_Receive_IT                          0x080032ad   Thumb Code   194  stm32f1xx_hal_uart.o(i.UART_Receive_IT)
    i.UART_SetConfig                         0x08003370   Section        0  stm32f1xx_hal_uart.o(i.UART_SetConfig)
    UART_SetConfig                           0x08003371   Thumb Code   178  stm32f1xx_hal_uart.o(i.UART_SetConfig)
    i.UART_Start_Receive_DMA                 0x08003428   Section        0  stm32f1xx_hal_uart.o(i.UART_Start_Receive_DMA)
    i.UART_WaitOnFlagUntilTimeout            0x080034b8   Section        0  stm32f1xx_hal_uart.o(i.UART_WaitOnFlagUntilTimeout)
    UART_WaitOnFlagUntilTimeout              0x080034b9   Thumb Code   120  stm32f1xx_hal_uart.o(i.UART_WaitOnFlagUntilTimeout)
    i.USART1_IRQHandler                      0x08003530   Section        0  stm32f1xx_it.o(i.USART1_IRQHandler)
    i.USART2_IRQHandler                      0x0800353c   Section        0  stm32f1xx_it.o(i.USART2_IRQHandler)
    i.USART3_IRQHandler                      0x08003548   Section        0  stm32f1xx_it.o(i.USART3_IRQHandler)
    i.UsageFault_Handler                     0x08003554   Section        0  stm32f1xx_it.o(i.UsageFault_Handler)
    i.__ARM_fpclassify                       0x08003556   Section        0  fpclassify.o(i.__ARM_fpclassify)
    i.__NVIC_SetPriority                     0x0800357e   Section        0  stm32f1xx_hal_cortex.o(i.__NVIC_SetPriority)
    __NVIC_SetPriority                       0x0800357f   Thumb Code    32  stm32f1xx_hal_cortex.o(i.__NVIC_SetPriority)
    i.__ieee754_rem_pio2                     0x080035a0   Section        0  rred.o(i.__ieee754_rem_pio2)
    i.__kernel_cos                           0x08003928   Section        0  cos_i.o(i.__kernel_cos)
    i.__kernel_poly                          0x08003a24   Section        0  poly.o(i.__kernel_poly)
    i.__kernel_sin                           0x08003ad0   Section        0  sin_i.o(i.__kernel_sin)
    i.__mathlib_dbl_infnan                   0x08003bbc   Section        0  dunder.o(i.__mathlib_dbl_infnan)
    i.__mathlib_dbl_infnan2                  0x08003bc2   Section        0  dunder.o(i.__mathlib_dbl_infnan2)
    i.__mathlib_dbl_invalid                  0x08003bc6   Section        0  dunder.o(i.__mathlib_dbl_invalid)
    i.__mathlib_dbl_underflow                0x08003bd4   Section        0  dunder.o(i.__mathlib_dbl_underflow)
    i._sys_exit                              0x08003be4   Section        0  vision.o(i._sys_exit)
    i.atan                                   0x08003be8   Section        0  atan.o(i.atan)
    i.atan2                                  0x08003e08   Section        0  atan2.o(i.atan2)
    i.cos                                    0x08003f88   Section        0  cos.o(i.cos)
    i.data2angel                             0x08004024   Section        0  servo.o(i.data2angel)
    i.fputc                                  0x08004040   Section        0  vision.o(i.fputc)
    i.get_XYZ                                0x08004058   Section        0  servo.o(i.get_XYZ)
    i.main                                   0x080041a8   Section        0  main.o(i.main)
    i.matrix_mul                             0x0800427c   Section        0  servo.o(i.matrix_mul)
    i.positional_PID                         0x080042d8   Section        0  pid.o(i.positional_PID)
    i.servo_control                          0x0800437c   Section        0  servo.o(i.servo_control)
    i.sin                                    0x080049e0   Section        0  sin.o(i.sin)
    i.slove_angle                            0x08004a80   Section        0  servo.o(i.slove_angle)
    i.sqrt                                   0x08004d18   Section        0  sqrt.o(i.sqrt)
    i.vision_receive_init                    0x08004d64   Section        0  vision.o(i.vision_receive_init)
    locale$$code                             0x08004d84   Section       44  lc_numeric_c.o(locale$$code)
    x$fpl$d2f                                0x08004db0   Section       98  d2f.o(x$fpl$d2f)
    x$fpl$dadd                               0x08004e14   Section      336  daddsub_clz.o(x$fpl$dadd)
    _dadd1                                   0x08004e25   Thumb Code     0  daddsub_clz.o(x$fpl$dadd)
    x$fpl$dcheck1                            0x08004f64   Section       16  dcheck1.o(x$fpl$dcheck1)
    x$fpl$dcmpinf                            0x08004f74   Section       24  dcmpi.o(x$fpl$dcmpinf)
    x$fpl$ddiv                               0x08004f8c   Section      688  ddiv.o(x$fpl$ddiv)
    ddiv_entry                               0x08004f93   Thumb Code     0  ddiv.o(x$fpl$ddiv)
    x$fpl$dfix                               0x0800523c   Section       94  dfix.o(x$fpl$dfix)
    x$fpl$dflt                               0x0800529a   Section       46  dflt_clz.o(x$fpl$dflt)
    x$fpl$dfltu                              0x080052c8   Section       38  dflt_clz.o(x$fpl$dfltu)
    x$fpl$dleqf                              0x080052f0   Section      120  dleqf.o(x$fpl$dleqf)
    x$fpl$dmul                               0x08005368   Section      340  dmul.o(x$fpl$dmul)
    x$fpl$dnaninf                            0x080054bc   Section      156  dnaninf.o(x$fpl$dnaninf)
    x$fpl$dretinf                            0x08005558   Section       12  dretinf.o(x$fpl$dretinf)
    x$fpl$drleqf                             0x08005564   Section      108  drleqf.o(x$fpl$drleqf)
    x$fpl$drsb                               0x080055d0   Section       22  daddsub_clz.o(x$fpl$drsb)
    x$fpl$dsqrt                              0x080055e8   Section      460  dsqrt_noumaal.o(x$fpl$dsqrt)
    x$fpl$dsub                               0x080057b4   Section      468  daddsub_clz.o(x$fpl$dsub)
    _dsub1                                   0x080057c5   Thumb Code     0  daddsub_clz.o(x$fpl$dsub)
    x$fpl$f2d                                0x08005988   Section       86  f2d.o(x$fpl$f2d)
    x$fpl$fadd                               0x080059e0   Section      196  faddsub_clz.o(x$fpl$fadd)
    _fadd1                                   0x080059ef   Thumb Code     0  faddsub_clz.o(x$fpl$fadd)
    x$fpl$fcmpinf                            0x08005aa4   Section       24  fcmpi.o(x$fpl$fcmpinf)
    x$fpl$fdiv                               0x08005abc   Section      388  fdiv.o(x$fpl$fdiv)
    _fdiv1                                   0x08005abd   Thumb Code     0  fdiv.o(x$fpl$fdiv)
    x$fpl$ffix                               0x08005c40   Section       54  ffix.o(x$fpl$ffix)
    x$fpl$fflt                               0x08005c78   Section       48  fflt_clz.o(x$fpl$fflt)
    x$fpl$ffltu                              0x08005ca8   Section       38  fflt_clz.o(x$fpl$ffltu)
    x$fpl$fleqf                              0x08005cd0   Section      104  fleqf.o(x$fpl$fleqf)
    x$fpl$fmul                               0x08005d38   Section      258  fmul.o(x$fpl$fmul)
    x$fpl$fnaninf                            0x08005e3a   Section      140  fnaninf.o(x$fpl$fnaninf)
    x$fpl$fretinf                            0x08005ec6   Section       10  fretinf.o(x$fpl$fretinf)
    x$fpl$frleqf                             0x08005ed0   Section       98  frleqf.o(x$fpl$frleqf)
    x$fpl$frsb                               0x08005f32   Section       20  faddsub_clz.o(x$fpl$frsb)
    x$fpl$fsub                               0x08005f48   Section      234  faddsub_clz.o(x$fpl$fsub)
    _fsub1                                   0x08005f57   Thumb Code     0  faddsub_clz.o(x$fpl$fsub)
    x$fpl$printf1                            0x08006032   Section        4  printf1.o(x$fpl$printf1)
    x$fpl$retnan                             0x08006036   Section      100  retnan.o(x$fpl$retnan)
    x$fpl$scalbn                             0x0800609a   Section       92  scalbn.o(x$fpl$scalbn)
    x$fpl$trapveneer                         0x080060f6   Section       48  trapv.o(x$fpl$trapveneer)
    .constdata                               0x08006126   Section       18  stm32f1xx_hal_rcc.o(.constdata)
    x$fpl$usenofp                            0x08006126   Section        0  usenofp.o(x$fpl$usenofp)
    aPredivFactorTable                       0x08006126   Data           2  stm32f1xx_hal_rcc.o(.constdata)
    aPLLMULFactorTable                       0x08006128   Data          16  stm32f1xx_hal_rcc.o(.constdata)
    .constdata                               0x08006138   Section       16  system_stm32f1xx.o(.constdata)
    .constdata                               0x08006148   Section        8  system_stm32f1xx.o(.constdata)
    .constdata                               0x08006150   Section      192  servo.o(.constdata)
    .constdata                               0x08006210   Section      152  atan.o(.constdata)
    atanhi                                   0x08006210   Data          32  atan.o(.constdata)
    atanlo                                   0x08006230   Data          32  atan.o(.constdata)
    aTodd                                    0x08006250   Data          40  atan.o(.constdata)
    aTeven                                   0x08006278   Data          48  atan.o(.constdata)
    .constdata                               0x080062a8   Section       48  cos_i.o(.constdata)
    C                                        0x080062a8   Data          48  cos_i.o(.constdata)
    .constdata                               0x080062d8   Section        8  qnan.o(.constdata)
    .constdata                               0x080062e0   Section      200  rred.o(.constdata)
    pio2s                                    0x080062e0   Data          48  rred.o(.constdata)
    twooverpi                                0x08006310   Data         152  rred.o(.constdata)
    .constdata                               0x080063a8   Section       40  sin_i.o(.constdata)
    S                                        0x080063a8   Data          40  sin_i.o(.constdata)
    .constdata                               0x080063d0   Section      148  bigflt0.o(.constdata)
    tenpwrs_x                                0x080063d0   Data          60  bigflt0.o(.constdata)
    tenpwrs_i                                0x0800640c   Data          64  bigflt0.o(.constdata)
    locale$$data                             0x08006484   Section       28  lc_numeric_c.o(locale$$data)
    __lcnum_c_name                           0x08006488   Data           2  lc_numeric_c.o(locale$$data)
    __lcnum_c_start                          0x08006490   Data           0  lc_numeric_c.o(locale$$data)
    __lcnum_c_point                          0x0800649c   Data           0  lc_numeric_c.o(locale$$data)
    __lcnum_c_thousands                      0x0800649e   Data           0  lc_numeric_c.o(locale$$data)
    __lcnum_c_grouping                       0x0800649f   Data           0  lc_numeric_c.o(locale$$data)
    __lcnum_c_end                            0x080064a0   Data           0  lc_numeric_c.o(locale$$data)
    .data                                    0x20000000   Section       12  stm32f1xx_hal.o(.data)
    .data                                    0x2000000c   Section        4  system_stm32f1xx.o(.data)
    .data                                    0x20000010   Section        1  vision.o(.data)
    .data                                    0x20000014   Section        4  vision.o(.data)
    .data                                    0x20000018   Section        2  servo.o(.data)
    times                                    0x20000018   Data           2  servo.o(.data)
    .bss                                     0x2000001c   Section       72  tim.o(.bss)
    .bss                                     0x20000064   Section      428  usart.o(.bss)
    .bss                                     0x20000210   Section       28  pid.o(.bss)
    .bss                                     0x2000022c   Section       28  pid.o(.bss)
    .bss                                     0x20000248   Section       28  pid.o(.bss)
    .bss                                     0x20000264   Section       84  pid.o(.bss)
    .bss                                     0x200002b8   Section       40  vision.o(.bss)
    .bss                                     0x200002e0   Section      188  servo.o(.bss)
    .bss                                     0x2000039c   Section       96  libspace.o(.bss)
    HEAP                                     0x20000400   Section      512  startup_stm32f103xe.o(HEAP)
    Heap_Mem                                 0x20000400   Data         512  startup_stm32f103xe.o(HEAP)
    STACK                                    0x20000600   Section     1024  startup_stm32f103xe.o(STACK)
    Stack_Mem                                0x20000600   Data        1024  startup_stm32f103xe.o(STACK)
    __initial_sp                             0x20000a00   Data           0  startup_stm32f103xe.o(STACK)

    Global Symbols

    Symbol Name                              Value     Ov Type        Size  Object(Section)

    BuildAttributes$$THM_ISAv4$P$D$K$B$S$PE$A:L22UL41UL21$X:L11$S22US41US21$IEEE1$IW$USESV6$~STKCKD$USESV7$~SHL$OTIME$ROPI$IEEEX$EBA8$UX$STANDARDLIB$REQ8$PRES8$EABIv2 0x00000000   Number         0  anon$$obj.o ABSOLUTE
    __ARM_use_no_argv                        0x00000000   Number         0  main.o ABSOLUTE
    __ARM_exceptions_init                     - Undefined Weak Reference
    __alloca_initialize                       - Undefined Weak Reference
    __arm_preinit_                            - Undefined Weak Reference
    __cpp_initialize__aeabi_                  - Undefined Weak Reference
    __cxa_finalize                            - Undefined Weak Reference
    __sigvec_lookup                           - Undefined Weak Reference
    _atexit_init                              - Undefined Weak Reference
    _call_atexit_fns                          - Undefined Weak Reference
    _clock_init                               - Undefined Weak Reference
    _fp_trap_init                             - Undefined Weak Reference
    _fp_trap_shutdown                         - Undefined Weak Reference
    _get_lc_collate                           - Undefined Weak Reference
    _get_lc_ctype                             - Undefined Weak Reference
    _get_lc_monetary                          - Undefined Weak Reference
    _get_lc_time                              - Undefined Weak Reference
    _getenv_init                              - Undefined Weak Reference
    _handle_redirection                       - Undefined Weak Reference
    _init_alloc                               - Undefined Weak Reference
    _init_user_alloc                          - Undefined Weak Reference
    _initio                                   - Undefined Weak Reference
    _mutex_acquire                            - Undefined Weak Reference
    _mutex_release                            - Undefined Weak Reference
    _printf_post_padding                      - Undefined Weak Reference
    _printf_pre_padding                       - Undefined Weak Reference
    _printf_truncate_signed                   - Undefined Weak Reference
    _printf_truncate_unsigned                 - Undefined Weak Reference
    _rand_init                                - Undefined Weak Reference
    _signal_finish                            - Undefined Weak Reference
    _signal_init                              - Undefined Weak Reference
    _terminate_alloc                          - Undefined Weak Reference
    _terminate_user_alloc                     - Undefined Weak Reference
    _terminateio                              - Undefined Weak Reference
    __Vectors_Size                           0x00000130   Number         0  startup_stm32f103xe.o ABSOLUTE
    __Vectors                                0x08000000   Data           4  startup_stm32f103xe.o(RESET)
    __Vectors_End                            0x08000130   Data           0  startup_stm32f103xe.o(RESET)
    __main                                   0x08000131   Thumb Code     8  __main.o(!!!main)
    __scatterload                            0x08000139   Thumb Code     0  __scatter.o(!!!scatter)
    __scatterload_rt2                        0x08000139   Thumb Code    44  __scatter.o(!!!scatter)
    __scatterload_rt2_thumb_only             0x08000139   Thumb Code     0  __scatter.o(!!!scatter)
    __scatterload_null                       0x08000147   Thumb Code     0  __scatter.o(!!!scatter)
    __scatterload_copy                       0x0800016d   Thumb Code    26  __scatter_copy.o(!!handler_copy)
    __scatterload_zeroinit                   0x08000189   Thumb Code    28  __scatter_zi.o(!!handler_zi)
    _printf_f                                0x080001a5   Thumb Code     0  _printf_f.o(.ARM.Collect$$_printf_percent$$00000003)
    _printf_percent                          0x080001a5   Thumb Code     0  _printf_percent.o(.ARM.Collect$$_printf_percent$$00000000)
    _printf_d                                0x080001ab   Thumb Code     0  _printf_d.o(.ARM.Collect$$_printf_percent$$00000009)
    _printf_percent_end                      0x080001b1   Thumb Code     0  _printf_percent_end.o(.ARM.Collect$$_printf_percent$$00000017)
    __rt_lib_init                            0x080001b5   Thumb Code     0  libinit.o(.ARM.Collect$$libinit$$00000000)
    __rt_lib_init_fp_1                       0x080001b7   Thumb Code     0  libinit2.o(.ARM.Collect$$libinit$$00000002)
    __rt_lib_init_heap_1                     0x080001b7   Thumb Code     0  libinit2.o(.ARM.Collect$$libinit$$0000000A)
    __rt_lib_init_lc_common                  0x080001b7   Thumb Code     0  libinit2.o(.ARM.Collect$$libinit$$0000000F)
    __rt_lib_init_preinit_1                  0x080001b7   Thumb Code     0  libinit2.o(.ARM.Collect$$libinit$$00000004)
    __rt_lib_init_rand_1                     0x080001b7   Thumb Code     0  libinit2.o(.ARM.Collect$$libinit$$0000000E)
    __rt_lib_init_user_alloc_1               0x080001b7   Thumb Code     0  libinit2.o(.ARM.Collect$$libinit$$0000000C)
    __rt_lib_init_lc_collate_1               0x080001bd   Thumb Code     0  libinit2.o(.ARM.Collect$$libinit$$00000011)
    __rt_lib_init_lc_ctype_1                 0x080001bd   Thumb Code     0  libinit2.o(.ARM.Collect$$libinit$$00000013)
    __rt_lib_init_lc_monetary_1              0x080001bd   Thumb Code     0  libinit2.o(.ARM.Collect$$libinit$$00000015)
    __rt_lib_init_lc_numeric_2               0x080001bd   Thumb Code     0  libinit2.o(.ARM.Collect$$libinit$$00000016)
    __rt_lib_init_alloca_1                   0x080001c7   Thumb Code     0  libinit2.o(.ARM.Collect$$libinit$$0000002E)
    __rt_lib_init_argv_1                     0x080001c7   Thumb Code     0  libinit2.o(.ARM.Collect$$libinit$$0000002C)
    __rt_lib_init_atexit_1                   0x080001c7   Thumb Code     0  libinit2.o(.ARM.Collect$$libinit$$0000001B)
    __rt_lib_init_clock_1                    0x080001c7   Thumb Code     0  libinit2.o(.ARM.Collect$$libinit$$00000021)
    __rt_lib_init_cpp_1                      0x080001c7   Thumb Code     0  libinit2.o(.ARM.Collect$$libinit$$00000032)
    __rt_lib_init_exceptions_1               0x080001c7   Thumb Code     0  libinit2.o(.ARM.Collect$$libinit$$00000030)
    __rt_lib_init_fp_trap_1                  0x080001c7   Thumb Code     0  libinit2.o(.ARM.Collect$$libinit$$0000001F)
    __rt_lib_init_getenv_1                   0x080001c7   Thumb Code     0  libinit2.o(.ARM.Collect$$libinit$$00000023)
    __rt_lib_init_lc_numeric_1               0x080001c7   Thumb Code     0  libinit2.o(.ARM.Collect$$libinit$$00000017)
    __rt_lib_init_lc_time_1                  0x080001c7   Thumb Code     0  libinit2.o(.ARM.Collect$$libinit$$00000019)
    __rt_lib_init_return                     0x080001c7   Thumb Code     0  libinit2.o(.ARM.Collect$$libinit$$00000033)
    __rt_lib_init_signal_1                   0x080001c7   Thumb Code     0  libinit2.o(.ARM.Collect$$libinit$$0000001D)
    __rt_lib_init_stdio_1                    0x080001c7   Thumb Code     0  libinit2.o(.ARM.Collect$$libinit$$00000025)
    __rt_lib_shutdown                        0x080001c9   Thumb Code     0  libshutdown.o(.ARM.Collect$$libshutdown$$00000000)
    __rt_lib_shutdown_cpp_1                  0x080001cb   Thumb Code     0  libshutdown2.o(.ARM.Collect$$libshutdown$$00000002)
    __rt_lib_shutdown_fp_trap_1              0x080001cb   Thumb Code     0  libshutdown2.o(.ARM.Collect$$libshutdown$$00000007)
    __rt_lib_shutdown_heap_1                 0x080001cb   Thumb Code     0  libshutdown2.o(.ARM.Collect$$libshutdown$$0000000F)
    __rt_lib_shutdown_return                 0x080001cb   Thumb Code     0  libshutdown2.o(.ARM.Collect$$libshutdown$$00000010)
    __rt_lib_shutdown_signal_1               0x080001cb   Thumb Code     0  libshutdown2.o(.ARM.Collect$$libshutdown$$0000000A)
    __rt_lib_shutdown_stdio_1                0x080001cb   Thumb Code     0  libshutdown2.o(.ARM.Collect$$libshutdown$$00000004)
    __rt_lib_shutdown_user_alloc_1           0x080001cb   Thumb Code     0  libshutdown2.o(.ARM.Collect$$libshutdown$$0000000C)
    __rt_entry                               0x080001cd   Thumb Code     0  __rtentry.o(.ARM.Collect$$rtentry$$00000000)
    __rt_entry_presh_1                       0x080001cd   Thumb Code     0  __rtentry2.o(.ARM.Collect$$rtentry$$00000002)
    __rt_entry_sh                            0x080001cd   Thumb Code     0  __rtentry4.o(.ARM.Collect$$rtentry$$00000004)
    __rt_entry_li                            0x080001d3   Thumb Code     0  __rtentry2.o(.ARM.Collect$$rtentry$$0000000A)
    __rt_entry_postsh_1                      0x080001d3   Thumb Code     0  __rtentry2.o(.ARM.Collect$$rtentry$$00000009)
    __rt_entry_main                          0x080001d7   Thumb Code     0  __rtentry2.o(.ARM.Collect$$rtentry$$0000000D)
    __rt_entry_postli_1                      0x080001d7   Thumb Code     0  __rtentry2.o(.ARM.Collect$$rtentry$$0000000C)
    __rt_exit                                0x080001df   Thumb Code     0  rtexit.o(.ARM.Collect$$rtexit$$00000000)
    __rt_exit_ls                             0x080001e1   Thumb Code     0  rtexit2.o(.ARM.Collect$$rtexit$$00000003)
    __rt_exit_prels_1                        0x080001e1   Thumb Code     0  rtexit2.o(.ARM.Collect$$rtexit$$00000002)
    __rt_exit_exit                           0x080001e5   Thumb Code     0  rtexit2.o(.ARM.Collect$$rtexit$$00000004)
    Reset_Handler                            0x080001ed   Thumb Code     8  startup_stm32f103xe.o(.text)
    ADC1_2_IRQHandler                        0x08000207   Thumb Code     0  startup_stm32f103xe.o(.text)
    ADC3_IRQHandler                          0x08000207   Thumb Code     0  startup_stm32f103xe.o(.text)
    CAN1_RX1_IRQHandler                      0x08000207   Thumb Code     0  startup_stm32f103xe.o(.text)
    CAN1_SCE_IRQHandler                      0x08000207   Thumb Code     0  startup_stm32f103xe.o(.text)
    DMA1_Channel1_IRQHandler                 0x08000207   Thumb Code     0  startup_stm32f103xe.o(.text)
    DMA1_Channel2_IRQHandler                 0x08000207   Thumb Code     0  startup_stm32f103xe.o(.text)
    DMA1_Channel3_IRQHandler                 0x08000207   Thumb Code     0  startup_stm32f103xe.o(.text)
    DMA1_Channel4_IRQHandler                 0x08000207   Thumb Code     0  startup_stm32f103xe.o(.text)
    DMA1_Channel5_IRQHandler                 0x08000207   Thumb Code     0  startup_stm32f103xe.o(.text)
    DMA1_Channel6_IRQHandler                 0x08000207   Thumb Code     0  startup_stm32f103xe.o(.text)
    DMA1_Channel7_IRQHandler                 0x08000207   Thumb Code     0  startup_stm32f103xe.o(.text)
    DMA2_Channel1_IRQHandler                 0x08000207   Thumb Code     0  startup_stm32f103xe.o(.text)
    DMA2_Channel2_IRQHandler                 0x08000207   Thumb Code     0  startup_stm32f103xe.o(.text)
    DMA2_Channel4_5_IRQHandler               0x08000207   Thumb Code     0  startup_stm32f103xe.o(.text)
    EXTI0_IRQHandler                         0x08000207   Thumb Code     0  startup_stm32f103xe.o(.text)
    EXTI15_10_IRQHandler                     0x08000207   Thumb Code     0  startup_stm32f103xe.o(.text)
    EXTI1_IRQHandler                         0x08000207   Thumb Code     0  startup_stm32f103xe.o(.text)
    EXTI2_IRQHandler                         0x08000207   Thumb Code     0  startup_stm32f103xe.o(.text)
    EXTI3_IRQHandler                         0x08000207   Thumb Code     0  startup_stm32f103xe.o(.text)
    EXTI4_IRQHandler                         0x08000207   Thumb Code     0  startup_stm32f103xe.o(.text)
    EXTI9_5_IRQHandler                       0x08000207   Thumb Code     0  startup_stm32f103xe.o(.text)
    FLASH_IRQHandler                         0x08000207   Thumb Code     0  startup_stm32f103xe.o(.text)
    FSMC_IRQHandler                          0x08000207   Thumb Code     0  startup_stm32f103xe.o(.text)
    I2C1_ER_IRQHandler                       0x08000207   Thumb Code     0  startup_stm32f103xe.o(.text)
    I2C1_EV_IRQHandler                       0x08000207   Thumb Code     0  startup_stm32f103xe.o(.text)
    I2C2_ER_IRQHandler                       0x08000207   Thumb Code     0  startup_stm32f103xe.o(.text)
    I2C2_EV_IRQHandler                       0x08000207   Thumb Code     0  startup_stm32f103xe.o(.text)
    PVD_IRQHandler                           0x08000207   Thumb Code     0  startup_stm32f103xe.o(.text)
    RCC_IRQHandler                           0x08000207   Thumb Code     0  startup_stm32f103xe.o(.text)
    RTC_Alarm_IRQHandler                     0x08000207   Thumb Code     0  startup_stm32f103xe.o(.text)
    RTC_IRQHandler                           0x08000207   Thumb Code     0  startup_stm32f103xe.o(.text)
    SDIO_IRQHandler                          0x08000207   Thumb Code     0  startup_stm32f103xe.o(.text)
    SPI1_IRQHandler                          0x08000207   Thumb Code     0  startup_stm32f103xe.o(.text)
    SPI2_IRQHandler                          0x08000207   Thumb Code     0  startup_stm32f103xe.o(.text)
    SPI3_IRQHandler                          0x08000207   Thumb Code     0  startup_stm32f103xe.o(.text)
    TAMPER_IRQHandler                        0x08000207   Thumb Code     0  startup_stm32f103xe.o(.text)
    TIM1_BRK_IRQHandler                      0x08000207   Thumb Code     0  startup_stm32f103xe.o(.text)
    TIM1_CC_IRQHandler                       0x08000207   Thumb Code     0  startup_stm32f103xe.o(.text)
    TIM1_TRG_COM_IRQHandler                  0x08000207   Thumb Code     0  startup_stm32f103xe.o(.text)
    TIM1_UP_IRQHandler                       0x08000207   Thumb Code     0  startup_stm32f103xe.o(.text)
    TIM2_IRQHandler                          0x08000207   Thumb Code     0  startup_stm32f103xe.o(.text)
    TIM3_IRQHandler                          0x08000207   Thumb Code     0  startup_stm32f103xe.o(.text)
    TIM4_IRQHandler                          0x08000207   Thumb Code     0  startup_stm32f103xe.o(.text)
    TIM5_IRQHandler                          0x08000207   Thumb Code     0  startup_stm32f103xe.o(.text)
    TIM7_IRQHandler                          0x08000207   Thumb Code     0  startup_stm32f103xe.o(.text)
    TIM8_BRK_IRQHandler                      0x08000207   Thumb Code     0  startup_stm32f103xe.o(.text)
    TIM8_CC_IRQHandler                       0x08000207   Thumb Code     0  startup_stm32f103xe.o(.text)
    TIM8_TRG_COM_IRQHandler                  0x08000207   Thumb Code     0  startup_stm32f103xe.o(.text)
    TIM8_UP_IRQHandler                       0x08000207   Thumb Code     0  startup_stm32f103xe.o(.text)
    USBWakeUp_IRQHandler                     0x08000207   Thumb Code     0  startup_stm32f103xe.o(.text)
    USB_HP_CAN1_TX_IRQHandler                0x08000207   Thumb Code     0  startup_stm32f103xe.o(.text)
    USB_LP_CAN1_RX0_IRQHandler               0x08000207   Thumb Code     0  startup_stm32f103xe.o(.text)
    WWDG_IRQHandler                          0x08000207   Thumb Code     0  startup_stm32f103xe.o(.text)
    __user_initial_stackheap                 0x08000209   Thumb Code     0  startup_stm32f103xe.o(.text)
    __2printf                                0x0800022d   Thumb Code    20  noretval__2printf.o(.text)
    __printf                                 0x08000245   Thumb Code   104  __printf.o(.text)
    _printf_int_dec                          0x080002ad   Thumb Code   104  _printf_dec.o(.text)
    __aeabi_memcpy4                          0x08000325   Thumb Code     0  rt_memcpy_w.o(.text)
    __aeabi_memcpy8                          0x08000325   Thumb Code     0  rt_memcpy_w.o(.text)
    __rt_memcpy_w                            0x08000325   Thumb Code   100  rt_memcpy_w.o(.text)
    _memcpy_lastbytes_aligned                0x0800036d   Thumb Code     0  rt_memcpy_w.o(.text)
    __aeabi_memclr4                          0x08000389   Thumb Code     0  rt_memclr_w.o(.text)
    __aeabi_memclr8                          0x08000389   Thumb Code     0  rt_memclr_w.o(.text)
    __rt_memclr_w                            0x08000389   Thumb Code    78  rt_memclr_w.o(.text)
    _memset_w                                0x0800038d   Thumb Code     0  rt_memclr_w.o(.text)
    __use_two_region_memory                  0x080003d7   Thumb Code     2  heapauxi.o(.text)
    __rt_heap_escrow$2region                 0x080003d9   Thumb Code     2  heapauxi.o(.text)
    __rt_heap_expand$2region                 0x080003db   Thumb Code     2  heapauxi.o(.text)
    __read_errno                             0x080003dd   Thumb Code    10  _rserrno.o(.text)
    __set_errno                              0x080003e7   Thumb Code    12  _rserrno.o(.text)
    _printf_int_common                       0x080003f3   Thumb Code   178  _printf_intcommon.o(.text)
    __lib_sel_fp_printf                      0x080004a5   Thumb Code     2  _printf_fp_dec.o(.text)
    _printf_fp_dec_real                      0x08000657   Thumb Code   620  _printf_fp_dec.o(.text)
    _printf_char_file                        0x080008c5   Thumb Code    32  _printf_char_file.o(.text)
    __rt_locale                              0x080008e9   Thumb Code     8  rt_locale_intlibspace.o(.text)
    __aeabi_errno_addr                       0x080008f1   Thumb Code     8  rt_errno_addr_intlibspace.o(.text)
    __errno$intlibspace                      0x080008f1   Thumb Code     0  rt_errno_addr_intlibspace.o(.text)
    __rt_errno_addr$intlibspace              0x080008f1   Thumb Code     0  rt_errno_addr_intlibspace.o(.text)
    _ll_udiv10                               0x080008f9   Thumb Code   138  lludiv10.o(.text)
    _printf_char_common                      0x0800098f   Thumb Code    32  _printf_char_common.o(.text)
    _printf_fp_infnan                        0x080009b5   Thumb Code   112  _printf_fp_infnan.o(.text)
    _btod_etento                             0x08000a35   Thumb Code   224  bigflt0.o(.text)
    ferror                                   0x08000b19   Thumb Code     8  ferror.o(.text)
    __user_libspace                          0x08000b21   Thumb Code     8  libspace.o(.text)
    __user_perproc_libspace                  0x08000b21   Thumb Code     0  libspace.o(.text)
    __user_perthread_libspace                0x08000b21   Thumb Code     0  libspace.o(.text)
    __user_setup_stackheap                   0x08000b29   Thumb Code    74  sys_stackheap_outer.o(.text)
    exit                                     0x08000b73   Thumb Code    18  exit.o(.text)
    strcmp                                   0x08000b85   Thumb Code   128  strcmpv7m.o(.text)
    _btod_d2e                                0x08000c05   Thumb Code    62  btod.o(CL$$btod_d2e)
    _d2e_denorm_low                          0x08000c43   Thumb Code    70  btod.o(CL$$btod_d2e_denorm_low)
    _d2e_norm_op1                            0x08000c89   Thumb Code    96  btod.o(CL$$btod_d2e_norm_op1)
    __btod_div_common                        0x08000ce9   Thumb Code   696  btod.o(CL$$btod_div_common)
    _e2e                                     0x08001021   Thumb Code   220  btod.o(CL$$btod_e2e)
    _btod_ediv                               0x080010fd   Thumb Code    42  btod.o(CL$$btod_ediv)
    _btod_emul                               0x08001127   Thumb Code    42  btod.o(CL$$btod_emul)
    __btod_mult_common                       0x08001151   Thumb Code   580  btod.o(CL$$btod_mult_common)
    BusFault_Handler                         0x08001395   Thumb Code     2  stm32f1xx_it.o(i.BusFault_Handler)
    Calculate_angle                          0x08001397   Thumb Code    22  servo.o(i.Calculate_angle)
    Calculate_coordinate                     0x080013ad   Thumb Code   198  servo.o(i.Calculate_coordinate)
    DMA2_Channel3_IRQHandler                 0x08001489   Thumb Code     6  stm32f1xx_it.o(i.DMA2_Channel3_IRQHandler)
    DebugMon_Handler                         0x080014bf   Thumb Code     2  stm32f1xx_it.o(i.DebugMon_Handler)
    Error_Handler                            0x080014c1   Thumb Code     4  main.o(i.Error_Handler)
    HAL_DMA_Abort                            0x080014c5   Thumb Code    70  stm32f1xx_hal_dma.o(i.HAL_DMA_Abort)
    HAL_DMA_Abort_IT                         0x0800150d   Thumb Code   296  stm32f1xx_hal_dma.o(i.HAL_DMA_Abort_IT)
    HAL_DMA_IRQHandler                       0x0800163d   Thumb Code   552  stm32f1xx_hal_dma.o(i.HAL_DMA_IRQHandler)
    HAL_DMA_Init                             0x08001885   Thumb Code   112  stm32f1xx_hal_dma.o(i.HAL_DMA_Init)
    HAL_DMA_Start_IT                         0x08001901   Thumb Code   112  stm32f1xx_hal_dma.o(i.HAL_DMA_Start_IT)
    HAL_Delay                                0x08001971   Thumb Code    32  stm32f1xx_hal.o(i.HAL_Delay)
    HAL_GPIO_Init                            0x08001995   Thumb Code   462  stm32f1xx_hal_gpio.o(i.HAL_GPIO_Init)
    HAL_GetTick                              0x08001b8d   Thumb Code     6  stm32f1xx_hal.o(i.HAL_GetTick)
    HAL_IncTick                              0x08001b99   Thumb Code    12  stm32f1xx_hal.o(i.HAL_IncTick)
    HAL_Init                                 0x08001ba9   Thumb Code    32  stm32f1xx_hal.o(i.HAL_Init)
    HAL_InitTick                             0x08001bcd   Thumb Code    54  stm32f1xx_hal.o(i.HAL_InitTick)
    HAL_MspInit                              0x08001c0d   Thumb Code    52  stm32f1xx_hal_msp.o(i.HAL_MspInit)
    HAL_NVIC_EnableIRQ                       0x08001c49   Thumb Code    26  stm32f1xx_hal_cortex.o(i.HAL_NVIC_EnableIRQ)
    HAL_NVIC_SetPriority                     0x08001c65   Thumb Code    60  stm32f1xx_hal_cortex.o(i.HAL_NVIC_SetPriority)
    HAL_NVIC_SetPriorityGrouping             0x08001ca5   Thumb Code    26  stm32f1xx_hal_cortex.o(i.HAL_NVIC_SetPriorityGrouping)
    HAL_RCC_ClockConfig                      0x08001cc9   Thumb Code   280  stm32f1xx_hal_rcc.o(i.HAL_RCC_ClockConfig)
    HAL_RCC_GetPCLK1Freq                     0x08001df5   Thumb Code    20  stm32f1xx_hal_rcc.o(i.HAL_RCC_GetPCLK1Freq)
    HAL_RCC_GetPCLK2Freq                     0x08001e15   Thumb Code    20  stm32f1xx_hal_rcc.o(i.HAL_RCC_GetPCLK2Freq)
    HAL_RCC_GetSysClockFreq                  0x08001e35   Thumb Code    58  stm32f1xx_hal_rcc.o(i.HAL_RCC_GetSysClockFreq)
    HAL_RCC_OscConfig                        0x08001e81   Thumb Code   778  stm32f1xx_hal_rcc.o(i.HAL_RCC_OscConfig)
    HAL_SYSTICK_Config                       0x080021a1   Thumb Code    40  stm32f1xx_hal_cortex.o(i.HAL_SYSTICK_Config)
    HAL_TIMEx_BreakCallback                  0x080021c9   Thumb Code     2  stm32f1xx_hal_tim_ex.o(i.HAL_TIMEx_BreakCallback)
    HAL_TIMEx_CommutCallback                 0x080021cb   Thumb Code     2  stm32f1xx_hal_tim_ex.o(i.HAL_TIMEx_CommutCallback)
    HAL_TIMEx_MasterConfigSynchronization    0x080021cd   Thumb Code   104  stm32f1xx_hal_tim_ex.o(i.HAL_TIMEx_MasterConfigSynchronization)
    HAL_TIM_Base_Init                        0x08002249   Thumb Code    90  stm32f1xx_hal_tim.o(i.HAL_TIM_Base_Init)
    HAL_TIM_Base_MspInit                     0x080022a5   Thumb Code    50  tim.o(i.HAL_TIM_Base_MspInit)
    HAL_TIM_IC_CaptureCallback               0x080022e1   Thumb Code     2  stm32f1xx_hal_tim.o(i.HAL_TIM_IC_CaptureCallback)
    HAL_TIM_IRQHandler                       0x080022e3   Thumb Code   358  stm32f1xx_hal_tim.o(i.HAL_TIM_IRQHandler)
    HAL_TIM_OC_DelayElapsedCallback          0x08002449   Thumb Code     2  stm32f1xx_hal_tim.o(i.HAL_TIM_OC_DelayElapsedCallback)
    HAL_TIM_PWM_PulseFinishedCallback        0x0800244b   Thumb Code     2  stm32f1xx_hal_tim.o(i.HAL_TIM_PWM_PulseFinishedCallback)
    HAL_TIM_PeriodElapsedCallback            0x0800244d   Thumb Code     2  stm32f1xx_hal_tim.o(i.HAL_TIM_PeriodElapsedCallback)
    HAL_TIM_TriggerCallback                  0x0800244f   Thumb Code     2  stm32f1xx_hal_tim.o(i.HAL_TIM_TriggerCallback)
    HAL_UARTEx_RxEventCallback               0x08002451   Thumb Code     2  stm32f1xx_hal_uart.o(i.HAL_UARTEx_RxEventCallback)
    HAL_UART_DMAStop                         0x08002453   Thumb Code   112  stm32f1xx_hal_uart.o(i.HAL_UART_DMAStop)
    HAL_UART_ErrorCallback                   0x080024c3   Thumb Code     2  stm32f1xx_hal_uart.o(i.HAL_UART_ErrorCallback)
    HAL_UART_IRQHandler                      0x080024c5   Thumb Code   616  stm32f1xx_hal_uart.o(i.HAL_UART_IRQHandler)
    HAL_UART_Init                            0x08002731   Thumb Code   100  stm32f1xx_hal_uart.o(i.HAL_UART_Init)
    HAL_UART_MspInit                         0x08002795   Thumb Code   514  usart.o(i.HAL_UART_MspInit)
    HAL_UART_Receive_DMA                     0x080029c9   Thumb Code    28  stm32f1xx_hal_uart.o(i.HAL_UART_Receive_DMA)
    HAL_UART_RxCpltCallback                  0x080029e5   Thumb Code     2  stm32f1xx_hal_uart.o(i.HAL_UART_RxCpltCallback)
    HAL_UART_RxHalfCpltCallback              0x080029e7   Thumb Code     2  stm32f1xx_hal_uart.o(i.HAL_UART_RxHalfCpltCallback)
    HAL_UART_Transmit                        0x080029e9   Thumb Code   154  stm32f1xx_hal_uart.o(i.HAL_UART_Transmit)
    HAL_UART_TxCpltCallback                  0x08002a83   Thumb Code     2  stm32f1xx_hal_uart.o(i.HAL_UART_TxCpltCallback)
    HardFault_Handler                        0x08002a85   Thumb Code     2  stm32f1xx_it.o(i.HardFault_Handler)
    MX_DMA_Init                              0x08002a89   Thumb Code    40  dma.o(i.MX_DMA_Init)
    MX_GPIO_Init                             0x08002ab5   Thumb Code    70  gpio.o(i.MX_GPIO_Init)
    MX_TIM6_Init                             0x08002b01   Thumb Code    58  tim.o(i.MX_TIM6_Init)
    MX_UART4_Init                            0x08002b45   Thumb Code    48  usart.o(i.MX_UART4_Init)
    MX_UART5_Init                            0x08002b7d   Thumb Code    48  usart.o(i.MX_UART5_Init)
    MX_USART1_UART_Init                      0x08002bb5   Thumb Code    48  usart.o(i.MX_USART1_UART_Init)
    MX_USART2_UART_Init                      0x08002bed   Thumb Code    48  usart.o(i.MX_USART2_UART_Init)
    MX_USART3_UART_Init                      0x08002c25   Thumb Code    48  usart.o(i.MX_USART3_UART_Init)
    MemManage_Handler                        0x08002c5d   Thumb Code     2  stm32f1xx_it.o(i.MemManage_Handler)
    NMI_Handler                              0x08002c5f   Thumb Code     2  stm32f1xx_it.o(i.NMI_Handler)
    OUT_servo_motor_angel                    0x08002c61   Thumb Code   112  servo.o(i.OUT_servo_motor_angel)
    PID_init                                 0x08002cdd   Thumb Code    62  pid.o(i.PID_init)
    PendSV_Handler                           0x08002d35   Thumb Code     2  stm32f1xx_it.o(i.PendSV_Handler)
    SVC_Handler                              0x08002d37   Thumb Code     2  stm32f1xx_it.o(i.SVC_Handler)
    SendCMD                                  0x08002d39   Thumb Code   182  laser.o(i.SendCMD)
    Sendone                                  0x08002df5   Thumb Code    84  laser.o(i.Sendone)
    Servo_Init                               0x08002e4d   Thumb Code   230  servo.o(i.Servo_Init)
    Servo_motor_init                         0x08002f69   Thumb Code    24  servo.o(i.Servo_motor_init)
    SysTick_Handler                          0x08002f81   Thumb Code     4  stm32f1xx_it.o(i.SysTick_Handler)
    SystemClock_Config                       0x08002f85   Thumb Code    94  main.o(i.SystemClock_Config)
    SystemInit                               0x08002fe3   Thumb Code     2  system_stm32f1xx.o(i.SystemInit)
    TIM6_IRQHandler                          0x08002fe5   Thumb Code     6  stm32f1xx_it.o(i.TIM6_IRQHandler)
    TIM_Base_SetConfig                       0x08002ff1   Thumb Code   120  stm32f1xx_hal_tim.o(i.TIM_Base_SetConfig)
    UART4_IRQHandler                         0x0800307d   Thumb Code   168  vision.o(i.UART4_IRQHandler)
    UART5_IRQHandler                         0x08003139   Thumb Code     6  stm32f1xx_it.o(i.UART5_IRQHandler)
    UART_Start_Receive_DMA                   0x08003429   Thumb Code   130  stm32f1xx_hal_uart.o(i.UART_Start_Receive_DMA)
    USART1_IRQHandler                        0x08003531   Thumb Code     6  stm32f1xx_it.o(i.USART1_IRQHandler)
    USART2_IRQHandler                        0x0800353d   Thumb Code     6  stm32f1xx_it.o(i.USART2_IRQHandler)
    USART3_IRQHandler                        0x08003549   Thumb Code     6  stm32f1xx_it.o(i.USART3_IRQHandler)
    UsageFault_Handler                       0x08003555   Thumb Code     2  stm32f1xx_it.o(i.UsageFault_Handler)
    __ARM_fpclassify                         0x08003557   Thumb Code    40  fpclassify.o(i.__ARM_fpclassify)
    __ieee754_rem_pio2                       0x080035a1   Thumb Code   828  rred.o(i.__ieee754_rem_pio2)
    __kernel_cos                             0x08003929   Thumb Code   230  cos_i.o(i.__kernel_cos)
    __kernel_poly                            0x08003a25   Thumb Code   170  poly.o(i.__kernel_poly)
    __kernel_sin                             0x08003ad1   Thumb Code   224  sin_i.o(i.__kernel_sin)
    __mathlib_dbl_infnan                     0x08003bbd   Thumb Code     6  dunder.o(i.__mathlib_dbl_infnan)
    __mathlib_dbl_infnan2                    0x08003bc3   Thumb Code     4  dunder.o(i.__mathlib_dbl_infnan2)
    __mathlib_dbl_invalid                    0x08003bc7   Thumb Code    12  dunder.o(i.__mathlib_dbl_invalid)
    __mathlib_dbl_underflow                  0x08003bd5   Thumb Code    10  dunder.o(i.__mathlib_dbl_underflow)
    _sys_exit                                0x08003be5   Thumb Code     2  vision.o(i._sys_exit)
    atan                                     0x08003be9   Thumb Code   474  atan.o(i.atan)
    atan2                                    0x08003e09   Thumb Code   346  atan2.o(i.atan2)
    cos                                      0x08003f89   Thumb Code   148  cos.o(i.cos)
    data2angel                               0x08004025   Thumb Code    18  servo.o(i.data2angel)
    fputc                                    0x08004041   Thumb Code    18  vision.o(i.fputc)
    get_XYZ                                  0x08004059   Thumb Code   328  servo.o(i.get_XYZ)
    main                                     0x080041a9   Thumb Code   194  main.o(i.main)
    matrix_mul                               0x0800427d   Thumb Code    88  servo.o(i.matrix_mul)
    positional_PID                           0x080042d9   Thumb Code   162  pid.o(i.positional_PID)
    servo_control                            0x0800437d   Thumb Code  1580  servo.o(i.servo_control)
    sin                                      0x080049e1   Thumb Code   150  sin.o(i.sin)
    slove_angle                              0x08004a81   Thumb Code   644  servo.o(i.slove_angle)
    sqrt                                     0x08004d19   Thumb Code    76  sqrt.o(i.sqrt)
    vision_receive_init                      0x08004d65   Thumb Code    22  vision.o(i.vision_receive_init)
    _get_lc_numeric                          0x08004d85   Thumb Code    44  lc_numeric_c.o(locale$$code)
    __aeabi_d2f                              0x08004db1   Thumb Code     0  d2f.o(x$fpl$d2f)
    _d2f                                     0x08004db1   Thumb Code    98  d2f.o(x$fpl$d2f)
    __aeabi_dadd                             0x08004e15   Thumb Code     0  daddsub_clz.o(x$fpl$dadd)
    _dadd                                    0x08004e15   Thumb Code   332  daddsub_clz.o(x$fpl$dadd)
    __fpl_dcheck_NaN1                        0x08004f65   Thumb Code    10  dcheck1.o(x$fpl$dcheck1)
    __fpl_dcmp_Inf                           0x08004f75   Thumb Code    24  dcmpi.o(x$fpl$dcmpinf)
    __aeabi_ddiv                             0x08004f8d   Thumb Code     0  ddiv.o(x$fpl$ddiv)
    _ddiv                                    0x08004f8d   Thumb Code   552  ddiv.o(x$fpl$ddiv)
    __aeabi_d2iz                             0x0800523d   Thumb Code     0  dfix.o(x$fpl$dfix)
    _dfix                                    0x0800523d   Thumb Code    94  dfix.o(x$fpl$dfix)
    __aeabi_i2d                              0x0800529b   Thumb Code     0  dflt_clz.o(x$fpl$dflt)
    _dflt                                    0x0800529b   Thumb Code    46  dflt_clz.o(x$fpl$dflt)
    __aeabi_ui2d                             0x080052c9   Thumb Code     0  dflt_clz.o(x$fpl$dfltu)
    _dfltu                                   0x080052c9   Thumb Code    38  dflt_clz.o(x$fpl$dfltu)
    __aeabi_cdcmple                          0x080052f1   Thumb Code     0  dleqf.o(x$fpl$dleqf)
    _dcmple                                  0x080052f1   Thumb Code   120  dleqf.o(x$fpl$dleqf)
    __fpl_dcmple_InfNaN                      0x08005353   Thumb Code     0  dleqf.o(x$fpl$dleqf)
    __aeabi_dmul                             0x08005369   Thumb Code     0  dmul.o(x$fpl$dmul)
    _dmul                                    0x08005369   Thumb Code   332  dmul.o(x$fpl$dmul)
    __fpl_dnaninf                            0x080054bd   Thumb Code   156  dnaninf.o(x$fpl$dnaninf)
    __fpl_dretinf                            0x08005559   Thumb Code    12  dretinf.o(x$fpl$dretinf)
    __aeabi_cdrcmple                         0x08005565   Thumb Code     0  drleqf.o(x$fpl$drleqf)
    _drcmple                                 0x08005565   Thumb Code   108  drleqf.o(x$fpl$drleqf)
    __aeabi_drsub                            0x080055d1   Thumb Code     0  daddsub_clz.o(x$fpl$drsb)
    _drsb                                    0x080055d1   Thumb Code    22  daddsub_clz.o(x$fpl$drsb)
    _dsqrt                                   0x080055e9   Thumb Code   456  dsqrt_noumaal.o(x$fpl$dsqrt)
    __aeabi_dsub                             0x080057b5   Thumb Code     0  daddsub_clz.o(x$fpl$dsub)
    _dsub                                    0x080057b5   Thumb Code   464  daddsub_clz.o(x$fpl$dsub)
    __aeabi_f2d                              0x08005989   Thumb Code     0  f2d.o(x$fpl$f2d)
    _f2d                                     0x08005989   Thumb Code    86  f2d.o(x$fpl$f2d)
    __aeabi_fadd                             0x080059e1   Thumb Code     0  faddsub_clz.o(x$fpl$fadd)
    _fadd                                    0x080059e1   Thumb Code   196  faddsub_clz.o(x$fpl$fadd)
    __fpl_fcmp_Inf                           0x08005aa5   Thumb Code    24  fcmpi.o(x$fpl$fcmpinf)
    __aeabi_fdiv                             0x08005abd   Thumb Code     0  fdiv.o(x$fpl$fdiv)
    _fdiv                                    0x08005abd   Thumb Code   384  fdiv.o(x$fpl$fdiv)
    __aeabi_f2iz                             0x08005c41   Thumb Code     0  ffix.o(x$fpl$ffix)
    _ffix                                    0x08005c41   Thumb Code    54  ffix.o(x$fpl$ffix)
    __aeabi_i2f                              0x08005c79   Thumb Code     0  fflt_clz.o(x$fpl$fflt)
    _fflt                                    0x08005c79   Thumb Code    48  fflt_clz.o(x$fpl$fflt)
    __aeabi_ui2f                             0x08005ca9   Thumb Code     0  fflt_clz.o(x$fpl$ffltu)
    _ffltu                                   0x08005ca9   Thumb Code    38  fflt_clz.o(x$fpl$ffltu)
    __aeabi_cfcmple                          0x08005cd1   Thumb Code     0  fleqf.o(x$fpl$fleqf)
    _fcmple                                  0x08005cd1   Thumb Code   104  fleqf.o(x$fpl$fleqf)
    __fpl_fcmple_InfNaN                      0x08005d23   Thumb Code     0  fleqf.o(x$fpl$fleqf)
    __aeabi_fmul                             0x08005d39   Thumb Code     0  fmul.o(x$fpl$fmul)
    _fmul                                    0x08005d39   Thumb Code   258  fmul.o(x$fpl$fmul)
    __fpl_fnaninf                            0x08005e3b   Thumb Code   140  fnaninf.o(x$fpl$fnaninf)
    __fpl_fretinf                            0x08005ec7   Thumb Code    10  fretinf.o(x$fpl$fretinf)
    __aeabi_cfrcmple                         0x08005ed1   Thumb Code     0  frleqf.o(x$fpl$frleqf)
    _frcmple                                 0x08005ed1   Thumb Code    98  frleqf.o(x$fpl$frleqf)
    __aeabi_frsub                            0x08005f33   Thumb Code     0  faddsub_clz.o(x$fpl$frsb)
    _frsb                                    0x08005f33   Thumb Code    20  faddsub_clz.o(x$fpl$frsb)
    __aeabi_fsub                             0x08005f49   Thumb Code     0  faddsub_clz.o(x$fpl$fsub)
    _fsub                                    0x08005f49   Thumb Code   234  faddsub_clz.o(x$fpl$fsub)
    _printf_fp_dec                           0x08006033   Thumb Code     4  printf1.o(x$fpl$printf1)
    __fpl_return_NaN                         0x08006037   Thumb Code   100  retnan.o(x$fpl$retnan)
    __ARM_scalbn                             0x0800609b   Thumb Code    92  scalbn.o(x$fpl$scalbn)
    __fpl_cmpreturn                          0x080060f7   Thumb Code    48  trapv.o(x$fpl$trapveneer)
    __I$use$fp                               0x08006126   Number         0  usenofp.o(x$fpl$usenofp)
    AHBPrescTable                            0x08006138   Data          16  system_stm32f1xx.o(.constdata)
    APBPrescTable                            0x08006148   Data           8  system_stm32f1xx.o(.constdata)
    __mathlib_zero                           0x080062d8   Data           8  qnan.o(.constdata)
    Region$$Table$$Base                      0x08006464   Number         0  anon$$obj.o(Region$$Table)
    Region$$Table$$Limit                     0x08006484   Number         0  anon$$obj.o(Region$$Table)
    uwTickFreq                               0x20000000   Data           1  stm32f1xx_hal.o(.data)
    uwTickPrio                               0x20000004   Data           4  stm32f1xx_hal.o(.data)
    uwTick                                   0x20000008   Data           4  stm32f1xx_hal.o(.data)
    SystemCoreClock                          0x2000000c   Data           4  system_stm32f1xx.o(.data)
    vision_rx_len                            0x20000010   Data           1  vision.o(.data)
    __stdout                                 0x20000014   Data           4  vision.o(.data)
    htim6                                    0x2000001c   Data          72  tim.o(.bss)
    huart4                                   0x20000064   Data          72  usart.o(.bss)
    huart5                                   0x200000ac   Data          72  usart.o(.bss)
    huart1                                   0x200000f4   Data          72  usart.o(.bss)
    huart2                                   0x2000013c   Data          72  usart.o(.bss)
    huart3                                   0x20000184   Data          72  usart.o(.bss)
    hdma_uart4_rx                            0x200001cc   Data          68  usart.o(.bss)
    X_obj                                    0x20000210   Data          28  pid.o(.bss)
    Y_obj                                    0x2000022c   Data          28  pid.o(.bss)
    Z_obj                                    0x20000248   Data          28  pid.o(.bss)
    X_param                                  0x20000264   Data          28  pid.o(.bss)
    Y_param                                  0x20000280   Data          28  pid.o(.bss)
    Z_param                                  0x2000029c   Data          28  pid.o(.bss)
    vision_rx_buf                            0x200002b8   Data          20  vision.o(.bss)
    vision                                   0x200002cc   Data          20  vision.o(.bss)
    bastic_servo                             0x200002e0   Data          28  servo.o(.bss)
    one_servo                                0x200002fc   Data          28  servo.o(.bss)
    two_servo                                0x20000318   Data          28  servo.o(.bss)
    W_servo                                  0x20000334   Data          28  servo.o(.bss)
    W_Coordinate                             0x20000350   Data          12  servo.o(.bss)
    temp_T                                   0x2000035c   Data          64  servo.o(.bss)
    __libspace_start                         0x2000039c   Data          96  libspace.o(.bss)
    __temporary_stack_top$libspace           0x200003fc   Data           0  libspace.o(.bss)



==============================================================================

Memory Map of the image

  Image Entry point : 0x08000131

  Load Region LR_IROM1 (Base: 0x08000000, Size: 0x000064bc, Max: 0x00040000, ABSOLUTE)

    Execution Region ER_IROM1 (Exec base: 0x08000000, Load base: 0x08000000, Size: 0x000064a0, Max: 0x00040000, ABSOLUTE)

    Exec Addr    Load Addr    Size         Type   Attr      Idx    E Section Name        Object

    0x08000000   0x08000000   0x00000130   Data   RO            3    RESET               startup_stm32f103xe.o
    0x08000130   0x08000130   0x00000008   Code   RO         3107  * !!!main             c_w.l(__main.o)
    0x08000138   0x08000138   0x00000034   Code   RO         3481    !!!scatter          c_w.l(__scatter.o)
    0x0800016c   0x0800016c   0x0000001a   Code   RO         3483    !!handler_copy      c_w.l(__scatter_copy.o)
    0x08000186   0x08000186   0x00000002   PAD
    0x08000188   0x08000188   0x0000001c   Code   RO         3485    !!handler_zi        c_w.l(__scatter_zi.o)
    0x080001a4   0x080001a4   0x00000000   Code   RO         3100    .ARM.Collect$$_printf_percent$$00000000  c_w.l(_printf_percent.o)
    0x080001a4   0x080001a4   0x00000006   Code   RO         3099    .ARM.Collect$$_printf_percent$$00000003  c_w.l(_printf_f.o)
    0x080001aa   0x080001aa   0x00000006   Code   RO         3098    .ARM.Collect$$_printf_percent$$00000009  c_w.l(_printf_d.o)
    0x080001b0   0x080001b0   0x00000004   Code   RO         3198    .ARM.Collect$$_printf_percent$$00000017  c_w.l(_printf_percent_end.o)
    0x080001b4   0x080001b4   0x00000002   Code   RO         3350    .ARM.Collect$$libinit$$00000000  c_w.l(libinit.o)
    0x080001b6   0x080001b6   0x00000000   Code   RO         3352    .ARM.Collect$$libinit$$00000002  c_w.l(libinit2.o)
    0x080001b6   0x080001b6   0x00000000   Code   RO         3354    .ARM.Collect$$libinit$$00000004  c_w.l(libinit2.o)
    0x080001b6   0x080001b6   0x00000000   Code   RO         3357    .ARM.Collect$$libinit$$0000000A  c_w.l(libinit2.o)
    0x080001b6   0x080001b6   0x00000000   Code   RO         3359    .ARM.Collect$$libinit$$0000000C  c_w.l(libinit2.o)
    0x080001b6   0x080001b6   0x00000000   Code   RO         3361    .ARM.Collect$$libinit$$0000000E  c_w.l(libinit2.o)
    0x080001b6   0x080001b6   0x00000006   Code   RO         3362    .ARM.Collect$$libinit$$0000000F  c_w.l(libinit2.o)
    0x080001bc   0x080001bc   0x00000000   Code   RO         3364    .ARM.Collect$$libinit$$00000011  c_w.l(libinit2.o)
    0x080001bc   0x080001bc   0x00000000   Code   RO         3366    .ARM.Collect$$libinit$$00000013  c_w.l(libinit2.o)
    0x080001bc   0x080001bc   0x00000000   Code   RO         3368    .ARM.Collect$$libinit$$00000015  c_w.l(libinit2.o)
    0x080001bc   0x080001bc   0x0000000a   Code   RO         3369    .ARM.Collect$$libinit$$00000016  c_w.l(libinit2.o)
    0x080001c6   0x080001c6   0x00000000   Code   RO         3370    .ARM.Collect$$libinit$$00000017  c_w.l(libinit2.o)
    0x080001c6   0x080001c6   0x00000000   Code   RO         3372    .ARM.Collect$$libinit$$00000019  c_w.l(libinit2.o)
    0x080001c6   0x080001c6   0x00000000   Code   RO         3374    .ARM.Collect$$libinit$$0000001B  c_w.l(libinit2.o)
    0x080001c6   0x080001c6   0x00000000   Code   RO         3376    .ARM.Collect$$libinit$$0000001D  c_w.l(libinit2.o)
    0x080001c6   0x080001c6   0x00000000   Code   RO         3378    .ARM.Collect$$libinit$$0000001F  c_w.l(libinit2.o)
    0x080001c6   0x080001c6   0x00000000   Code   RO         3380    .ARM.Collect$$libinit$$00000021  c_w.l(libinit2.o)
    0x080001c6   0x080001c6   0x00000000   Code   RO         3382    .ARM.Collect$$libinit$$00000023  c_w.l(libinit2.o)
    0x080001c6   0x080001c6   0x00000000   Code   RO         3384    .ARM.Collect$$libinit$$00000025  c_w.l(libinit2.o)
    0x080001c6   0x080001c6   0x00000000   Code   RO         3388    .ARM.Collect$$libinit$$0000002C  c_w.l(libinit2.o)
    0x080001c6   0x080001c6   0x00000000   Code   RO         3390    .ARM.Collect$$libinit$$0000002E  c_w.l(libinit2.o)
    0x080001c6   0x080001c6   0x00000000   Code   RO         3392    .ARM.Collect$$libinit$$00000030  c_w.l(libinit2.o)
    0x080001c6   0x080001c6   0x00000000   Code   RO         3394    .ARM.Collect$$libinit$$00000032  c_w.l(libinit2.o)
    0x080001c6   0x080001c6   0x00000002   Code   RO         3395    .ARM.Collect$$libinit$$00000033  c_w.l(libinit2.o)
    0x080001c8   0x080001c8   0x00000002   Code   RO         3429    .ARM.Collect$$libshutdown$$00000000  c_w.l(libshutdown.o)
    0x080001ca   0x080001ca   0x00000000   Code   RO         3440    .ARM.Collect$$libshutdown$$00000002  c_w.l(libshutdown2.o)
    0x080001ca   0x080001ca   0x00000000   Code   RO         3442    .ARM.Collect$$libshutdown$$00000004  c_w.l(libshutdown2.o)
    0x080001ca   0x080001ca   0x00000000   Code   RO         3445    .ARM.Collect$$libshutdown$$00000007  c_w.l(libshutdown2.o)
    0x080001ca   0x080001ca   0x00000000   Code   RO         3448    .ARM.Collect$$libshutdown$$0000000A  c_w.l(libshutdown2.o)
    0x080001ca   0x080001ca   0x00000000   Code   RO         3450    .ARM.Collect$$libshutdown$$0000000C  c_w.l(libshutdown2.o)
    0x080001ca   0x080001ca   0x00000000   Code   RO         3453    .ARM.Collect$$libshutdown$$0000000F  c_w.l(libshutdown2.o)
    0x080001ca   0x080001ca   0x00000002   Code   RO         3454    .ARM.Collect$$libshutdown$$00000010  c_w.l(libshutdown2.o)
    0x080001cc   0x080001cc   0x00000000   Code   RO         3189    .ARM.Collect$$rtentry$$00000000  c_w.l(__rtentry.o)
    0x080001cc   0x080001cc   0x00000000   Code   RO         3254    .ARM.Collect$$rtentry$$00000002  c_w.l(__rtentry2.o)
    0x080001cc   0x080001cc   0x00000006   Code   RO         3266    .ARM.Collect$$rtentry$$00000004  c_w.l(__rtentry4.o)
    0x080001d2   0x080001d2   0x00000000   Code   RO         3256    .ARM.Collect$$rtentry$$00000009  c_w.l(__rtentry2.o)
    0x080001d2   0x080001d2   0x00000004   Code   RO         3257    .ARM.Collect$$rtentry$$0000000A  c_w.l(__rtentry2.o)
    0x080001d6   0x080001d6   0x00000000   Code   RO         3259    .ARM.Collect$$rtentry$$0000000C  c_w.l(__rtentry2.o)
    0x080001d6   0x080001d6   0x00000008   Code   RO         3260    .ARM.Collect$$rtentry$$0000000D  c_w.l(__rtentry2.o)
    0x080001de   0x080001de   0x00000002   Code   RO         3398    .ARM.Collect$$rtexit$$00000000  c_w.l(rtexit.o)
    0x080001e0   0x080001e0   0x00000000   Code   RO         3407    .ARM.Collect$$rtexit$$00000002  c_w.l(rtexit2.o)
    0x080001e0   0x080001e0   0x00000004   Code   RO         3408    .ARM.Collect$$rtexit$$00000003  c_w.l(rtexit2.o)
    0x080001e4   0x080001e4   0x00000006   Code   RO         3409    .ARM.Collect$$rtexit$$00000004  c_w.l(rtexit2.o)
    0x080001ea   0x080001ea   0x00000002   PAD
    0x080001ec   0x080001ec   0x00000040   Code   RO            4    .text               startup_stm32f103xe.o
    0x0800022c   0x0800022c   0x00000018   Code   RO         3072    .text               c_w.l(noretval__2printf.o)
    0x08000244   0x08000244   0x00000068   Code   RO         3074    .text               c_w.l(__printf.o)
    0x080002ac   0x080002ac   0x00000078   Code   RO         3076    .text               c_w.l(_printf_dec.o)
    0x08000324   0x08000324   0x00000064   Code   RO         3101    .text               c_w.l(rt_memcpy_w.o)
    0x08000388   0x08000388   0x0000004e   Code   RO         3103    .text               c_w.l(rt_memclr_w.o)
    0x080003d6   0x080003d6   0x00000006   Code   RO         3105    .text               c_w.l(heapauxi.o)
    0x080003dc   0x080003dc   0x00000016   Code   RO         3190    .text               c_w.l(_rserrno.o)
    0x080003f2   0x080003f2   0x000000b2   Code   RO         3192    .text               c_w.l(_printf_intcommon.o)
    0x080004a4   0x080004a4   0x0000041e   Code   RO         3194    .text               c_w.l(_printf_fp_dec.o)
    0x080008c2   0x080008c2   0x00000002   PAD
    0x080008c4   0x080008c4   0x00000024   Code   RO         3196    .text               c_w.l(_printf_char_file.o)
    0x080008e8   0x080008e8   0x00000008   Code   RO         3271    .text               c_w.l(rt_locale_intlibspace.o)
    0x080008f0   0x080008f0   0x00000008   Code   RO         3276    .text               c_w.l(rt_errno_addr_intlibspace.o)
    0x080008f8   0x080008f8   0x0000008a   Code   RO         3278    .text               c_w.l(lludiv10.o)
    0x08000982   0x08000982   0x00000002   PAD
    0x08000984   0x08000984   0x00000030   Code   RO         3280    .text               c_w.l(_printf_char_common.o)
    0x080009b4   0x080009b4   0x00000080   Code   RO         3282    .text               c_w.l(_printf_fp_infnan.o)
    0x08000a34   0x08000a34   0x000000e4   Code   RO         3284    .text               c_w.l(bigflt0.o)
    0x08000b18   0x08000b18   0x00000008   Code   RO         3309    .text               c_w.l(ferror.o)
    0x08000b20   0x08000b20   0x00000008   Code   RO         3334    .text               c_w.l(libspace.o)
    0x08000b28   0x08000b28   0x0000004a   Code   RO         3337    .text               c_w.l(sys_stackheap_outer.o)
    0x08000b72   0x08000b72   0x00000012   Code   RO         3341    .text               c_w.l(exit.o)
    0x08000b84   0x08000b84   0x00000080   Code   RO         3343    .text               c_w.l(strcmpv7m.o)
    0x08000c04   0x08000c04   0x0000003e   Code   RO         3287    CL$$btod_d2e        c_w.l(btod.o)
    0x08000c42   0x08000c42   0x00000046   Code   RO         3289    CL$$btod_d2e_denorm_low  c_w.l(btod.o)
    0x08000c88   0x08000c88   0x00000060   Code   RO         3288    CL$$btod_d2e_norm_op1  c_w.l(btod.o)
    0x08000ce8   0x08000ce8   0x00000338   Code   RO         3297    CL$$btod_div_common  c_w.l(btod.o)
    0x08001020   0x08001020   0x000000dc   Code   RO         3294    CL$$btod_e2e        c_w.l(btod.o)
    0x080010fc   0x080010fc   0x0000002a   Code   RO         3291    CL$$btod_ediv       c_w.l(btod.o)
    0x08001126   0x08001126   0x0000002a   Code   RO         3290    CL$$btod_emul       c_w.l(btod.o)
    0x08001150   0x08001150   0x00000244   Code   RO         3296    CL$$btod_mult_common  c_w.l(btod.o)
    0x08001394   0x08001394   0x00000002   Code   RO          330    i.BusFault_Handler  stm32f1xx_it.o
    0x08001396   0x08001396   0x00000016   Code   RO         2980    i.Calculate_angle   servo.o
    0x080013ac   0x080013ac   0x000000dc   Code   RO         2981    i.Calculate_coordinate  servo.o
    0x08001488   0x08001488   0x0000000c   Code   RO          331    i.DMA2_Channel3_IRQHandler  stm32f1xx_it.o
    0x08001494   0x08001494   0x0000002a   Code   RO         1855    i.DMA_SetConfig     stm32f1xx_hal_dma.o
    0x080014be   0x080014be   0x00000002   Code   RO          332    i.DebugMon_Handler  stm32f1xx_it.o
    0x080014c0   0x080014c0   0x00000004   Code   RO           13    i.Error_Handler     main.o
    0x080014c4   0x080014c4   0x00000046   Code   RO         1856    i.HAL_DMA_Abort     stm32f1xx_hal_dma.o
    0x0800150a   0x0800150a   0x00000002   PAD
    0x0800150c   0x0800150c   0x00000130   Code   RO         1857    i.HAL_DMA_Abort_IT  stm32f1xx_hal_dma.o
    0x0800163c   0x0800163c   0x00000248   Code   RO         1861    i.HAL_DMA_IRQHandler  stm32f1xx_hal_dma.o
    0x08001884   0x08001884   0x0000007c   Code   RO         1862    i.HAL_DMA_Init      stm32f1xx_hal_dma.o
    0x08001900   0x08001900   0x00000070   Code   RO         1866    i.HAL_DMA_Start_IT  stm32f1xx_hal_dma.o
    0x08001970   0x08001970   0x00000024   Code   RO         1482    i.HAL_Delay         stm32f1xx_hal.o
    0x08001994   0x08001994   0x000001f8   Code   RO         1792    i.HAL_GPIO_Init     stm32f1xx_hal_gpio.o
    0x08001b8c   0x08001b8c   0x0000000c   Code   RO         1486    i.HAL_GetTick       stm32f1xx_hal.o
    0x08001b98   0x08001b98   0x00000010   Code   RO         1492    i.HAL_IncTick       stm32f1xx_hal.o
    0x08001ba8   0x08001ba8   0x00000024   Code   RO         1493    i.HAL_Init          stm32f1xx_hal.o
    0x08001bcc   0x08001bcc   0x00000040   Code   RO         1494    i.HAL_InitTick      stm32f1xx_hal.o
    0x08001c0c   0x08001c0c   0x0000003c   Code   RO          442    i.HAL_MspInit       stm32f1xx_hal_msp.o
    0x08001c48   0x08001c48   0x0000001a   Code   RO         1952    i.HAL_NVIC_EnableIRQ  stm32f1xx_hal_cortex.o
    0x08001c62   0x08001c62   0x00000002   PAD
    0x08001c64   0x08001c64   0x00000040   Code   RO         1958    i.HAL_NVIC_SetPriority  stm32f1xx_hal_cortex.o
    0x08001ca4   0x08001ca4   0x00000024   Code   RO         1959    i.HAL_NVIC_SetPriorityGrouping  stm32f1xx_hal_cortex.o
    0x08001cc8   0x08001cc8   0x0000012c   Code   RO         1650    i.HAL_RCC_ClockConfig  stm32f1xx_hal_rcc.o
    0x08001df4   0x08001df4   0x00000020   Code   RO         1657    i.HAL_RCC_GetPCLK1Freq  stm32f1xx_hal_rcc.o
    0x08001e14   0x08001e14   0x00000020   Code   RO         1658    i.HAL_RCC_GetPCLK2Freq  stm32f1xx_hal_rcc.o
    0x08001e34   0x08001e34   0x0000004c   Code   RO         1659    i.HAL_RCC_GetSysClockFreq  stm32f1xx_hal_rcc.o
    0x08001e80   0x08001e80   0x00000320   Code   RO         1662    i.HAL_RCC_OscConfig  stm32f1xx_hal_rcc.o
    0x080021a0   0x080021a0   0x00000028   Code   RO         1963    i.HAL_SYSTICK_Config  stm32f1xx_hal_cortex.o
    0x080021c8   0x080021c8   0x00000002   Code   RO         1208    i.HAL_TIMEx_BreakCallback  stm32f1xx_hal_tim_ex.o
    0x080021ca   0x080021ca   0x00000002   Code   RO         1209    i.HAL_TIMEx_CommutCallback  stm32f1xx_hal_tim_ex.o
    0x080021cc   0x080021cc   0x0000007c   Code   RO         1227    i.HAL_TIMEx_MasterConfigSynchronization  stm32f1xx_hal_tim_ex.o
    0x08002248   0x08002248   0x0000005a   Code   RO          504    i.HAL_TIM_Base_Init  stm32f1xx_hal_tim.o
    0x080022a2   0x080022a2   0x00000002   PAD
    0x080022a4   0x080022a4   0x0000003c   Code   RO          223    i.HAL_TIM_Base_MspInit  tim.o
    0x080022e0   0x080022e0   0x00000002   Code   RO          538    i.HAL_TIM_IC_CaptureCallback  stm32f1xx_hal_tim.o
    0x080022e2   0x080022e2   0x00000166   Code   RO          552    i.HAL_TIM_IRQHandler  stm32f1xx_hal_tim.o
    0x08002448   0x08002448   0x00000002   Code   RO          555    i.HAL_TIM_OC_DelayElapsedCallback  stm32f1xx_hal_tim.o
    0x0800244a   0x0800244a   0x00000002   Code   RO          582    i.HAL_TIM_PWM_PulseFinishedCallback  stm32f1xx_hal_tim.o
    0x0800244c   0x0800244c   0x00000002   Code   RO          590    i.HAL_TIM_PeriodElapsedCallback  stm32f1xx_hal_tim.o
    0x0800244e   0x0800244e   0x00000002   Code   RO          595    i.HAL_TIM_TriggerCallback  stm32f1xx_hal_tim.o
    0x08002450   0x08002450   0x00000002   Code   RO         2464    i.HAL_UARTEx_RxEventCallback  stm32f1xx_hal_uart.o
    0x08002452   0x08002452   0x00000070   Code   RO         2476    i.HAL_UART_DMAStop  stm32f1xx_hal_uart.o
    0x080024c2   0x080024c2   0x00000002   Code   RO         2478    i.HAL_UART_ErrorCallback  stm32f1xx_hal_uart.o
    0x080024c4   0x080024c4   0x0000026c   Code   RO         2481    i.HAL_UART_IRQHandler  stm32f1xx_hal_uart.o
    0x08002730   0x08002730   0x00000064   Code   RO         2482    i.HAL_UART_Init     stm32f1xx_hal_uart.o
    0x08002794   0x08002794   0x00000234   Code   RO          265    i.HAL_UART_MspInit  usart.o
    0x080029c8   0x080029c8   0x0000001c   Code   RO         2486    i.HAL_UART_Receive_DMA  stm32f1xx_hal_uart.o
    0x080029e4   0x080029e4   0x00000002   Code   RO         2488    i.HAL_UART_RxCpltCallback  stm32f1xx_hal_uart.o
    0x080029e6   0x080029e6   0x00000002   Code   RO         2489    i.HAL_UART_RxHalfCpltCallback  stm32f1xx_hal_uart.o
    0x080029e8   0x080029e8   0x0000009a   Code   RO         2490    i.HAL_UART_Transmit  stm32f1xx_hal_uart.o
    0x08002a82   0x08002a82   0x00000002   Code   RO         2493    i.HAL_UART_TxCpltCallback  stm32f1xx_hal_uart.o
    0x08002a84   0x08002a84   0x00000002   Code   RO          333    i.HardFault_Handler  stm32f1xx_it.o
    0x08002a86   0x08002a86   0x00000002   PAD
    0x08002a88   0x08002a88   0x0000002c   Code   RO          198    i.MX_DMA_Init       dma.o
    0x08002ab4   0x08002ab4   0x0000004c   Code   RO          174    i.MX_GPIO_Init      gpio.o
    0x08002b00   0x08002b00   0x00000044   Code   RO          224    i.MX_TIM6_Init      tim.o
    0x08002b44   0x08002b44   0x00000038   Code   RO          266    i.MX_UART4_Init     usart.o
    0x08002b7c   0x08002b7c   0x00000038   Code   RO          267    i.MX_UART5_Init     usart.o
    0x08002bb4   0x08002bb4   0x00000038   Code   RO          268    i.MX_USART1_UART_Init  usart.o
    0x08002bec   0x08002bec   0x00000038   Code   RO          269    i.MX_USART2_UART_Init  usart.o
    0x08002c24   0x08002c24   0x00000038   Code   RO          270    i.MX_USART3_UART_Init  usart.o
    0x08002c5c   0x08002c5c   0x00000002   Code   RO          334    i.MemManage_Handler  stm32f1xx_it.o
    0x08002c5e   0x08002c5e   0x00000002   Code   RO          335    i.NMI_Handler       stm32f1xx_it.o
    0x08002c60   0x08002c60   0x0000007c   Code   RO         2982    i.OUT_servo_motor_angel  servo.o
    0x08002cdc   0x08002cdc   0x00000058   Code   RO         2850    i.PID_init          pid.o
    0x08002d34   0x08002d34   0x00000002   Code   RO          336    i.PendSV_Handler    stm32f1xx_it.o
    0x08002d36   0x08002d36   0x00000002   Code   RO          337    i.SVC_Handler       stm32f1xx_it.o
    0x08002d38   0x08002d38   0x000000bc   Code   RO         2880    i.SendCMD           laser.o
    0x08002df4   0x08002df4   0x00000058   Code   RO         2881    i.Sendone           laser.o
    0x08002e4c   0x08002e4c   0x0000011c   Code   RO         2983    i.Servo_Init        servo.o
    0x08002f68   0x08002f68   0x00000018   Code   RO         2984    i.Servo_motor_init  servo.o
    0x08002f80   0x08002f80   0x00000004   Code   RO          338    i.SysTick_Handler   stm32f1xx_it.o
    0x08002f84   0x08002f84   0x0000005e   Code   RO           14    i.SystemClock_Config  main.o
    0x08002fe2   0x08002fe2   0x00000002   Code   RO         2816    i.SystemInit        system_stm32f1xx.o
    0x08002fe4   0x08002fe4   0x0000000c   Code   RO          339    i.TIM6_IRQHandler   stm32f1xx_it.o
    0x08002ff0   0x08002ff0   0x0000008c   Code   RO          597    i.TIM_Base_SetConfig  stm32f1xx_hal_tim.o
    0x0800307c   0x0800307c   0x000000bc   Code   RO         2917    i.UART4_IRQHandler  vision.o
    0x08003138   0x08003138   0x0000000c   Code   RO          340    i.UART5_IRQHandler  stm32f1xx_it.o
    0x08003144   0x08003144   0x00000010   Code   RO         2495    i.UART_DMAAbortOnError  stm32f1xx_hal_uart.o
    0x08003154   0x08003154   0x0000004a   Code   RO         2496    i.UART_DMAError     stm32f1xx_hal_uart.o
    0x0800319e   0x0800319e   0x00000086   Code   RO         2497    i.UART_DMAReceiveCplt  stm32f1xx_hal_uart.o
    0x08003224   0x08003224   0x0000001e   Code   RO         2499    i.UART_DMARxHalfCplt  stm32f1xx_hal_uart.o
    0x08003242   0x08003242   0x0000004e   Code   RO         2505    i.UART_EndRxTransfer  stm32f1xx_hal_uart.o
    0x08003290   0x08003290   0x0000001c   Code   RO         2506    i.UART_EndTxTransfer  stm32f1xx_hal_uart.o
    0x080032ac   0x080032ac   0x000000c2   Code   RO         2507    i.UART_Receive_IT   stm32f1xx_hal_uart.o
    0x0800336e   0x0800336e   0x00000002   PAD
    0x08003370   0x08003370   0x000000b8   Code   RO         2508    i.UART_SetConfig    stm32f1xx_hal_uart.o
    0x08003428   0x08003428   0x00000090   Code   RO         2509    i.UART_Start_Receive_DMA  stm32f1xx_hal_uart.o
    0x080034b8   0x080034b8   0x00000078   Code   RO         2511    i.UART_WaitOnFlagUntilTimeout  stm32f1xx_hal_uart.o
    0x08003530   0x08003530   0x0000000c   Code   RO          341    i.USART1_IRQHandler  stm32f1xx_it.o
    0x0800353c   0x0800353c   0x0000000c   Code   RO          342    i.USART2_IRQHandler  stm32f1xx_it.o
    0x08003548   0x08003548   0x0000000c   Code   RO          343    i.USART3_IRQHandler  stm32f1xx_it.o
    0x08003554   0x08003554   0x00000002   Code   RO          344    i.UsageFault_Handler  stm32f1xx_it.o
    0x08003556   0x08003556   0x00000028   Code   RO         3330    i.__ARM_fpclassify  m_ws.l(fpclassify.o)
    0x0800357e   0x0800357e   0x00000020   Code   RO         1965    i.__NVIC_SetPriority  stm32f1xx_hal_cortex.o
    0x0800359e   0x0800359e   0x00000002   PAD
    0x080035a0   0x080035a0   0x00000388   Code   RO         3242    i.__ieee754_rem_pio2  m_ws.l(rred.o)
    0x08003928   0x08003928   0x000000fc   Code   RO         3224    i.__kernel_cos      m_ws.l(cos_i.o)
    0x08003a24   0x08003a24   0x000000aa   Code   RO         3332    i.__kernel_poly     m_ws.l(poly.o)
    0x08003ace   0x08003ace   0x00000002   PAD
    0x08003ad0   0x08003ad0   0x000000ec   Code   RO         3247    i.__kernel_sin      m_ws.l(sin_i.o)
    0x08003bbc   0x08003bbc   0x00000006   Code   RO         3228    i.__mathlib_dbl_infnan  m_ws.l(dunder.o)
    0x08003bc2   0x08003bc2   0x00000004   Code   RO         3229    i.__mathlib_dbl_infnan2  m_ws.l(dunder.o)
    0x08003bc6   0x08003bc6   0x0000000c   Code   RO         3230    i.__mathlib_dbl_invalid  m_ws.l(dunder.o)
    0x08003bd2   0x08003bd2   0x00000002   PAD
    0x08003bd4   0x08003bd4   0x00000010   Code   RO         3233    i.__mathlib_dbl_underflow  m_ws.l(dunder.o)
    0x08003be4   0x08003be4   0x00000002   Code   RO         2918    i._sys_exit         vision.o
    0x08003be6   0x08003be6   0x00000002   PAD
    0x08003be8   0x08003be8   0x00000220   Code   RO         3215    i.atan              m_ws.l(atan.o)
    0x08003e08   0x08003e08   0x00000180   Code   RO         3158    i.atan2             m_ws.l(atan2.o)
    0x08003f88   0x08003f88   0x0000009c   Code   RO         3166    i.cos               m_ws.l(cos.o)
    0x08004024   0x08004024   0x0000001c   Code   RO         2985    i.data2angel        servo.o
    0x08004040   0x08004040   0x00000018   Code   RO         2919    i.fputc             vision.o
    0x08004058   0x08004058   0x00000150   Code   RO         2986    i.get_XYZ           servo.o
    0x080041a8   0x080041a8   0x000000d4   Code   RO           15    i.main              main.o
    0x0800427c   0x0800427c   0x0000005c   Code   RO         2987    i.matrix_mul        servo.o
    0x080042d8   0x080042d8   0x000000a2   Code   RO         2851    i.positional_PID    pid.o
    0x0800437a   0x0800437a   0x00000002   PAD
    0x0800437c   0x0800437c   0x00000664   Code   RO         2988    i.servo_control     servo.o
    0x080049e0   0x080049e0   0x000000a0   Code   RO         3174    i.sin               m_ws.l(sin.o)
    0x08004a80   0x08004a80   0x00000298   Code   RO         2989    i.slove_angle       servo.o
    0x08004d18   0x08004d18   0x0000004c   Code   RO         3182    i.sqrt              m_ws.l(sqrt.o)
    0x08004d64   0x08004d64   0x00000020   Code   RO         2920    i.vision_receive_init  vision.o
    0x08004d84   0x08004d84   0x0000002c   Code   RO         3314    locale$$code        c_w.l(lc_numeric_c.o)
    0x08004db0   0x08004db0   0x00000062   Code   RO         3109    x$fpl$d2f           fz_ws.l(d2f.o)
    0x08004e12   0x08004e12   0x00000002   PAD
    0x08004e14   0x08004e14   0x00000150   Code   RO         3111    x$fpl$dadd          fz_ws.l(daddsub_clz.o)
    0x08004f64   0x08004f64   0x00000010   Code   RO         3396    x$fpl$dcheck1       fz_ws.l(dcheck1.o)
    0x08004f74   0x08004f74   0x00000018   Code   RO         3199    x$fpl$dcmpinf       fz_ws.l(dcmpi.o)
    0x08004f8c   0x08004f8c   0x000002b0   Code   RO         3118    x$fpl$ddiv          fz_ws.l(ddiv.o)
    0x0800523c   0x0800523c   0x0000005e   Code   RO         3316    x$fpl$dfix          fz_ws.l(dfix.o)
    0x0800529a   0x0800529a   0x0000002e   Code   RO         3321    x$fpl$dflt          fz_ws.l(dflt_clz.o)
    0x080052c8   0x080052c8   0x00000026   Code   RO         3320    x$fpl$dfltu         fz_ws.l(dflt_clz.o)
    0x080052ee   0x080052ee   0x00000002   PAD
    0x080052f0   0x080052f0   0x00000078   Code   RO         3121    x$fpl$dleqf         fz_ws.l(dleqf.o)
    0x08005368   0x08005368   0x00000154   Code   RO         3123    x$fpl$dmul          fz_ws.l(dmul.o)
    0x080054bc   0x080054bc   0x0000009c   Code   RO         3201    x$fpl$dnaninf       fz_ws.l(dnaninf.o)
    0x08005558   0x08005558   0x0000000c   Code   RO         3203    x$fpl$dretinf       fz_ws.l(dretinf.o)
    0x08005564   0x08005564   0x0000006c   Code   RO         3125    x$fpl$drleqf        fz_ws.l(drleqf.o)
    0x080055d0   0x080055d0   0x00000016   Code   RO         3112    x$fpl$drsb          fz_ws.l(daddsub_clz.o)
    0x080055e6   0x080055e6   0x00000002   PAD
    0x080055e8   0x080055e8   0x000001cc   Code   RO         3205    x$fpl$dsqrt         fz_ws.l(dsqrt_noumaal.o)
    0x080057b4   0x080057b4   0x000001d4   Code   RO         3113    x$fpl$dsub          fz_ws.l(daddsub_clz.o)
    0x08005988   0x08005988   0x00000056   Code   RO         3127    x$fpl$f2d           fz_ws.l(f2d.o)
    0x080059de   0x080059de   0x00000002   PAD
    0x080059e0   0x080059e0   0x000000c4   Code   RO         3129    x$fpl$fadd          fz_ws.l(faddsub_clz.o)
    0x08005aa4   0x08005aa4   0x00000018   Code   RO         3207    x$fpl$fcmpinf       fz_ws.l(fcmpi.o)
    0x08005abc   0x08005abc   0x00000184   Code   RO         3136    x$fpl$fdiv          fz_ws.l(fdiv.o)
    0x08005c40   0x08005c40   0x00000036   Code   RO         3139    x$fpl$ffix          fz_ws.l(ffix.o)
    0x08005c76   0x08005c76   0x00000002   PAD
    0x08005c78   0x08005c78   0x00000030   Code   RO         3144    x$fpl$fflt          fz_ws.l(fflt_clz.o)
    0x08005ca8   0x08005ca8   0x00000026   Code   RO         3143    x$fpl$ffltu         fz_ws.l(fflt_clz.o)
    0x08005cce   0x08005cce   0x00000002   PAD
    0x08005cd0   0x08005cd0   0x00000068   Code   RO         3149    x$fpl$fleqf         fz_ws.l(fleqf.o)
    0x08005d38   0x08005d38   0x00000102   Code   RO         3151    x$fpl$fmul          fz_ws.l(fmul.o)
    0x08005e3a   0x08005e3a   0x0000008c   Code   RO         3209    x$fpl$fnaninf       fz_ws.l(fnaninf.o)
    0x08005ec6   0x08005ec6   0x0000000a   Code   RO         3211    x$fpl$fretinf       fz_ws.l(fretinf.o)
    0x08005ed0   0x08005ed0   0x00000062   Code   RO         3153    x$fpl$frleqf        fz_ws.l(frleqf.o)
    0x08005f32   0x08005f32   0x00000014   Code   RO         3130    x$fpl$frsb          fz_ws.l(faddsub_clz.o)
    0x08005f46   0x08005f46   0x00000002   PAD
    0x08005f48   0x08005f48   0x000000ea   Code   RO         3131    x$fpl$fsub          fz_ws.l(faddsub_clz.o)
    0x08006032   0x08006032   0x00000004   Code   RO         3155    x$fpl$printf1       fz_ws.l(printf1.o)
    0x08006036   0x08006036   0x00000064   Code   RO         3404    x$fpl$retnan        fz_ws.l(retnan.o)
    0x0800609a   0x0800609a   0x0000005c   Code   RO         3328    x$fpl$scalbn        fz_ws.l(scalbn.o)
    0x080060f6   0x080060f6   0x00000030   Code   RO         3417    x$fpl$trapveneer    fz_ws.l(trapv.o)
    0x08006126   0x08006126   0x00000000   Code   RO         3213    x$fpl$usenofp       fz_ws.l(usenofp.o)
    0x08006126   0x08006126   0x00000012   Data   RO         1663    .constdata          stm32f1xx_hal_rcc.o
    0x08006138   0x08006138   0x00000010   Data   RO         2817    .constdata          system_stm32f1xx.o
    0x08006148   0x08006148   0x00000008   Data   RO         2818    .constdata          system_stm32f1xx.o
    0x08006150   0x08006150   0x000000c0   Data   RO         2991    .constdata          servo.o
    0x08006210   0x08006210   0x00000098   Data   RO         3216    .constdata          m_ws.l(atan.o)
    0x080062a8   0x080062a8   0x00000030   Data   RO         3225    .constdata          m_ws.l(cos_i.o)
    0x080062d8   0x080062d8   0x00000008   Data   RO         3241    .constdata          m_ws.l(qnan.o)
    0x080062e0   0x080062e0   0x000000c8   Data   RO         3244    .constdata          m_ws.l(rred.o)
    0x080063a8   0x080063a8   0x00000028   Data   RO         3248    .constdata          m_ws.l(sin_i.o)
    0x080063d0   0x080063d0   0x00000094   Data   RO         3285    .constdata          c_w.l(bigflt0.o)
    0x08006464   0x08006464   0x00000020   Data   RO         3479    Region$$Table       anon$$obj.o
    0x08006484   0x08006484   0x0000001c   Data   RO         3313    locale$$data        c_w.l(lc_numeric_c.o)


    Execution Region RW_IRAM1 (Exec base: 0x20000000, Load base: 0x080064a0, Size: 0x00000a00, Max: 0x0000c000, ABSOLUTE)

    Exec Addr    Load Addr    Size         Type   Attr      Idx    E Section Name        Object

    0x20000000   0x080064a0   0x0000000c   Data   RW         1500    .data               stm32f1xx_hal.o
    0x2000000c   0x080064ac   0x00000004   Data   RW         2819    .data               system_stm32f1xx.o
    0x20000010   0x080064b0   0x00000001   Data   RW         2922    .data               vision.o
    0x20000011   0x080064b1   0x00000003   PAD
    0x20000014   0x080064b4   0x00000004   Data   RW         2923    .data               vision.o
    0x20000018   0x080064b8   0x00000002   Data   RW         2992    .data               servo.o
    0x2000001a   0x080064ba   0x00000002   PAD
    0x2000001c        -       0x00000048   Zero   RW          225    .bss                tim.o
    0x20000064        -       0x000001ac   Zero   RW          271    .bss                usart.o
    0x20000210        -       0x0000001c   Zero   RW         2852    .bss                pid.o
    0x2000022c        -       0x0000001c   Zero   RW         2853    .bss                pid.o
    0x20000248        -       0x0000001c   Zero   RW         2854    .bss                pid.o
    0x20000264        -       0x00000054   Zero   RW         2855    .bss                pid.o
    0x200002b8        -       0x00000028   Zero   RW         2921    .bss                vision.o
    0x200002e0        -       0x000000bc   Zero   RW         2990    .bss                servo.o
    0x2000039c        -       0x00000060   Zero   RW         3335    .bss                c_w.l(libspace.o)
    0x200003fc   0x080064ba   0x00000004   PAD
    0x20000400        -       0x00000200   Zero   RW            2    HEAP                startup_stm32f103xe.o
    0x20000600        -       0x00000400   Zero   RW            1    STACK               startup_stm32f103xe.o


==============================================================================

Image component sizes


      Code (inc. data)   RO Data    RW Data    ZI Data      Debug   Object Name

        44          4          0          0          0        706   dma.o
        76          6          0          0          0        803   gpio.o
       276         10          0          0          0       1496   laser.o
       310         18          0          0          0     487492   main.o
       250         26          0          0        168       2136   pid.o
      3430        290        192          2        188       9096   servo.o
        64         26        304          0       1536        784   startup_stm32f103xe.o
       164         28          0         12          0       6305   stm32f1xx_hal.o
       198         14          0          0          0      28775   stm32f1xx_hal_cortex.o
      1236         52          0          0          0       4938   stm32f1xx_hal_dma.o
       504         42          0          0          0       2224   stm32f1xx_hal_gpio.o
        60          8          0          0          0        818   stm32f1xx_hal_msp.o
      1240         84         18          0          0       4956   stm32f1xx_hal_rcc.o
       598         20          0          0          0       6209   stm32f1xx_hal_tim.o
       128         20          0          0          0       2297   stm32f1xx_hal_tim_ex.o
      2026         24          0          0          0      14725   stm32f1xx_hal_uart.o
        92         36          0          0          0       6098   stm32f1xx_it.o
         2          0         24          4          0       1035   system_stm32f1xx.o
       128         20          0          0         72       1462   tim.o
       844         90          0          0        428       4272   usart.o
       246         36          0          5         40       4374   vision.o

    ----------------------------------------------------------------------
     11932        854        570         28       2432     591001   Object Totals
         0          0         32          0          0          0   (incl. Generated)
        16          0          0          5          0          0   (incl. Padding)

    ----------------------------------------------------------------------

      Code (inc. data)   RO Data    RW Data    ZI Data      Debug   Library Member Name

         8          0          0          0          0         68   __main.o
       104          0          0          0          0         84   __printf.o
         0          0          0          0          0          0   __rtentry.o
        12          0          0          0          0          0   __rtentry2.o
         6          0          0          0          0          0   __rtentry4.o
        52          8          0          0          0          0   __scatter.o
        26          0          0          0          0          0   __scatter_copy.o
        28          0          0          0          0          0   __scatter_zi.o
        48          6          0          0          0         96   _printf_char_common.o
        36          4          0          0          0         80   _printf_char_file.o
         6          0          0          0          0          0   _printf_d.o
       120         16          0          0          0         92   _printf_dec.o
         6          0          0          0          0          0   _printf_f.o
      1054          0          0          0          0        216   _printf_fp_dec.o
       128         16          0          0          0         84   _printf_fp_infnan.o
       178          0          0          0          0         88   _printf_intcommon.o
         0          0          0          0          0          0   _printf_percent.o
         4          0          0          0          0          0   _printf_percent_end.o
        22          0          0          0          0        100   _rserrno.o
       228          4        148          0          0         96   bigflt0.o
      1936        128          0          0          0        672   btod.o
        18          0          0          0          0         80   exit.o
         8          0          0          0          0         68   ferror.o
         6          0          0          0          0        152   heapauxi.o
        44         10         28          0          0         76   lc_numeric_c.o
         2          0          0          0          0          0   libinit.o
        18          0          0          0          0          0   libinit2.o
         2          0          0          0          0          0   libshutdown.o
         2          0          0          0          0          0   libshutdown2.o
         8          4          0          0         96         68   libspace.o
       138          0          0          0          0         80   lludiv10.o
        24          4          0          0          0         84   noretval__2printf.o
         8          4          0          0          0         68   rt_errno_addr_intlibspace.o
         8          4          0          0          0         68   rt_locale_intlibspace.o
        78          0          0          0          0         80   rt_memclr_w.o
       100          0          0          0          0         80   rt_memcpy_w.o
         2          0          0          0          0          0   rtexit.o
        10          0          0          0          0          0   rtexit2.o
       128          0          0          0          0         68   strcmpv7m.o
        74          0          0          0          0         80   sys_stackheap_outer.o
        98          4          0          0          0         92   d2f.o
       826         16          0          0          0        348   daddsub_clz.o
        16          4          0          0          0         68   dcheck1.o
        24          0          0          0          0         68   dcmpi.o
       688        140          0          0          0        208   ddiv.o
        94          4          0          0          0         92   dfix.o
        84          0          0          0          0        136   dflt_clz.o
       120          4          0          0          0         92   dleqf.o
       340         12          0          0          0        104   dmul.o
       156          4          0          0          0         92   dnaninf.o
        12          0          0          0          0         68   dretinf.o
       108          0          0          0          0         80   drleqf.o
       460         56          0          0          0        120   dsqrt_noumaal.o
        86          4          0          0          0         84   f2d.o
       450          8          0          0          0        236   faddsub_clz.o
        24          0          0          0          0         68   fcmpi.o
       388         76          0          0          0         96   fdiv.o
        54          4          0          0          0         84   ffix.o
        86          0          0          0          0        136   fflt_clz.o
       104          4          0          0          0         84   fleqf.o
       258          4          0          0          0         84   fmul.o
       140          4          0          0          0         84   fnaninf.o
        10          0          0          0          0         68   fretinf.o
        98          0          0          0          0         68   frleqf.o
         4          0          0          0          0         68   printf1.o
       100          0          0          0          0         68   retnan.o
        92          0          0          0          0         68   scalbn.o
        48          0          0          0          0         68   trapv.o
         0          0          0          0          0          0   usenofp.o
       544         70        152          0          0        124   atan.o
       384         38          0          0          0        144   atan2.o
       156          8          0          0          0        104   cos.o
       252         22         48          0          0        124   cos_i.o
        38          6          0          0          0        272   dunder.o
        40          0          0          0          0         68   fpclassify.o
       170          0          0          0          0         96   poly.o
         0          0          8          0          0          0   qnan.o
       904         76        200          0          0        140   rred.o
       160         10          0          0          0        108   sin.o
       236         12         40          0          0        128   sin_i.o
        76          0          0          0          0         84   sqrt.o

    ----------------------------------------------------------------------
     12634        798        624          0        100       7052   Library Totals
        26          0          0          0          4          0   (incl. Padding)

    ----------------------------------------------------------------------

      Code (inc. data)   RO Data    RW Data    ZI Data      Debug   Library Name

      4680        208        176          0         96       2728   c_w.l
      4968        348          0          0          0       2932   fz_ws.l
      2960        242        448          0          0       1392   m_ws.l

    ----------------------------------------------------------------------
     12634        798        624          0        100       7052   Library Totals

    ----------------------------------------------------------------------

==============================================================================


      Code (inc. data)   RO Data    RW Data    ZI Data      Debug   

     24566       1652       1194         28       2532     589105   Grand Totals
     24566       1652       1194         28       2532     589105   ELF Image Totals
     24566       1652       1194         28          0          0   ROM Totals

==============================================================================

    Total RO  Size (Code + RO Data)                25760 (  25.16kB)
    Total RW  Size (RW Data + ZI Data)              2560 (   2.50kB)
    Total ROM Size (Code + RO Data + RW Data)      25788 (  25.18kB)

==============================================================================

